nohup: ignoring input
Device: cuda
Tokenizer: gpt2 (vocab_size=50,257)
Dataset: HuggingFaceFW/fineweb-edu (sample-10BT)
  Streaming mode — data loaded on the fly from HuggingFace Hub
Model: 291,169,129 parameters (291.2M)
Config: d_model=768, d_latent=768, n_layers=24, n_heads=12, thought_steps=8, history_len=8, nlm_hidden=64, nlm_groups=1

======================================================================
Starting training for 2,441,406 steps
Target: ~1.2B tokens from FineWeb-Edu
======================================================================

Step      0 | loss 10.9700 | lr 0.00e+00 | grad 3.11 | 0.3k tok/s | cert -10.67→-10.67 | ticks [0.000 0.000 0.000 0.000 0.000 0.000 0.000 10.970] | 0M tok | ETA 11878.2h
Step     10 | loss 10.9601 | lr 1.50e-06 | grad 2.97 | 0.4k tok/s | cert -10.67→-10.67 | ticks [0.000 0.000 0.000 0.000 0.000 0.000 0.000 10.942] | 0M tok | ETA 2818.2h
Step     20 | loss 10.9621 | lr 3.00e-06 | grad 2.75 | 0.4k tok/s | cert -10.67→-10.67 | ticks [0.000 0.000 0.000 0.000 0.000 0.000 0.000 10.965] | 0M tok | ETA 1856.2h
Step     30 | loss 10.9524 | lr 4.50e-06 | grad 3.02 | 0.4k tok/s | cert -10.67→-10.67 | ticks [0.000 0.000 0.000 0.000 0.000 0.000 0.000 10.942] | 0M tok | ETA 1534.5h
Step     40 | loss 10.9413 | lr 6.00e-06 | grad 2.95 | 0.4k tok/s | cert -10.67→-10.67 | ticks [0.000 0.000 0.000 0.000 0.000 0.000 0.000 10.904] | 0M tok | ETA 1373.6h
Step     50 | loss 10.9259 | lr 7.50e-06 | grad 2.66 | 0.4k tok/s | cert -10.67→-10.67 | ticks [0.000 0.000 0.000 0.000 0.000 0.000 0.000 10.969] | 0M tok | ETA 1277.0h
Step     60 | loss 10.9127 | lr 9.00e-06 | grad 2.80 | 0.4k tok/s | cert -10.67→-10.67 | ticks [0.000 0.000 0.000 0.000 0.000 0.000 0.000 10.913] | 0M tok | ETA 1213.0h
Step     70 | loss 10.8798 | lr 1.05e-05 | grad 2.75 | 0.4k tok/s | cert -10.67→-10.67 | ticks [0.000 0.000 0.000 0.000 0.000 0.000 0.000 10.878] | 0M tok | ETA 1167.4h
Step     80 | loss 10.8501 | lr 1.20e-05 | grad 3.23 | 0.4k tok/s | cert -10.67→-10.67 | ticks [0.000 0.000 0.000 0.000 0.000 0.000 0.000 10.860] | 0M tok | ETA 1133.0h
Step     90 | loss 10.8354 | lr 1.35e-05 | grad 3.06 | 0.4k tok/s | cert -10.67→-10.67 | ticks [0.000 0.000 0.000 0.000 0.000 0.000 0.000 10.817] | 0M tok | ETA 1106.3h
Step    100 | loss 10.7215 | lr 1.50e-05 | grad 3.00 | 0.4k tok/s | cert -10.67→-10.67 | ticks [0.000 0.000 0.000 0.000 0.000 0.000 0.000 10.697] | 0M tok | ETA 1085.5h
Step    110 | loss 10.6791 | lr 1.65e-05 | grad 3.12 | 0.4k tok/s | cert -10.67→-10.67 | ticks [0.000 0.000 0.000 0.000 0.000 0.000 0.000 10.580] | 0M tok | ETA 1068.8h
Step    120 | loss 10.5706 | lr 1.80e-05 | grad 3.41 | 0.4k tok/s | cert -10.67→-10.67 | ticks [0.000 0.000 0.000 0.000 0.000 0.000 0.000 10.531] | 0M tok | ETA 1054.3h
Step    130 | loss 10.4529 | lr 1.95e-05 | grad 3.28 | 0.4k tok/s | cert -10.67→-10.67 | ticks [0.000 0.000 0.000 0.000 0.000 0.000 0.000 10.422] | 0M tok | ETA 1042.5h
Step    140 | loss 10.3642 | lr 2.10e-05 | grad 3.78 | 0.4k tok/s | cert -10.67→-10.67 | ticks [0.000 0.000 0.000 0.000 0.000 0.000 0.000 10.298] | 0M tok | ETA 1031.9h
Step    150 | loss 10.2153 | lr 2.25e-05 | grad 3.38 | 0.4k tok/s | cert -10.67→-10.67 | ticks [0.000 0.000 0.000 0.000 0.000 0.000 0.000 10.204] | 0M tok | ETA 1022.7h
Step    160 | loss 10.1449 | lr 2.40e-05 | grad 2.97 | 0.4k tok/s | cert -10.67→-10.66 | ticks [0.000 0.000 0.000 0.000 0.000 0.000 0.000 10.033] | 0M tok | ETA 1014.7h
Step    170 | loss 10.0307 | lr 2.55e-05 | grad 3.50 | 0.4k tok/s | cert -10.67→-10.66 | ticks [0.000 0.000 0.000 0.000 0.000 0.000 0.000 10.058] | 0M tok | ETA 1007.6h
Step    180 | loss 9.9829 | lr 2.70e-05 | grad 3.45 | 0.4k tok/s | cert -10.67→-10.66 | ticks [0.000 0.000 0.000 0.000 0.000 0.000 0.000 9.893] | 0M tok | ETA 1001.2h
Step    190 | loss 9.8658 | lr 2.85e-05 | grad 3.64 | 0.4k tok/s | cert -10.67→-10.65 | ticks [0.000 0.000 0.000 0.000 0.000 0.000 0.000 9.911] | 0M tok | ETA 995.5h
Step    200 | loss 9.7989 | lr 3.00e-05 | grad 3.23 | 0.4k tok/s | cert -10.67→-10.64 | ticks [0.000 0.000 0.000 0.000 0.000 0.000 0.000 9.843] | 0M tok | ETA 990.4h
Step    210 | loss 9.7207 | lr 3.15e-05 | grad 2.97 | 0.4k tok/s | cert -10.66→-10.63 | ticks [0.000 0.000 0.000 0.000 0.000 0.000 0.000 9.642] | 0M tok | ETA 985.8h
Step    220 | loss 9.6951 | lr 3.30e-05 | grad 3.05 | 0.4k tok/s | cert -10.65→-10.60 | ticks [0.000 0.000 0.000 0.000 0.000 0.000 0.000 9.715] | 0M tok | ETA 981.6h
Step    230 | loss 9.5801 | lr 3.45e-05 | grad 2.84 | 0.4k tok/s | cert -10.65→-10.59 | ticks [0.000 0.000 0.000 0.000 0.000 0.000 0.000 9.479] | 0M tok | ETA 977.8h
Step    240 | loss 9.6088 | lr 3.60e-05 | grad 4.62 | 0.4k tok/s | cert -10.63→-10.56 | ticks [0.000 0.000 0.000 0.000 0.000 0.000 0.000 9.255] | 0M tok | ETA 974.3h
Step    250 | loss 9.4038 | lr 3.75e-05 | grad 2.81 | 0.4k tok/s | cert -10.61→-10.50 | ticks [0.000 0.000 0.000 0.000 0.000 0.000 0.000 9.282] | 0M tok | ETA 971.2h
Step    260 | loss 9.1070 | lr 3.90e-05 | grad 3.27 | 0.4k tok/s | cert -10.58→-10.44 | ticks [0.000 0.000 0.000 0.000 0.000 0.000 0.000 8.881] | 0M tok | ETA 968.3h
Step    270 | loss 9.0736 | lr 4.05e-05 | grad 3.44 | 0.4k tok/s | cert -10.54→-10.35 | ticks [0.000 0.000 0.000 0.000 0.000 0.000 0.000 8.717] | 0M tok | ETA 965.5h
Step    280 | loss 8.8273 | lr 4.20e-05 | grad 3.08 | 0.4k tok/s | cert -10.48→-10.25 | ticks [0.000 0.000 0.000 0.000 0.000 0.000 0.000 8.893] | 0M tok | ETA 962.9h
Step    290 | loss 8.7338 | lr 4.35e-05 | grad 3.34 | 0.4k tok/s | cert -10.39→-10.14 | ticks [0.000 0.000 0.000 0.000 0.000 0.000 0.000 8.370] | 0M tok | ETA 960.6h
Step    300 | loss 8.6625 | lr 4.50e-05 | grad 3.19 | 0.4k tok/s | cert -10.30→-10.05 | ticks [0.000 0.000 0.000 0.000 0.000 0.000 0.000 8.486] | 0M tok | ETA 958.4h
Step    310 | loss 8.6230 | lr 4.65e-05 | grad 2.31 | 0.4k tok/s | cert -10.21→-9.94 | ticks [0.000 0.000 0.000 0.000 0.000 0.000 0.000 8.570] | 0M tok | ETA 956.6h
Step    320 | loss 8.5774 | lr 4.80e-05 | grad 2.14 | 0.4k tok/s | cert -10.06→-9.74 | ticks [0.000 0.000 0.000 0.000 0.000 0.000 0.000 8.416] | 0M tok | ETA 954.8h
Step    330 | loss 8.3691 | lr 4.95e-05 | grad 2.58 | 0.4k tok/s | cert -9.89→-9.49 | ticks [0.000 0.000 0.000 0.000 0.000 0.000 0.000 8.070] | 0M tok | ETA 953.0h
Step    340 | loss 8.1999 | lr 5.10e-05 | grad 2.30 | 0.4k tok/s | cert -9.81→-9.42 | ticks [0.000 0.000 0.000 0.000 0.000 0.000 0.000 8.211] | 0M tok | ETA 951.3h
Step    350 | loss 8.1185 | lr 5.25e-05 | grad 2.59 | 0.4k tok/s | cert -9.50→-9.16 | ticks [0.000 0.000 0.000 0.000 0.000 0.000 0.000 8.251] | 0M tok | ETA 949.7h
Step    360 | loss 7.9518 | lr 5.40e-05 | grad 1.97 | 0.4k tok/s | cert -9.37→-8.95 | ticks [0.000 0.000 0.000 0.000 0.000 0.000 0.000 7.941] | 0M tok | ETA 948.2h
Step    370 | loss 8.1186 | lr 5.55e-05 | grad 1.91 | 0.4k tok/s | cert -9.21→-8.89 | ticks [0.000 0.000 0.000 0.000 0.000 0.000 0.000 7.947] | 0M tok | ETA 946.7h
Step    380 | loss 8.0686 | lr 5.70e-05 | grad 2.23 | 0.4k tok/s | cert -9.03→-8.67 | ticks [0.000 0.000 0.000 0.000 0.000 0.000 0.000 8.363] | 0M tok | ETA 945.3h
Step    390 | loss 7.9977 | lr 5.85e-05 | grad 2.22 | 0.4k tok/s | cert -8.83→-8.53 | ticks [0.000 0.000 0.000 0.000 0.000 0.000 0.000 8.249] | 0M tok | ETA 944.1h
Step    400 | loss 7.9562 | lr 6.00e-05 | grad 2.14 | 0.4k tok/s | cert -8.79→-8.63 | ticks [0.000 0.000 0.000 0.000 0.000 0.000 0.000 7.749] | 0M tok | ETA 942.9h
Step    410 | loss 7.7468 | lr 6.15e-05 | grad 2.08 | 0.4k tok/s | cert -8.46→-8.27 | ticks [0.000 0.000 0.000 0.000 0.000 0.000 0.000 7.886] | 0M tok | ETA 941.7h
Step    420 | loss 7.7591 | lr 6.30e-05 | grad 1.99 | 0.4k tok/s | cert -8.40→-8.21 | ticks [0.000 0.000 0.000 0.000 0.000 0.000 0.000 7.794] | 0M tok | ETA 940.6h
Step    430 | loss 7.6295 | lr 6.45e-05 | grad 2.19 | 0.4k tok/s | cert -8.24→-8.10 | ticks [0.000 0.000 0.000 0.000 0.000 0.000 0.000 7.304] | 0M tok | ETA 939.6h
Step    440 | loss 7.7478 | lr 6.60e-05 | grad 2.06 | 0.4k tok/s | cert -8.16→-8.06 | ticks [0.000 0.000 0.000 0.000 0.000 0.000 0.000 7.330] | 0M tok | ETA 938.6h
Step    450 | loss 7.7695 | lr 6.75e-05 | grad 1.75 | 0.4k tok/s | cert -8.14→-8.11 | ticks [0.000 0.000 0.000 0.000 0.000 0.000 0.000 7.355] | 0M tok | ETA 937.7h
Step    460 | loss 7.7132 | lr 6.90e-05 | grad 2.14 | 0.4k tok/s | cert -7.93→-7.90 | ticks [0.000 0.000 0.000 0.000 0.000 0.000 0.000 8.202] | 0M tok | ETA 936.8h
Step    470 | loss 7.6665 | lr 7.05e-05 | grad 2.33 | 0.4k tok/s | cert -7.75→-7.71 | ticks [0.000 0.000 0.000 0.000 0.000 0.000 0.000 7.934] | 0M tok | ETA 935.9h
Step    480 | loss 7.7994 | lr 7.20e-05 | grad 2.41 | 0.4k tok/s | cert -7.91→-7.81 | ticks [0.000 0.000 0.000 0.000 0.000 0.000 0.000 8.359] | 0M tok | ETA 935.1h
Step    490 | loss 7.5193 | lr 7.35e-05 | grad 2.08 | 0.4k tok/s | cert -7.59→-7.62 | ticks [0.000 0.000 0.000 0.000 0.000 0.000 0.000 7.610] | 0M tok | ETA 934.4h
Step    500 | loss 7.3929 | lr 7.50e-05 | grad 2.30 | 0.4k tok/s | cert -7.57→-7.55 | ticks [0.000 0.000 0.000 0.000 0.000 0.000 0.000 7.412] | 0M tok | ETA 933.6h
Step    510 | loss 7.6401 | lr 7.65e-05 | grad 2.03 | 0.4k tok/s | cert -7.52→-7.61 | ticks [0.000 0.000 0.000 0.000 0.000 0.000 0.000 7.918] | 0M tok | ETA 932.8h
Step    520 | loss 7.4708 | lr 7.80e-05 | grad 1.87 | 0.4k tok/s | cert -7.32→-7.44 | ticks [0.000 0.000 0.000 0.000 0.000 0.000 0.000 7.501] | 0M tok | ETA 932.1h
Step    530 | loss 7.0833 | lr 7.95e-05 | grad 2.06 | 0.4k tok/s | cert -7.06→-7.14 | ticks [0.000 0.000 0.000 0.000 0.000 0.000 0.000 7.274] | 0M tok | ETA 931.4h
Step    540 | loss 7.1559 | lr 8.10e-05 | grad 1.95 | 0.4k tok/s | cert -7.24→-7.38 | ticks [0.000 0.000 0.000 0.000 0.000 0.000 0.000 7.677] | 0M tok | ETA 930.9h
Step    550 | loss 7.0693 | lr 8.25e-05 | grad 2.47 | 0.4k tok/s | cert -7.16→-7.19 | ticks [0.000 0.000 0.000 0.000 0.000 0.000 0.000 7.688] | 0M tok | ETA 930.3h
Step    560 | loss 7.3002 | lr 8.40e-05 | grad 2.23 | 0.4k tok/s | cert -7.25→-7.35 | ticks [0.000 0.000 0.000 0.000 0.000 0.000 0.000 7.516] | 0M tok | ETA 929.7h
Step    570 | loss 7.2043 | lr 8.55e-05 | grad 2.38 | 0.4k tok/s | cert -7.01→-7.15 | ticks [0.000 0.000 0.000 0.000 0.000 0.000 0.000 8.198] | 0M tok | ETA 929.0h
Step    580 | loss 7.2382 | lr 8.70e-05 | grad 2.47 | 0.4k tok/s | cert -7.20→-7.42 | ticks [0.000 0.000 0.000 0.000 0.000 0.000 0.000 7.659] | 0M tok | ETA 928.4h
Step    590 | loss 7.5425 | lr 8.85e-05 | grad 2.61 | 0.4k tok/s | cert -7.36→-7.77 | ticks [0.000 0.000 0.000 0.000 0.000 0.000 0.000 7.965] | 0M tok | ETA 927.8h
Step    600 | loss 7.8495 | lr 9.00e-05 | grad 2.64 | 0.4k tok/s | cert -7.51→-7.77 | ticks [0.000 0.000 0.000 0.000 0.000 0.000 0.000 7.636] | 0M tok | ETA 927.2h
Step    610 | loss 7.9474 | lr 9.15e-05 | grad 2.66 | 0.4k tok/s | cert -7.78→-7.87 | ticks [0.000 0.000 0.000 0.000 0.000 0.000 0.000 8.053] | 0M tok | ETA 926.6h
Step    620 | loss 7.8217 | lr 9.30e-05 | grad 2.64 | 0.4k tok/s | cert -8.43→-8.43 | ticks [0.000 0.000 0.000 0.000 0.000 0.000 0.000 7.559] | 0M tok | ETA 926.1h
Step    630 | loss 7.7595 | lr 9.45e-05 | grad 2.47 | 0.4k tok/s | cert -7.81→-7.84 | ticks [0.000 0.000 0.000 0.000 0.000 0.000 0.000 7.565] | 0M tok | ETA 925.5h
Step    640 | loss 7.7512 | lr 9.60e-05 | grad 2.91 | 0.4k tok/s | cert -7.64→-7.65 | ticks [0.000 0.000 0.000 0.000 0.000 0.000 0.000 7.610] | 0M tok | ETA 925.0h
Step    650 | loss 7.5178 | lr 9.75e-05 | grad 3.17 | 0.4k tok/s | cert -6.93→-6.99 | ticks [0.000 0.000 0.000 0.000 0.000 0.000 0.000 7.684] | 0M tok | ETA 924.6h
Step    660 | loss 7.3945 | lr 9.90e-05 | grad 2.56 | 0.4k tok/s | cert -7.36→-7.09 | ticks [0.000 0.000 0.000 0.000 0.000 0.000 0.000 7.363] | 0M tok | ETA 924.1h
Step    670 | loss 7.5782 | lr 1.00e-04 | grad 2.94 | 0.4k tok/s | cert -6.88→-6.91 | ticks [0.000 0.000 0.000 0.000 0.000 0.000 0.000 7.090] | 0M tok | ETA 923.7h
Step    680 | loss 7.5838 | lr 1.02e-04 | grad 2.44 | 0.4k tok/s | cert -7.87→-7.89 | ticks [0.000 0.000 0.000 0.000 0.000 0.000 0.000 7.525] | 0M tok | ETA 923.3h
Step    690 | loss 7.4391 | lr 1.03e-04 | grad 2.05 | 0.4k tok/s | cert -7.50→-7.45 | ticks [0.000 0.000 0.000 0.000 0.000 0.000 0.000 7.386] | 0M tok | ETA 922.9h
Step    700 | loss 7.5771 | lr 1.05e-04 | grad 3.88 | 0.4k tok/s | cert -7.62→-7.50 | ticks [0.000 0.000 0.000 0.000 0.000 0.000 0.000 8.023] | 0M tok | ETA 922.5h
Step    710 | loss 7.5020 | lr 1.07e-04 | grad 2.97 | 0.4k tok/s | cert -7.11→-6.96 | ticks [0.000 0.000 0.000 0.000 0.000 0.000 0.000 8.294] | 0M tok | ETA 922.1h
Step    720 | loss 7.4003 | lr 1.08e-04 | grad 2.81 | 0.4k tok/s | cert -6.90→-6.86 | ticks [0.000 0.000 0.000 0.000 0.000 0.000 0.000 7.725] | 0M tok | ETA 921.7h
