Spawning 2 workers...
archlinux:1579255:1579255 [0] NCCL INFO ENV/Plugin: Could not find: libnccl-env.so
archlinux:1579255:1579255 [0] NCCL INFO Bootstrap: Using enp11s0:192.168.86.31<0>
archlinux:1579255:1579255 [0] NCCL INFO cudaDriverVersion 13020
archlinux:1579255:1579255 [0] NCCL INFO NCCL version 2.28.9+cuda13.0
archlinux:1579256:1579256 [1] NCCL INFO ENV/Plugin: Could not find: libnccl-env.so
archlinux:1579256:1579256 [1] NCCL INFO cudaDriverVersion 13020
archlinux:1579256:1579256 [1] NCCL INFO Bootstrap: Using enp11s0:192.168.86.31<0>
archlinux:1579256:1579256 [1] NCCL INFO NCCL version 2.28.9+cuda13.0
archlinux:1579255:1579255 [0] NCCL INFO Comm config Blocking set to 1
archlinux:1579256:1579256 [1] NCCL INFO Comm config Blocking set to 1
archlinux:1579255:1579255 [0] NCCL INFO NET/Plugin: Could not find: libnccl-net.so
archlinux:1579255:1579255 [0] NCCL INFO NET/IB : No device found.
archlinux:1579255:1579255 [0] NCCL INFO NET/IB : Using [RO]; OOB enp11s0:192.168.86.31<0>
archlinux:1579255:1579255 [0] NCCL INFO Failed to initialize NET plugin IB
archlinux:1579255:1579255 [0] NCCL INFO NET/Socket : Using [0]enp11s0:192.168.86.31<0> [1]tailscale0:100.117.13.102<0>
archlinux:1579255:1579255 [0] NCCL INFO Initialized NET plugin Socket
archlinux:1579255:1579255 [0] NCCL INFO Assigned NET plugin Socket to comm
archlinux:1579255:1579255 [0] NCCL INFO Using network Socket
archlinux:1579255:1579255 [0] NCCL INFO ncclCommInitRankConfig comm 0x560788aede50 rank 0 nranks 2 cudaDev 0 nvmlDev 0 busId 1000 commId 0xa302b9b6855880ae - Init START
archlinux:1579256:1579256 [1] NCCL INFO NET/Plugin: Could not find: libnccl-net.so
archlinux:1579256:1579256 [1] NCCL INFO NET/IB : No device found.
archlinux:1579256:1579256 [1] NCCL INFO NET/IB : Using [RO]; OOB enp11s0:192.168.86.31<0>
archlinux:1579256:1579256 [1] NCCL INFO Failed to initialize NET plugin IB
archlinux:1579256:1579256 [1] NCCL INFO NET/Socket : Using [0]enp11s0:192.168.86.31<0> [1]tailscale0:100.117.13.102<0>
archlinux:1579256:1579256 [1] NCCL INFO Initialized NET plugin Socket
archlinux:1579256:1579256 [1] NCCL INFO Assigned NET plugin Socket to comm
archlinux:1579256:1579256 [1] NCCL INFO Using network Socket
archlinux:1579256:1579256 [1] NCCL INFO ncclCommInitRankConfig comm 0x55655546cfe0 rank 1 nranks 2 cudaDev 1 nvmlDev 1 busId a000 commId 0xa302b9b6855880ae - Init START
archlinux:1579256:1579256 [1] NCCL INFO RAS client listening socket at ::1<28028>
archlinux:1579255:1579255 [0] NCCL INFO RAS client listening socket at ::1<28028>
archlinux:1579255:1579255 [0] NCCL INFO Bootstrap timings total 0.065595 (create 0.000015, send 0.000076, recv 0.063838, ring 0.000017, delay 0.000000)
archlinux:1579256:1579256 [1] NCCL INFO Bootstrap timings total 0.001836 (create 0.000015, send 0.000071, recv 0.000101, ring 0.000061, delay 0.000000)
archlinux:1579256:1579256 [1] NCCL INFO P2P is disabled between connected GPUs 1 and 0. You can repress this message with NCCL_IGNORE_DISABLED_P2P=1.
archlinux:1579256:1579256 [1] NCCL INFO P2P is disabled between connected GPUs 1 and 0. You can repress this message with NCCL_IGNORE_DISABLED_P2P=1.
archlinux:1579256:1579256 [1] NCCL INFO P2P is disabled between connected GPUs 0 and 1. You can repress this message with NCCL_IGNORE_DISABLED_P2P=1.
archlinux:1579256:1579256 [1] NCCL INFO P2P is disabled between connected GPUs 0 and 1. You can repress this message with NCCL_IGNORE_DISABLED_P2P=1.
archlinux:1579256:1579256 [1] NCCL INFO P2P is disabled between connected GPUs 1 and 0. You can repress this message with NCCL_IGNORE_DISABLED_P2P=1.
archlinux:1579256:1579256 [1] NCCL INFO P2P is disabled between connected GPUs 1 and 0. You can repress this message with NCCL_IGNORE_DISABLED_P2P=1.
archlinux:1579256:1579256 [1] NCCL INFO P2P is disabled between connected GPUs 0 and 1. You can repress this message with NCCL_IGNORE_DISABLED_P2P=1.
archlinux:1579256:1579256 [1] NCCL INFO P2P is disabled between connected GPUs 0 and 1. You can repress this message with NCCL_IGNORE_DISABLED_P2P=1.
archlinux:1579256:1579256 [1] NCCL INFO ncclTopoGetCpuAffinity: Affinity for GPU 1 is empty, ignoring. (GPU affinity =  ; CPU affinity = 0-31).
archlinux:1579256:1579256 [1] NCCL INFO NVLS multicast support is not available on dev 1 (NVLS_NCHANNELS 0)
archlinux:1579255:1579255 [0] NCCL INFO P2P is disabled between connected GPUs 1 and 0. You can repress this message with NCCL_IGNORE_DISABLED_P2P=1.
archlinux:1579255:1579255 [0] NCCL INFO P2P is disabled between connected GPUs 1 and 0. You can repress this message with NCCL_IGNORE_DISABLED_P2P=1.
archlinux:1579255:1579255 [0] NCCL INFO P2P is disabled between connected GPUs 0 and 1. You can repress this message with NCCL_IGNORE_DISABLED_P2P=1.
archlinux:1579255:1579255 [0] NCCL INFO P2P is disabled between connected GPUs 0 and 1. You can repress this message with NCCL_IGNORE_DISABLED_P2P=1.
archlinux:1579255:1579255 [0] NCCL INFO P2P is disabled between connected GPUs 1 and 0. You can repress this message with NCCL_IGNORE_DISABLED_P2P=1.
archlinux:1579255:1579255 [0] NCCL INFO P2P is disabled between connected GPUs 1 and 0. You can repress this message with NCCL_IGNORE_DISABLED_P2P=1.
archlinux:1579255:1579255 [0] NCCL INFO P2P is disabled between connected GPUs 0 and 1. You can repress this message with NCCL_IGNORE_DISABLED_P2P=1.
archlinux:1579255:1579255 [0] NCCL INFO P2P is disabled between connected GPUs 0 and 1. You can repress this message with NCCL_IGNORE_DISABLED_P2P=1.
archlinux:1579255:1579255 [0] NCCL INFO ncclTopoGetCpuAffinity: Affinity for GPU 0 is empty, ignoring. (GPU affinity =  ; CPU affinity = 0-31).
archlinux:1579255:1579255 [0] NCCL INFO NVLS multicast support is not available on dev 0 (NVLS_NCHANNELS 0)
archlinux:1579256:1579256 [1] NCCL INFO comm 0x55655546cfe0 rank 1 nRanks 2 nNodes 1 localRanks 2 localRank 1 MNNVL 0
archlinux:1579255:1579255 [0] NCCL INFO comm 0x560788aede50 rank 0 nRanks 2 nNodes 1 localRanks 2 localRank 0 MNNVL 0
archlinux:1579256:1579256 [1] NCCL INFO Trees [0] -1/-1/-1->1->0 [1] -1/-1/-1->1->0
archlinux:1579255:1579255 [0] NCCL INFO Channel 00/02 : 0 1
archlinux:1579256:1579256 [1] NCCL INFO P2P Chunksize set to 131072
archlinux:1579255:1579255 [0] NCCL INFO Channel 01/02 : 0 1
archlinux:1579255:1579255 [0] NCCL INFO Trees [0] 1/-1/-1->0->-1 [1] 1/-1/-1->0->-1
archlinux:1579255:1579255 [0] NCCL INFO P2P Chunksize set to 131072
archlinux:1579256:1579256 [1] NCCL INFO PROFILER/Plugin: Could not find: libnccl-profiler.so
archlinux:1579255:1579255 [0] NCCL INFO PROFILER/Plugin: Could not find: libnccl-profiler.so
archlinux:1579256:1579256 [1] NCCL INFO P2P is disabled between connected GPUs 0 and 1. You can repress this message with NCCL_IGNORE_DISABLED_P2P=1.
archlinux:1579255:1579255 [0] NCCL INFO P2P is disabled between connected GPUs 0 and 1. You can repress this message with NCCL_IGNORE_DISABLED_P2P=1.
archlinux:1579256:1579256 [1] NCCL INFO Check P2P Type isAllDirectP2p 0 directMode 0 isAllCudaP2p 0
archlinux:1579255:1579255 [0] NCCL INFO Check P2P Type isAllDirectP2p 0 directMode 0 isAllCudaP2p 0
archlinux:1579256:1579349 [0] NCCL INFO [Proxy Service] Device 1 CPU core 19
archlinux:1579255:1579350 [0] NCCL INFO [Proxy Service UDS] Device 0 CPU core 5
archlinux:1579255:1579348 [0] NCCL INFO [Proxy Service] Device 0 CPU core 20
archlinux:1579256:1579351 [0] NCCL INFO [Proxy Service UDS] Device 1 CPU core 5
archlinux:1579255:1579255 [0] NCCL INFO TUNER/Plugin: Could not find: libnccl-tuner.so
archlinux:1579256:1579256 [1] NCCL INFO TUNER/Plugin: Could not find: libnccl-tuner.so
archlinux:1579256:1579256 [1] NCCL INFO threadThresholds 8/8/64 | 16/8/64 | 512 | 512
archlinux:1579256:1579256 [1] NCCL INFO 2 coll channels, 2 collnet channels, 0 nvls channels, 2 p2p channels, 2 p2p channels per peer
archlinux:1579255:1579255 [0] NCCL INFO threadThresholds 8/8/64 | 16/8/64 | 512 | 512
archlinux:1579255:1579255 [0] NCCL INFO 2 coll channels, 2 collnet channels, 0 nvls channels, 2 p2p channels, 2 p2p channels per peer
archlinux:1579255:1579255 [0] NCCL INFO CC Off, workFifoBytes 1048576
archlinux:1579255:1579255 [0] NCCL INFO ncclCommInitRankConfig comm 0x560788aede50 rank 0 nranks 2 cudaDev 0 nvmlDev 0 busId 1000 commId 0xa302b9b6855880ae - Init COMPLETE
archlinux:1579256:1579256 [1] NCCL INFO ncclCommInitRankConfig comm 0x55655546cfe0 rank 1 nranks 2 cudaDev 1 nvmlDev 1 busId a000 commId 0xa302b9b6855880ae - Init COMPLETE
archlinux:1579255:1579255 [0] NCCL INFO Init timings - ncclCommInitRankConfig: rank 0 nranks 2 total 0.15 (kernels 0.07, alloc 0.00, bootstrap 0.07, allgathers 0.00, topo 0.01, graphs 0.00, connections 0.00, rest 0.00)
archlinux:1579256:1579256 [1] NCCL INFO Init timings - ncclCommInitRankConfig: rank 1 nranks 2 total 0.15 (kernels 0.13, alloc 0.00, bootstrap 0.00, allgathers 0.00, topo 0.01, graphs 0.00, connections 0.00, rest 0.00)
[worker 0] Building model on cuda:0...
Model: 641.1M params × 2 workers
archlinux:1579255:1579255 [0] NCCL INFO P2P is disabled between connected GPUs 0 and 1. You can repress this message with NCCL_IGNORE_DISABLED_P2P=1.
archlinux:1579255:1579255 [0] NCCL INFO P2P is disabled between connected GPUs 0 and 1. You can repress this message with NCCL_IGNORE_DISABLED_P2P=1.
archlinux:1579255:1579255 [0] NCCL INFO P2P is disabled between connected GPUs 0 and 1. You can repress this message with NCCL_IGNORE_DISABLED_P2P=1.
archlinux:1579255:1579255 [0] NCCL INFO Channel 00 : 0[0] -> 1[1] via SHM/direct/direct
archlinux:1579255:1579255 [0] NCCL INFO P2P is disabled between connected GPUs 0 and 1. You can repress this message with NCCL_IGNORE_DISABLED_P2P=1.
archlinux:1579255:1579255 [0] NCCL INFO Channel 01 : 0[0] -> 1[1] via SHM/direct/direct
archlinux:1579256:1579256 [1] NCCL INFO P2P is disabled between connected GPUs 1 and 0. You can repress this message with NCCL_IGNORE_DISABLED_P2P=1.
archlinux:1579256:1579256 [1] NCCL INFO P2P is disabled between connected GPUs 1 and 0. You can repress this message with NCCL_IGNORE_DISABLED_P2P=1.
archlinux:1579256:1579256 [1] NCCL INFO P2P is disabled between connected GPUs 1 and 0. You can repress this message with NCCL_IGNORE_DISABLED_P2P=1.
archlinux:1579256:1579256 [1] NCCL INFO Channel 00 : 1[1] -> 0[0] via SHM/direct/direct
archlinux:1579256:1579256 [1] NCCL INFO P2P is disabled between connected GPUs 1 and 0. You can repress this message with NCCL_IGNORE_DISABLED_P2P=1.
archlinux:1579256:1579256 [1] NCCL INFO Channel 01 : 1[1] -> 0[0] via SHM/direct/direct
archlinux:1579256:1579256 [1] NCCL INFO Connected all rings, use ring PXN 0 GDR 1
archlinux:1579255:1579255 [0] NCCL INFO Connected all rings, use ring PXN 0 GDR 1
  Optimizer: AdamW8bit (8-bit moments)
[CachedTeacherDataset/train] 190 shards (of 199 total) under teacher_cache/phase1 | seq_len=512 top_k=128[CachedTeacherDataset/train] 190 shards (of 199 total) under teacher_cache/phase1 | seq_len=512 top_k=128


============================================================
CTM-Transformer Dual-GPU Training (nccl, no DDP)
  Steps: 0 → 10000000
  Batch: 2 × 512 tokens
  Thought ticks: 8
  Gradient checkpointing: True
============================================================

step      0 | T=4 | loss 23.2019 | lr 0.00e+00 | grad 0.00 | 0.6k tok/s (avg 0.6k) | cert 0.02→0.02 | ticks [12.000 11.938 11.938 11.938] | Δticks -0.062 | pc 0.984 (Δ-0.011) | hpc_loss 5.500 | F 5.469 | gate 0.900 | |M| 0.5028 | lr_eff 0.100 | w_min 0.72 | dist 10.299 | ETA 4499.5h
step     10 | T=4 | loss 27.3392 | lr 1.50e-06 | grad 0.00 | 2.4k tok/s (avg 1.7k) | cert 0.02→0.02 | ticks [12.000 12.000 12.000 12.000] | Δticks +0.000 | pc 0.970 (Δ-0.002) | hpc_loss 5.500 | F 5.500 | gate 0.900 | |M| 0.3577 | lr_eff 0.100 | w_min 0.80 | dist 14.404 | ETA 1660.1h
step     20 | T=4 | loss 19.0764 | lr 3.00e-06 | grad 9.31 | 1.2k tok/s (avg 1.4k) | cert 0.02→0.02 | ticks [11.938 11.938 11.938 11.938] | Δticks +0.000 | pc 1.001 (Δ+0.010) | hpc_loss 5.500 | F 5.469 | gate 0.900 | |M| 0.3860 | lr_eff 0.100 | w_min 0.80 | dist 6.210 | ETA 2032.3h
step     30 | T=4 | loss 26.2858 | lr 4.50e-06 | grad 9.31 | 2.3k tok/s (avg 1.6k) | cert 0.02→0.02 | ticks [12.000 12.000 12.000 12.000] | Δticks +0.000 | pc 0.977 (Δ-0.016) | hpc_loss 5.500 | F 5.469 | gate 0.900 | |M| 0.4131 | lr_eff 0.100 | w_min 0.80 | dist 13.350 | ETA 1761.5h
step     40 | T=4 | loss 25.3140 | lr 6.00e-06 | grad 9.31 | 1.2k tok/s (avg 1.5k) | cert 0.02→0.02 | ticks [12.000 12.000 12.000 12.000] | Δticks +0.000 | pc 0.991 (Δ+0.035) | hpc_loss 5.438 | F 5.438 | gate 0.900 | |M| 0.4578 | lr_eff 0.100 | w_min 0.73 | dist 12.389 | ETA 1921.9h
step     50 | T=4 | loss 20.8283 | lr 7.50e-06 | grad 8.75 | 1.2k tok/s (avg 1.4k) | cert 0.02→0.02 | ticks [12.000 12.000 12.000 12.000] | Δticks +0.000 | pc 0.961 (Δ-0.014) | hpc_loss 5.438 | F 5.438 | gate 0.900 | |M| 0.3625 | lr_eff 0.100 | w_min 0.82 | dist 7.940 | ETA 2010.0h
step     60 | T=4 | loss 21.0758 | lr 9.00e-06 | grad 8.75 | 2.3k tok/s (avg 1.5k) | cert 0.02→0.02 | ticks [12.000 12.000 12.000 12.000] | Δticks +0.000 | pc 0.984 (Δ-0.046) | hpc_loss 5.438 | F 5.438 | gate 0.900 | |M| 0.4134 | lr_eff 0.100 | w_min 0.79 | dist 8.181 | ETA 1882.0h
step     70 | T=4 | loss 20.5259 | lr 1.05e-05 | grad 7.84 | 1.1k tok/s (avg 1.4k) | cert 0.02→0.02 | ticks [12.000 12.000 12.000 12.000] | Δticks +0.000 | pc 0.989 (Δ-0.036) | hpc_loss 5.438 | F 5.438 | gate 0.900 | |M| 0.3531 | lr_eff 0.100 | w_min 0.78 | dist 7.660 | ETA 1968.1h
step     80 | T=4 | loss 20.3863 | lr 1.20e-05 | grad 7.31 | 1.2k tok/s (avg 1.4k) | cert 0.02→0.02 | ticks [12.000 12.000 12.000 12.000] | Δticks +0.000 | pc 0.949 (Δ-0.031) | hpc_loss 5.406 | F 5.406 | gate 0.900 | |M| 0.3439 | lr_eff 0.100 | w_min 0.81 | dist 7.540 | ETA 2024.1h
step     90 | T=4 | loss 20.3546 | lr 1.35e-05 | grad 7.31 | 2.3k tok/s (avg 1.5k) | cert 0.02→0.02 | ticks [12.000 12.000 12.000 12.000] | Δticks +0.000 | pc 0.929 (Δ-0.040) | hpc_loss 5.438 | F 5.438 | gate 0.900 | |M| 0.3409 | lr_eff 0.100 | w_min 0.82 | dist 7.503 | ETA 1936.6h
step    100 | T=4 | loss 19.2309 | lr 1.50e-05 | grad 8.94 | 1.2k tok/s (avg 1.4k) | cert 0.02→0.02 | ticks [12.000 11.938 11.938 12.000] | Δticks +0.000 | pc 0.931 (Δ-0.037) | hpc_loss 5.438 | F 5.438 | gate 0.900 | |M| 0.3475 | lr_eff 0.100 | w_min 0.83 | dist 6.354 | ETA 1986.0h
step    110 | T=4 | loss 22.5898 | lr 1.65e-05 | grad 8.94 | 2.3k tok/s (avg 1.5k) | cert 0.02→0.02 | ticks [12.000 12.000 12.000 12.000] | Δticks +0.000 | pc 0.941 (Δ-0.015) | hpc_loss 5.438 | F 5.438 | gate 0.900 | |M| 0.4401 | lr_eff 0.100 | w_min 0.80 | dist 9.713 | ETA 1918.0h
step    120 | T=4 | loss 17.7868 | lr 1.80e-05 | grad 10.00 | 1.2k tok/s (avg 1.5k) | cert 0.02→0.02 | ticks [12.000 12.000 12.000 12.000] | Δticks +0.000 | pc 0.928 (Δ-0.040) | hpc_loss 5.500 | F 5.500 | gate 0.900 | |M| 0.3152 | lr_eff 0.100 | w_min 0.79 | dist 4.879 | ETA 1957.8h
step    130 | T=4 | loss 18.6804 | lr 1.95e-05 | grad 8.69 | 1.3k tok/s (avg 1.4k) | cert 0.02→0.02 | ticks [12.062 12.062 12.062 12.062] | Δticks +0.000 | pc 0.954 (Δ-0.050) | hpc_loss 5.625 | F 5.625 | gate 0.900 | |M| 0.3182 | lr_eff 0.100 | w_min 0.81 | dist 5.648 | ETA 1981.9h
step    140 | T=4 | loss 23.4890 | lr 2.10e-05 | grad 8.69 | 2.3k tok/s (avg 1.5k) | cert 0.02→0.02 | ticks [12.000 12.000 12.000 12.000] | Δticks +0.000 | pc 0.934 (Δ-0.032) | hpc_loss 5.500 | F 5.500 | gate 0.900 | |M| 0.4344 | lr_eff 0.100 | w_min 0.76 | dist 10.569 | ETA 1928.9h
step    150 | T=4 | loss 19.6627 | lr 2.25e-05 | grad 8.12 | 1.2k tok/s (avg 1.4k) | cert 0.02→0.02 | ticks [12.000 12.000 11.938 12.000] | Δticks +0.000 | pc 0.914 (Δ-0.069) | hpc_loss 5.562 | F 5.562 | gate 0.900 | |M| 0.4180 | lr_eff 0.100 | w_min 0.78 | dist 6.716 | ETA 1961.8h
step    160 | T=4 | loss 27.9188 | lr 2.40e-05 | grad 7.97 | 1.3k tok/s (avg 1.4k) | cert 0.02→0.02 | ticks [11.938 11.938 11.938 11.938] | Δticks +0.000 | pc 0.940 (Δ-0.046) | hpc_loss 5.750 | F 5.750 | gate 0.900 | |M| 0.3497 | lr_eff 0.100 | w_min 0.84 | dist 14.950 | ETA 1980.4h
step    170 | T=4 | loss 17.8548 | lr 2.55e-05 | grad 7.97 | 2.3k tok/s (avg 1.5k) | cert 0.02→0.02 | ticks [12.000 12.000 12.000 12.000] | Δticks +0.000 | pc 0.942 (Δ-0.067) | hpc_loss 5.688 | F 5.688 | gate 0.900 | |M| 0.3558 | lr_eff 0.100 | w_min 0.83 | dist 4.862 | ETA 1936.9h
step    180 | T=4 | loss 19.1266 | lr 2.70e-05 | grad 7.75 | 1.2k tok/s (avg 1.4k) | cert 0.02→0.02 | ticks [12.000 12.000 12.000 12.000] | Δticks +0.000 | pc 0.936 (Δ-0.058) | hpc_loss 5.688 | F 5.656 | gate 0.900 | |M| 0.4062 | lr_eff 0.100 | w_min 0.82 | dist 6.140 | ETA 1962.1h
step    190 | T=4 | loss 19.8399 | lr 2.85e-05 | grad 7.75 | 2.3k tok/s (avg 1.5k) | cert 0.02→0.02 | ticks [12.062 12.062 12.062 12.062] | Δticks +0.000 | pc 0.913 (Δ-0.048) | hpc_loss 5.781 | F 5.781 | gate 0.900 | |M| 0.3499 | lr_eff 0.100 | w_min 0.84 | dist 6.753 | ETA 1924.4h
step    200 | T=4 | loss 22.8630 | lr 3.00e-05 | grad 7.69 | 1.2k tok/s (avg 1.5k) | cert 0.02→0.02 | ticks [11.875 11.812 11.812 11.875] | Δticks +0.000 | pc 0.908 (Δ-0.060) | hpc_loss 5.688 | F 5.688 | gate 0.900 | |M| 0.4968 | lr_eff 0.100 | w_min 0.68 | dist 10.002 | ETA 1947.5h
step    210 | T=4 | loss 21.7283 | lr 3.15e-05 | grad 7.44 | 1.3k tok/s (avg 1.4k) | cert 0.02→0.02 | ticks [11.875 11.875 11.875 11.875] | Δticks +0.000 | pc 0.920 (Δ-0.059) | hpc_loss 5.688 | F 5.688 | gate 0.900 | |M| 0.5098 | lr_eff 0.100 | w_min 0.65 | dist 8.885 | ETA 1962.0h
step    220 | T=4 | loss 17.3273 | lr 3.30e-05 | grad 7.44 | 2.3k tok/s (avg 1.5k) | cert 0.02→0.02 | ticks [12.000 11.938 11.938 11.938] | Δticks -0.062 | pc 0.907 (Δ-0.048) | hpc_loss 5.750 | F 5.750 | gate 0.900 | |M| 0.3765 | lr_eff 0.100 | w_min 0.68 | dist 4.421 | ETA 1930.0h
step    230 | T=4 | loss 21.4447 | lr 3.45e-05 | grad 8.25 | 1.2k tok/s (avg 1.5k) | cert 0.02→0.02 | ticks [11.938 11.938 11.938 11.938] | Δticks +0.000 | pc 0.873 (Δ-0.044) | hpc_loss 5.750 | F 5.750 | gate 0.900 | |M| 0.3731 | lr_eff 0.100 | w_min 0.67 | dist 8.540 | ETA 1950.6h
step    240 | T=4 | loss 19.0257 | lr 3.60e-05 | grad 11.12 | 1.3k tok/s (avg 1.4k) | cert 0.02→0.02 | ticks [11.938 11.938 11.938 11.938] | Δticks +0.000 | pc 0.861 (Δ-0.041) | hpc_loss 5.750 | F 5.750 | gate 0.900 | |M| 0.4277 | lr_eff 0.100 | w_min 0.68 | dist 6.094 | ETA 1963.8h
step    250 | T=4 | loss 18.8354 | lr 3.75e-05 | grad 11.12 | 2.3k tok/s (avg 1.5k) | cert 0.02→0.02 | ticks [11.938 11.938 11.938 11.938] | Δticks +0.000 | pc 0.869 (Δ-0.054) | hpc_loss 5.812 | F 5.812 | gate 0.900 | |M| 0.3749 | lr_eff 0.100 | w_min 0.66 | dist 5.897 | ETA 1935.0h
step    260 | T=4 | loss 19.6191 | lr 3.90e-05 | grad 10.19 | 1.2k tok/s (avg 1.5k) | cert 0.02→0.02 | ticks [11.938 11.875 11.875 11.875] | Δticks -0.062 | pc 0.823 (Δ-0.060) | hpc_loss 5.938 | F 5.906 | gate 0.900 | |M| 0.4264 | lr_eff 0.100 | w_min 0.65 | dist 6.617 | ETA 1953.3h
step    270 | T=4 | loss 20.2047 | lr 4.05e-05 | grad 10.19 | 2.3k tok/s (avg 1.5k) | cert 0.02→0.02 | ticks [11.938 11.938 11.938 11.938] | Δticks +0.000 | pc 0.864 (Δ-0.064) | hpc_loss 5.906 | F 5.906 | gate 0.900 | |M| 0.4012 | lr_eff 0.100 | w_min 0.67 | dist 7.208 | ETA 1927.2h
step    280 | T=4 | loss 25.7621 | lr 4.20e-05 | grad 7.06 | 1.2k tok/s (avg 1.5k) | cert 0.02→0.02 | ticks [11.938 11.875 11.875 11.875] | Δticks -0.062 | pc 0.836 (Δ-0.074) | hpc_loss 5.969 | F 5.938 | gate 0.900 | |M| 0.4208 | lr_eff 0.100 | w_min 0.64 | dist 12.740 | ETA 1943.7h
step    290 | T=4 | loss 20.9711 | lr 4.35e-05 | grad 7.00 | 1.3k tok/s (avg 1.5k) | cert 0.02→0.02 | ticks [11.812 11.750 11.750 11.688] | Δticks -0.125 | pc 0.808 (Δ-0.089) | hpc_loss 5.969 | F 5.969 | gate 0.900 | |M| 0.5314 | lr_eff 0.100 | w_min 0.55 | dist 8.138 | ETA 1955.0h
step    300 | T=4 | loss 19.4687 | lr 4.50e-05 | grad 7.00 | 2.3k tok/s (avg 1.5k) | cert 0.02→0.02 | ticks [11.875 11.875 11.875 11.812] | Δticks -0.062 | pc 0.804 (Δ-0.089) | hpc_loss 5.938 | F 5.938 | gate 0.900 | |M| 0.5215 | lr_eff 0.100 | w_min 0.57 | dist 6.593 | ETA 1931.3h
step    310 | T=4 | loss 20.5118 | lr 4.65e-05 | grad 7.00 | 1.2k tok/s (avg 1.5k) | cert 0.02→0.02 | ticks [12.000 12.000 12.000 11.938] | Δticks -0.062 | pc 0.785 (Δ-0.064) | hpc_loss 6.000 | F 6.000 | gate 0.900 | |M| 0.4111 | lr_eff 0.100 | w_min 0.58 | dist 7.498 | ETA 1947.3h
step    320 | T=4 | loss 20.8041 | lr 4.80e-05 | grad 6.91 | 1.2k tok/s (avg 1.5k) | cert 0.02→0.02 | ticks [11.938 11.938 11.938 11.875] | Δticks -0.062 | pc 0.767 (Δ-0.094) | hpc_loss 5.906 | F 5.906 | gate 0.900 | |M| 0.4966 | lr_eff 0.100 | w_min 0.60 | dist 7.799 | ETA 1960.7h
step    330 | T=4 | loss 16.5004 | lr 4.95e-05 | grad 6.91 | 2.3k tok/s (avg 1.5k) | cert 0.02→0.02 | ticks [12.000 12.000 11.938 11.938] | Δticks -0.062 | pc 0.777 (Δ-0.093) | hpc_loss 5.969 | F 5.969 | gate 0.900 | |M| 0.4179 | lr_eff 0.100 | w_min 0.58 | dist 3.438 | ETA 1939.0h
step    340 | T=4 | loss 18.5586 | lr 5.10e-05 | grad 8.75 | 1.1k tok/s (avg 1.5k) | cert 0.02→0.02 | ticks [11.938 11.938 11.938 11.875] | Δticks -0.062 | pc 0.759 (Δ-0.090) | hpc_loss 6.000 | F 6.000 | gate 0.900 | |M| 0.4056 | lr_eff 0.100 | w_min 0.59 | dist 5.536 | ETA 1955.7h
step    350 | T=4 | loss 24.5848 | lr 5.25e-05 | grad 8.75 | 2.3k tok/s (avg 1.5k) | cert 0.02→0.02 | ticks [11.812 11.812 11.812 11.750] | Δticks -0.062 | pc 0.739 (Δ-0.097) | hpc_loss 6.000 | F 6.000 | gate 0.900 | |M| 0.5013 | lr_eff 0.100 | w_min 0.58 | dist 11.673 | ETA 1935.8h
step    360 | T=4 | loss 24.8026 | lr 5.40e-05 | grad 8.94 | 1.2k tok/s (avg 1.5k) | cert 0.02→0.02 | ticks [11.875 11.812 11.812 11.750] | Δticks -0.125 | pc 0.723 (Δ-0.095) | hpc_loss 6.031 | F 6.031 | gate 0.900 | |M| 0.5216 | lr_eff 0.100 | w_min 0.62 | dist 11.864 | ETA 1949.6h
step    370 | T=4 | loss 24.8137 | lr 5.55e-05 | grad 6.25 | 1.3k tok/s (avg 1.5k) | cert 0.02→0.02 | ticks [11.750 11.750 11.750 11.688] | Δticks -0.062 | pc 0.712 (Δ-0.109) | hpc_loss 5.969 | F 5.938 | gate 0.900 | |M| 0.7056 | lr_eff 0.100 | w_min 0.58 | dist 12.018 | ETA 1958.3h
step    380 | T=4 | loss 19.4130 | lr 5.70e-05 | grad 6.25 | 2.3k tok/s (avg 1.5k) | cert 0.02→0.02 | ticks [11.812 11.812 11.812 11.812] | Δticks +0.000 | pc 0.718 (Δ-0.101) | hpc_loss 6.094 | F 6.094 | gate 0.900 | |M| 0.4615 | lr_eff 0.100 | w_min 0.64 | dist 6.428 | ETA 1939.5h
step    390 | T=4 | loss 20.3295 | lr 5.85e-05 | grad 6.16 | 1.2k tok/s (avg 1.5k) | cert 0.02→0.02 | ticks [11.750 11.812 11.750 11.750] | Δticks +0.000 | pc 0.699 (Δ-0.103) | hpc_loss 6.094 | F 6.094 | gate 0.900 | |M| 0.5133 | lr_eff 0.100 | w_min 0.60 | dist 7.335 | ETA 1952.0h
step    400 | T=4 | loss 21.8882 | lr 6.00e-05 | grad 5.94 | 1.2k tok/s (avg 1.5k) | cert 0.02→0.02 | ticks [11.812 11.875 11.812 11.812] | Δticks +0.000 | pc 0.664 (Δ-0.081) | hpc_loss 6.062 | F 6.062 | gate 0.900 | |M| 0.4501 | lr_eff 0.100 | w_min 0.56 | dist 8.927 | ETA 1960.8h
step    410 | T=4 | loss 18.8327 | lr 6.15e-05 | grad 5.94 | 2.3k tok/s (avg 1.5k) | cert 0.02→0.02 | ticks [11.750 11.750 11.750 11.750] | Δticks +0.000 | pc 0.665 (Δ-0.100) | hpc_loss 6.000 | F 6.000 | gate 0.900 | |M| 0.5553 | lr_eff 0.100 | w_min 0.55 | dist 5.948 | ETA 1943.2h
step    420 | T=4 | loss 21.4638 | lr 6.30e-05 | grad 5.69 | 1.2k tok/s (avg 1.5k) | cert 0.02→0.02 | ticks [11.750 11.750 11.750 11.750] | Δticks +0.000 | pc 0.633 (Δ-0.071) | hpc_loss 6.000 | F 6.031 | gate 0.900 | |M| 0.4452 | lr_eff 0.100 | w_min 0.55 | dist 8.586 | ETA 1954.5h
step    430 | T=4 | loss 19.1006 | lr 6.45e-05 | grad 5.69 | 2.3k tok/s (avg 1.5k) | cert 0.02→0.02 | ticks [11.750 11.812 11.812 11.750] | Δticks +0.000 | pc 0.638 (Δ-0.085) | hpc_loss 6.000 | F 6.000 | gate 0.900 | |M| 0.4943 | lr_eff 0.100 | w_min 0.55 | dist 6.203 | ETA 1938.0h
step    440 | T=4 | loss 22.4639 | lr 6.60e-05 | grad 7.16 | 1.2k tok/s (avg 1.5k) | cert 0.02→0.02 | ticks [11.875 11.875 11.875 11.812] | Δticks -0.062 | pc 0.599 (Δ-0.080) | hpc_loss 6.000 | F 6.000 | gate 0.900 | |M| 0.5862 | lr_eff 0.100 | w_min 0.56 | dist 9.434 | ETA 1948.4h
step    450 | T=4 | loss 18.3351 | lr 6.75e-05 | grad 5.12 | 1.2k tok/s (avg 1.5k) | cert 0.02→0.02 | ticks [11.812 11.875 11.875 11.812] | Δticks +0.000 | pc 0.574 (Δ-0.049) | hpc_loss 6.094 | F 6.094 | gate 0.900 | |M| 0.4111 | lr_eff 0.100 | w_min 0.60 | dist 5.312 | ETA 1956.0h
step    460 | T=4 | loss 18.6073 | lr 6.90e-05 | grad 5.12 | 2.3k tok/s (avg 1.5k) | cert 0.02→0.02 | ticks [11.812 11.875 11.875 11.875] | Δticks +0.062 | pc 0.571 (Δ-0.061) | hpc_loss 6.062 | F 6.062 | gate 0.900 | |M| 0.4711 | lr_eff 0.100 | w_min 0.59 | dist 5.588 | ETA 1940.5h
step    470 | T=4 | loss 20.6580 | lr 7.05e-05 | grad 5.09 | 1.1k tok/s (avg 1.5k) | cert 0.02→0.02 | ticks [11.875 11.875 11.875 11.812] | Δticks -0.062 | pc 0.525 (Δ-0.080) | hpc_loss 6.062 | F 6.062 | gate 0.900 | |M| 0.6494 | lr_eff 0.100 | w_min 0.56 | dist 7.558 | ETA 1951.9h
step    480 | T=4 | loss 20.7270 | lr 7.20e-05 | grad 4.88 | 1.3k tok/s (avg 1.5k) | cert 0.02→0.02 | ticks [11.625 11.688 11.688 11.688] | Δticks +0.062 | pc 0.480 (Δ-0.062) | hpc_loss 6.062 | F 6.062 | gate 0.900 | |M| 0.5327 | lr_eff 0.100 | w_min 0.52 | dist 7.950 | ETA 1958.5h
step    490 | T=4 | loss 24.3864 | lr 7.35e-05 | grad 4.88 | 2.3k tok/s (avg 1.5k) | cert 0.02→0.02 | ticks [11.438 11.500 11.500 11.438] | Δticks +0.000 | pc 0.475 (Δ-0.065) | hpc_loss 6.031 | F 6.031 | gate 0.900 | |M| 0.6525 | lr_eff 0.100 | w_min 0.51 | dist 11.805 | ETA 1944.1h
step    500 | T=4 | loss 19.7157 | lr 7.50e-05 | grad 7.53 | 1.2k tok/s (avg 1.5k) | cert 0.02→0.02 | ticks [11.562 11.625 11.625 11.562] | Δticks +0.000 | pc 0.448 (Δ-0.082) | hpc_loss 5.906 | F 5.906 | gate 0.900 | |M| 0.4723 | lr_eff 0.100 | w_min 0.57 | dist 6.992 | ETA 1953.8h
step    510 | T=4 | loss 19.5139 | lr 7.65e-05 | grad 7.53 | 2.3k tok/s (avg 1.5k) | cert 0.02→0.02 | ticks [11.438 11.500 11.500 11.438] | Δticks +0.000 | pc 0.450 (Δ-0.091) | hpc_loss 5.906 | F 5.906 | gate 0.900 | |M| 0.5737 | lr_eff 0.100 | w_min 0.55 | dist 6.965 | ETA 1939.9h
step    520 | T=4 | loss 24.2423 | lr 7.80e-05 | grad 6.06 | 1.2k tok/s (avg 1.5k) | cert 0.02→0.02 | ticks [11.438 11.500 11.500 11.438] | Δticks +0.000 | pc 0.419 (Δ-0.092) | hpc_loss 5.812 | F 5.812 | gate 0.900 | |M| 0.5349 | lr_eff 0.100 | w_min 0.65 | dist 11.644 | ETA 1949.1h
step    530 | T=4 | loss 26.5208 | lr 7.95e-05 | grad 6.31 | 1.3k tok/s (avg 1.5k) | cert 0.02→0.02 | ticks [11.438 11.500 11.562 11.500] | Δticks +0.062 | pc 0.401 (Δ-0.090) | hpc_loss 5.812 | F 5.812 | gate 0.900 | |M| 0.4812 | lr_eff 0.100 | w_min 0.73 | dist 13.913 | ETA 1955.2h
step    540 | T=4 | loss 19.1349 | lr 8.10e-05 | grad 6.31 | 2.3k tok/s (avg 1.5k) | cert 0.02→0.02 | ticks [11.500 11.562 11.562 11.562] | Δticks +0.062 | pc 0.398 (Δ-0.085) | hpc_loss 5.812 | F 5.812 | gate 0.900 | |M| 0.5153 | lr_eff 0.100 | w_min 0.72 | dist 6.476 | ETA 1942.0h
step    550 | T=4 | loss 19.4597 | lr 8.25e-05 | grad 3.95 | 1.1k tok/s (avg 1.5k) | cert 0.02→0.02 | ticks [11.625 11.750 11.750 11.688] | Δticks +0.062 | pc 0.376 (Δ-0.064) | hpc_loss 5.844 | F 5.875 | gate 0.900 | |M| 0.4677 | lr_eff 0.100 | w_min 0.82 | dist 6.588 | ETA 1952.1h
step    560 | T=4 | loss 18.4241 | lr 8.40e-05 | grad 4.06 | 1.2k tok/s (avg 1.5k) | cert 0.02→0.02 | ticks [11.500 11.625 11.625 11.562] | Δticks +0.062 | pc 0.347 (Δ-0.047) | hpc_loss 5.875 | F 5.875 | gate 0.900 | |M| 0.5152 | lr_eff 0.100 | w_min 0.80 | dist 5.636 | ETA 1958.7h
step    570 | T=4 | loss 19.1359 | lr 8.55e-05 | grad 4.06 | 2.3k tok/s (avg 1.5k) | cert 0.02→0.02 | ticks [11.562 11.625 11.688 11.625] | Δticks +0.062 | pc 0.346 (Δ-0.044) | hpc_loss 5.906 | F 5.906 | gate 0.900 | |M| 0.5002 | lr_eff 0.100 | w_min 0.79 | dist 6.274 | ETA 1946.1h
step    580 | T=4 | loss 19.0013 | lr 8.70e-05 | grad 4.00 | 1.2k tok/s (avg 1.5k) | cert 0.02→0.02 | ticks [11.125 11.250 11.312 11.250] | Δticks +0.125 | pc 0.308 (Δ-0.035) | hpc_loss 5.875 | F 5.875 | gate 0.900 | |M| 0.5396 | lr_eff 0.100 | w_min 0.69 | dist 6.584 | ETA 1954.0h
step    590 | T=4 | loss 21.1566 | lr 8.85e-05 | grad 4.00 | 2.3k tok/s (avg 1.5k) | cert 0.02→0.02 | ticks [11.438 11.562 11.562 11.562] | Δticks +0.125 | pc 0.310 (Δ-0.033) | hpc_loss 5.875 | F 5.906 | gate 0.900 | |M| 0.5055 | lr_eff 0.100 | w_min 0.69 | dist 8.425 | ETA 1942.0h
step    600 | T=4 | loss 17.9601 | lr 9.00e-05 | grad 4.03 | 1.2k tok/s (avg 1.5k) | cert 0.02→0.02 | ticks [11.688 11.812 11.812 11.750] | Δticks +0.062 | pc 0.269 (Δ-0.035) | hpc_loss 5.812 | F 5.812 | gate 0.900 | |M| 0.6003 | lr_eff 0.100 | w_min 0.58 | dist 5.027 | ETA 1949.8h
step    610 | T=4 | loss 21.8542 | lr 9.15e-05 | grad 4.75 | 1.3k tok/s (avg 1.5k) | cert 0.02→0.02 | ticks [11.688 11.750 11.750 11.688] | Δticks +0.000 | pc 0.238 (Δ-0.044) | hpc_loss 5.719 | F 5.719 | gate 0.900 | |M| 0.5321 | lr_eff 0.100 | w_min 0.51 | dist 9.012 | ETA 1954.7h
step    620 | T=4 | loss 28.5293 | lr 9.30e-05 | grad 4.75 | 2.3k tok/s (avg 1.5k) | cert 0.02→0.02 | ticks [10.875 11.000 11.125 11.062] | Δticks +0.188 | pc 0.237 (Δ-0.046) | hpc_loss 5.719 | F 5.719 | gate 0.900 | |M| 0.5441 | lr_eff 0.100 | w_min 0.51 | dist 16.464 | ETA 1943.3h
step    630 | T=4 | loss 22.5573 | lr 9.45e-05 | grad 5.59 | 1.2k tok/s (avg 1.5k) | cert 0.02→0.02 | ticks [11.000 11.125 11.188 11.125] | Δticks +0.125 | pc 0.223 (Δ-0.075) | hpc_loss 5.531 | F 5.531 | gate 0.900 | |M| 0.5166 | lr_eff 0.100 | w_min 0.52 | dist 10.470 | ETA 1951.6h
step    640 | T=4 | loss 19.3872 | lr 9.60e-05 | grad 4.25 | 1.2k tok/s (avg 1.5k) | cert 0.02→0.02 | ticks [11.688 11.750 11.750 11.688] | Δticks +0.000 | pc 0.232 (Δ-0.111) | hpc_loss 5.375 | F 5.375 | gate 0.900 | |M| 0.5161 | lr_eff 0.100 | w_min 0.66 | dist 6.682 | ETA 1956.7h
step    650 | T=4 | loss 18.0765 | lr 9.75e-05 | grad 4.25 | 2.3k tok/s (avg 1.5k) | cert 0.02→0.02 | ticks [11.500 11.500 11.562 11.500] | Δticks +0.000 | pc 0.235 (Δ-0.112) | hpc_loss 5.375 | F 5.375 | gate 0.900 | |M| 0.4885 | lr_eff 0.100 | w_min 0.67 | dist 5.570 | ETA 1945.7h
step    660 | T=4 | loss 18.7507 | lr 9.90e-05 | grad 3.78 | 1.1k tok/s (avg 1.5k) | cert 0.02→0.02 | ticks [11.688 11.750 11.812 11.750] | Δticks +0.062 | pc 0.266 (Δ-0.107) | hpc_loss 5.344 | F 5.312 | gate 0.900 | |M| 0.4751 | lr_eff 0.100 | w_min 0.87 | dist 6.068 | ETA 1955.2h
step    670 | T=4 | loss 20.6622 | lr 1.00e-04 | grad 3.78 | 2.3k tok/s (avg 1.5k) | cert 0.02→0.02 | ticks [11.062 11.188 11.188 11.125] | Δticks +0.062 | pc 0.257 (Δ-0.113) | hpc_loss 5.344 | F 5.312 | gate 0.900 | |M| 0.5627 | lr_eff 0.100 | w_min 0.87 | dist 8.582 | ETA 1944.6h
step    680 | T=4 | loss 19.2318 | lr 1.02e-04 | grad 4.06 | 1.1k tok/s (avg 1.5k) | cert 0.02→0.02 | ticks [11.062 11.188 11.250 11.125] | Δticks +0.062 | pc 0.280 (Δ-0.063) | hpc_loss 5.406 | F 5.375 | gate 0.900 | |M| 0.5542 | lr_eff 0.100 | w_min 0.67 | dist 7.136 | ETA 1953.2h
step    690 | T=4 | loss 19.1159 | lr 1.03e-04 | grad 2.83 | 1.3k tok/s (avg 1.5k) | cert 0.02→0.02 | ticks [11.188 11.312 11.375 11.312] | Δticks +0.125 | pc 0.268 (Δ-0.012) | hpc_loss 5.531 | F 5.531 | gate 0.900 | |M| 0.4725 | lr_eff 0.100 | w_min 0.72 | dist 6.778 | ETA 1957.7h
step    700 | T=4 | loss 23.1420 | lr 1.05e-04 | grad 2.83 | 2.3k tok/s (avg 1.5k) | cert 0.02→0.02 | ticks [11.312 11.438 11.500 11.438] | Δticks +0.125 | pc 0.269 (Δ-0.013) | hpc_loss 5.500 | F 5.500 | gate 0.900 | |M| 0.5278 | lr_eff 0.100 | w_min 0.76 | dist 10.675 | ETA 1947.6h
step    710 | T=4 | loss 21.3286 | lr 1.07e-04 | grad 2.86 | 1.2k tok/s (avg 1.5k) | cert 0.02→0.02 | ticks [11.125 11.250 11.375 11.312] | Δticks +0.188 | pc 0.232 (Δ+0.007) | hpc_loss 5.594 | F 5.625 | gate 0.900 | |M| 0.4626 | lr_eff 0.100 | w_min 0.63 | dist 8.982 | ETA 1954.8h
step    720 | T=4 | loss 17.9138 | lr 1.08e-04 | grad 2.94 | 1.3k tok/s (avg 1.5k) | cert 0.02→0.02 | ticks [11.562 11.688 11.750 11.688] | Δticks +0.125 | pc 0.191 (Δ+0.017) | hpc_loss 5.625 | F 5.625 | gate 0.900 | |M| 0.6007 | lr_eff 0.100 | w_min 0.65 | dist 5.076 | ETA 1959.2h
step    730 | T=4 | loss 19.7352 | lr 1.09e-04 | grad 2.94 | 2.3k tok/s (avg 1.5k) | cert 0.02→0.02 | ticks [11.438 11.562 11.625 11.625] | Δticks +0.188 | pc 0.193 (Δ+0.013) | hpc_loss 5.625 | F 5.625 | gate 0.900 | |M| 0.4903 | lr_eff 0.100 | w_min 0.64 | dist 7.046 | ETA 1949.4h
step    740 | T=4 | loss 18.1958 | lr 1.11e-04 | grad 2.84 | 1.2k tok/s (avg 1.5k) | cert 0.02→0.02 | ticks [11.250 11.375 11.438 11.438] | Δticks +0.188 | pc 0.157 (Δ+0.012) | hpc_loss 5.594 | F 5.562 | gate 0.900 | |M| 0.5220 | lr_eff 0.100 | w_min 0.53 | dist 5.684 | ETA 1956.4h
step    750 | T=4 | loss 16.5894 | lr 1.12e-04 | grad 2.84 | 2.3k tok/s (avg 1.5k) | cert 0.02→0.02 | ticks [11.125 11.250 11.375 11.375] | Δticks +0.250 | pc 0.157 (Δ+0.015) | hpc_loss 5.594 | F 5.594 | gate 0.900 | |M| 0.4350 | lr_eff 0.100 | w_min 0.54 | dist 4.180 | ETA 1946.8h
step    760 | T=4 | loss 19.8086 | lr 1.14e-04 | grad 4.62 | 1.2k tok/s (avg 1.5k) | cert 0.02→0.02 | ticks [10.438 10.625 10.812 10.875] | Δticks +0.438 | pc 0.133 (Δ-0.003) | hpc_loss 5.469 | F 5.469 | gate 0.900 | |M| 0.5750 | lr_eff 0.100 | w_min 0.46 | dist 8.135 | ETA 1953.2h
step    770 | T=4 | loss 22.9274 | lr 1.15e-04 | grad 3.95 | 1.2k tok/s (avg 1.5k) | cert 0.02→0.02 | ticks [9.500 9.688 9.938 10.000] | Δticks +0.500 | pc 0.120 (Δ-0.037) | hpc_loss 5.312 | F 5.312 | gate 0.900 | |M| 0.6176 | lr_eff 0.100 | w_min 0.42 | dist 12.303 | ETA 1957.4h
step    780 | T=4 | loss 26.5839 | lr 1.17e-04 | grad 3.95 | 2.3k tok/s (avg 1.5k) | cert 0.02→0.02 | ticks [11.375 11.438 11.500 11.500] | Δticks +0.125 | pc 0.118 (Δ-0.036) | hpc_loss 5.312 | F 5.312 | gate 0.900 | |M| 0.6078 | lr_eff 0.100 | w_min 0.41 | dist 14.135 | ETA 1948.3h
step    790 | T=4 | loss 19.9240 | lr 1.18e-04 | grad 3.41 | 1.2k tok/s (avg 1.5k) | cert 0.02→0.02 | ticks [10.875 10.938 10.938 11.000] | Δticks +0.125 | pc 0.134 (Δ-0.098) | hpc_loss 5.219 | F 5.219 | gate 0.900 | |M| 0.5456 | lr_eff 0.100 | w_min 0.44 | dist 8.066 | ETA 1954.8h
step    800 | T=4 | loss 21.6663 | lr 1.20e-04 | grad 3.17 | 1.2k tok/s (avg 1.5k) | cert 0.02→0.02 | ticks [11.375 11.438 11.438 11.438] | Δticks +0.062 | pc 0.198 (Δ-0.193) | hpc_loss 5.188 | F 5.188 | gate 0.900 | |M| 0.5375 | lr_eff 0.100 | w_min 0.58 | dist 9.376 | ETA 1959.9h
step    810 | T=4 | loss 16.6065 | lr 1.21e-04 | grad 3.17 | 2.3k tok/s (avg 1.5k) | cert 0.02→0.02 | ticks [10.250 10.312 10.375 10.375] | Δticks +0.125 | pc 0.196 (Δ-0.194) | hpc_loss 5.188 | F 5.156 | gate 0.900 | |M| 0.6839 | lr_eff 0.100 | w_min 0.61 | dist 5.412 | ETA 1951.0h
step    820 | T=4 | loss 21.4952 | lr 1.23e-04 | grad 2.70 | 1.2k tok/s (avg 1.5k) | cert 0.02→0.02 | ticks [10.750 10.812 10.812 10.750] | Δticks +0.000 | pc 0.296 (Δ-0.219) | hpc_loss 5.250 | F 5.250 | gate 0.900 | |M| 0.5705 | lr_eff 0.100 | w_min 0.80 | dist 9.841 | ETA 1957.1h
step    830 | T=4 | loss 17.2997 | lr 1.24e-04 | grad 2.70 | 2.3k tok/s (avg 1.5k) | cert 0.02→0.02 | ticks [11.375 11.375 11.375 11.375] | Δticks +0.000 | pc 0.276 (Δ-0.229) | hpc_loss 5.219 | F 5.250 | gate 0.900 | |M| 0.6039 | lr_eff 0.100 | w_min 0.79 | dist 5.028 | ETA 1948.6h
step    840 | T=4 | loss 18.6500 | lr 1.26e-04 | grad 2.83 | 1.2k tok/s (avg 1.5k) | cert 0.03→0.02 | ticks [9.625 9.688 9.750 9.688] | Δticks +0.062 | pc 0.365 (Δ-0.124) | hpc_loss 5.375 | F 5.344 | gate 0.900 | |M| 0.5985 | lr_eff 0.100 | w_min 0.69 | dist 8.072 | ETA 1954.0h
step    850 | T=4 | loss 18.6146 | lr 1.28e-04 | grad 3.00 | 1.3k tok/s (avg 1.5k) | cert 0.02→0.02 | ticks [10.438 10.562 10.625 10.562] | Δticks +0.125 | pc 0.363 (Δ-0.026) | hpc_loss 5.500 | F 5.500 | gate 0.900 | |M| 0.5663 | lr_eff 0.100 | w_min 0.69 | dist 7.128 | ETA 1957.8h
step    860 | T=4 | loss 25.5931 | lr 1.29e-04 | grad 3.00 | 2.3k tok/s (avg 1.5k) | cert 0.02→0.02 | ticks [11.000 11.062 11.125 11.062] | Δticks +0.062 | pc 0.353 (Δ-0.037) | hpc_loss 5.469 | F 5.469 | gate 0.900 | |M| 0.6769 | lr_eff 0.100 | w_min 0.77 | dist 13.559 | ETA 1949.4h
step    870 | T=4 | loss 17.4233 | lr 1.30e-04 | grad 2.73 | 1.2k tok/s (avg 1.5k) | cert 0.02→0.02 | ticks [11.312 11.438 11.438 11.438] | Δticks +0.125 | pc 0.306 (Δ+0.019) | hpc_loss 5.594 | F 5.594 | gate 0.900 | |M| 0.5308 | lr_eff 0.100 | w_min 0.58 | dist 5.012 | ETA 1954.9h
step    880 | T=4 | loss 17.5858 | lr 1.32e-04 | grad 2.53 | 1.2k tok/s (avg 1.5k) | cert 0.02→0.02 | ticks [11.062 11.188 11.250 11.188] | Δticks +0.125 | pc 0.240 (Δ+0.033) | hpc_loss 5.594 | F 5.625 | gate 0.900 | |M| 0.6907 | lr_eff 0.100 | w_min 0.61 | dist 5.375 | ETA 1958.6h
step    890 | T=4 | loss 17.3050 | lr 1.33e-04 | grad 2.53 | 2.3k tok/s (avg 1.5k) | cert 0.02→0.02 | ticks [10.938 11.062 11.062 11.062] | Δticks +0.125 | pc 0.243 (Δ+0.035) | hpc_loss 5.625 | F 5.625 | gate 0.900 | |M| 0.7403 | lr_eff 0.100 | w_min 0.61 | dist 5.209 | ETA 1950.5h
step    900 | T=4 | loss 26.4195 | lr 1.35e-04 | grad 2.84 | 1.2k tok/s (avg 1.5k) | cert 0.02→0.02 | ticks [11.000 11.125 11.188 11.125] | Δticks +0.125 | pc 0.179 (Δ+0.027) | hpc_loss 5.594 | F 5.625 | gate 0.900 | |M| 0.5211 | lr_eff 0.100 | w_min 0.54 | dist 14.239 | ETA 1956.1h
step    910 | T=4 | loss 18.2178 | lr 1.36e-04 | grad 2.84 | 2.3k tok/s (avg 1.5k) | cert 0.03→0.03 | ticks [9.562 9.625 9.688 9.688] | Δticks +0.125 | pc 0.180 (Δ+0.027) | hpc_loss 5.594 | F 5.594 | gate 0.900 | |M| 0.5723 | lr_eff 0.100 | w_min 0.53 | dist 7.493 | ETA 1948.2h
step    920 | T=4 | loss 18.6758 | lr 1.38e-04 | grad 3.27 | 1.2k tok/s (avg 1.5k) | cert 0.03→0.03 | ticks [9.688 9.812 9.875 9.875] | Δticks +0.188 | pc 0.137 (Δ+0.011) | hpc_loss 5.438 | F 5.438 | gate 0.900 | |M| 0.6447 | lr_eff 0.100 | w_min 0.47 | dist 7.868 | ETA 1953.4h
step    930 | T=4 | loss 16.1437 | lr 1.39e-04 | grad 3.45 | 1.2k tok/s (avg 1.5k) | cert 0.03→0.02 | ticks [9.875 9.938 9.938 9.938] | Δticks +0.062 | pc 0.115 (Δ-0.025) | hpc_loss 5.312 | F 5.312 | gate 0.900 | |M| 0.6700 | lr_eff 0.100 | w_min 0.41 | dist 5.272 | ETA 1957.9h
step    940 | T=4 | loss 20.8549 | lr 1.41e-04 | grad 3.45 | 2.3k tok/s (avg 1.5k) | cert 0.02→0.02 | ticks [10.688 10.750 10.750 10.750] | Δticks +0.062 | pc 0.113 (Δ-0.022) | hpc_loss 5.312 | F 5.312 | gate 0.900 | |M| 0.8024 | lr_eff 0.100 | w_min 0.41 | dist 9.155 | ETA 1950.3h
step    950 | T=4 | loss 15.9684 | lr 1.42e-04 | grad 2.58 | 1.2k tok/s (avg 1.5k) | cert 0.03→0.02 | ticks [10.875 10.875 10.875 10.875] | Δticks +0.000 | pc 0.117 (Δ-0.086) | hpc_loss 5.188 | F 5.188 | gate 0.900 | |M| 0.6148 | lr_eff 0.100 | w_min 0.42 | dist 4.183 | ETA 1955.6h
step    960 | T=4 | loss 18.2810 | lr 1.44e-04 | grad 2.83 | 1.2k tok/s (avg 1.5k) | cert 0.04→0.04 | ticks [9.188 9.188 9.125 9.062] | Δticks -0.125 | pc 0.177 (Δ-0.210) | hpc_loss 5.125 | F 5.125 | gate 0.900 | |M| 0.9550 | lr_eff 0.100 | w_min 0.51 | dist 8.303 | ETA 1959.0h
step    970 | T=4 | loss 17.2994 | lr 1.45e-04 | grad 2.83 | 2.3k tok/s (avg 1.5k) | cert 0.03→0.03 | ticks [10.125 10.125 10.062 10.000] | Δticks -0.125 | pc 0.160 (Δ-0.197) | hpc_loss 5.125 | F 5.125 | gate 0.900 | |M| 0.7934 | lr_eff 0.100 | w_min 0.48 | dist 6.387 | ETA 1951.7h
step    980 | T=4 | loss 17.0082 | lr 1.47e-04 | grad 2.59 | 1.2k tok/s (avg 1.5k) | cert 0.03→0.03 | ticks [10.812 10.812 10.750 10.688] | Δticks -0.125 | pc 0.251 (Δ-0.326) | hpc_loss 5.125 | F 5.156 | gate 0.900 | |M| 0.7571 | lr_eff 0.100 | w_min 0.70 | dist 5.369 | ETA 1956.6h
step    990 | T=4 | loss 19.0469 | lr 1.49e-04 | grad 2.59 | 2.3k tok/s (avg 1.5k) | cert 0.05→0.05 | ticks [8.375 8.375 8.312 8.188] | Δticks -0.188 | pc 0.294 (Δ-0.329) | hpc_loss 5.156 | F 5.156 | gate 0.900 | |M| 0.9330 | lr_eff 0.100 | w_min 0.67 | dist 9.831 | ETA 1949.4h
step   1000 | T=4 | loss 17.1656 | lr 1.50e-04 | grad 2.33 | 1.2k tok/s (avg 1.5k) | cert 0.03→0.03 | ticks [11.125 11.188 11.125 11.000] | Δticks -0.125 | pc 0.376 (Δ-0.300) | hpc_loss 5.219 | F 5.219 | gate 0.900 | |M| 0.6823 | lr_eff 0.100 | w_min 0.79 | dist 5.222 | ETA 1954.2h
[CachedTeacherDataset/eval] 9 shards (of 199 total) under teacher_cache/phase1 | seq_len=512 top_k=128
  >>> val @ step 1000:
  T=4 | CE=9.7686 | PPL=17475.83 | top1=12.4% | top5=25.2% | (25600 tok)
step   1010 | T=4 | loss 16.2154 | lr 1.51e-04 | grad 2.28 | 0.6k tok/s (avg 1.4k) | cert 0.03→0.03 | ticks [10.750 10.812 10.750 10.625] | Δticks -0.125 | pc 0.430 (Δ-0.118) | hpc_loss 5.344 | F 5.312 | gate 0.900 | |M| 0.7638 | lr_eff 0.100 | w_min 0.62 | dist 4.619 | ETA 1982.3h
step   1020 | T=4 | loss 20.4324 | lr 1.53e-04 | grad 2.28 | 2.3k tok/s (avg 1.4k) | cert 0.04→0.04 | ticks [9.750 9.875 9.812 9.688] | Δticks -0.062 | pc 0.440 (Δ-0.106) | hpc_loss 5.344 | F 5.312 | gate 0.900 | |M| 0.9292 | lr_eff 0.100 | w_min 0.58 | dist 9.809 | ETA 1975.1h
step   1030 | T=4 | loss 17.6249 | lr 1.54e-04 | grad 2.25 | 1.2k tok/s (avg 1.4k) | cert 0.03→0.03 | ticks [9.750 9.875 9.875 9.750] | Δticks +0.000 | pc 0.388 (Δ+0.048) | hpc_loss 5.500 | F 5.469 | gate 0.900 | |M| 0.8444 | lr_eff 0.100 | w_min 0.71 | dist 6.917 | ETA 1979.1h
step   1040 | T=4 | loss 20.4272 | lr 1.56e-04 | grad 2.95 | 1.2k tok/s (avg 1.4k) | cert 0.03→0.03 | ticks [10.875 10.938 11.000 10.875] | Δticks +0.000 | pc 0.291 (Δ+0.082) | hpc_loss 5.594 | F 5.594 | gate 0.900 | |M| 0.7539 | lr_eff 0.100 | w_min 0.56 | dist 8.538 | ETA 1982.7h
step   1050 | T=4 | loss 15.3516 | lr 1.57e-04 | grad 2.95 | 2.3k tok/s (avg 1.4k) | cert 0.04→0.04 | ticks [10.562 10.625 10.625 10.500] | Δticks -0.062 | pc 0.292 (Δ+0.073) | hpc_loss 5.594 | F 5.562 | gate 0.900 | |M| 0.8910 | lr_eff 0.100 | w_min 0.60 | dist 3.780 | ETA 1975.7h
step   1060 | T=4 | loss 18.2959 | lr 1.59e-04 | grad 2.53 | 1.1k tok/s (avg 1.4k) | cert 0.04→0.03 | ticks [11.000 11.062 11.062 11.000] | Δticks +0.000 | pc 0.199 (Δ+0.074) | hpc_loss 5.656 | F 5.656 | gate 0.900 | |M| 0.7845 | lr_eff 0.100 | w_min 0.57 | dist 6.238 | ETA 1980.6h
step   1070 | T=4 | loss 15.9917 | lr 1.60e-04 | grad 2.53 | 2.3k tok/s (avg 1.4k) | cert 0.03→0.03 | ticks [11.188 11.250 11.312 11.188] | Δticks +0.000 | pc 0.200 (Δ+0.077) | hpc_loss 5.656 | F 5.656 | gate 0.900 | |M| 0.6916 | lr_eff 0.100 | w_min 0.57 | dist 3.732 | ETA 1973.8h
step   1080 | T=4 | loss 16.9493 | lr 1.62e-04 | grad 2.23 | 1.2k tok/s (avg 1.4k) | cert 0.06→0.05 | ticks [9.875 9.938 10.000 9.938] | Δticks +0.062 | pc 0.129 (Δ+0.053) | hpc_loss 5.625 | F 5.625 | gate 0.900 | |M| 1.0478 | lr_eff 0.100 | w_min 0.60 | dist 5.977 | ETA 1978.2h
step   1090 | T=4 | loss 16.9384 | lr 1.63e-04 | grad 2.78 | 1.2k tok/s (avg 1.4k) | cert 0.07→0.05 | ticks [9.000 9.062 9.125 9.062] | Δticks +0.062 | pc 0.085 (Δ+0.017) | hpc_loss 5.469 | F 5.469 | gate 0.900 | |M| 1.0106 | lr_eff 0.100 | w_min 0.55 | dist 6.878 | ETA 1981.8h
step   1100 | T=4 | loss 17.6010 | lr 1.65e-04 | grad 2.78 | 2.3k tok/s (avg 1.4k) | cert 0.07→0.06 | ticks [9.562 9.625 9.625 9.562] | Δticks +0.000 | pc 0.085 (Δ+0.017) | hpc_loss 5.500 | F 5.469 | gate 0.900 | |M| 0.9920 | lr_eff 0.100 | w_min 0.56 | dist 6.981 | ETA 1975.1h
step   1110 | T=4 | loss 16.4670 | lr 1.66e-04 | grad 2.53 | 1.2k tok/s (avg 1.4k) | cert 0.03→0.03 | ticks [10.188 10.188 10.188 10.125] | Δticks -0.062 | pc 0.068 (Δ-0.025) | hpc_loss 5.312 | F 5.312 | gate 0.900 | |M| 0.9591 | lr_eff 0.100 | w_min 0.50 | dist 5.309 | ETA 1979.4h
step   1120 | T=4 | loss 19.8814 | lr 1.68e-04 | grad 2.83 | 1.2k tok/s (avg 1.4k) | cert 0.07→0.06 | ticks [9.188 9.188 9.125 9.062] | Δticks -0.125 | pc 0.072 (Δ-0.066) | hpc_loss 5.188 | F 5.188 | gate 0.900 | |M| 1.1918 | lr_eff 0.100 | w_min 0.44 | dist 9.884 | ETA 1982.1h
step   1130 | T=4 | loss 16.1921 | lr 1.69e-04 | grad 2.83 | 2.3k tok/s (avg 1.4k) | cert 0.06→0.06 | ticks [9.562 9.562 9.500 9.438] | Δticks -0.125 | pc 0.073 (Δ-0.068) | hpc_loss 5.188 | F 5.188 | gate 0.900 | |M| 1.0660 | lr_eff 0.100 | w_min 0.45 | dist 5.823 | ETA 1975.5h
step   1140 | T=4 | loss 19.5740 | lr 1.71e-04 | grad 2.33 | 1.1k tok/s (avg 1.4k) | cert 0.07→0.07 | ticks [9.125 9.125 9.062 8.938] | Δticks -0.188 | pc 0.092 (Δ-0.116) | hpc_loss 5.094 | F 5.094 | gate 0.900 | |M| 1.4259 | lr_eff 0.100 | w_min 0.50 | dist 9.702 | ETA 1980.9h
step   1150 | T=4 | loss 15.4997 | lr 1.72e-04 | grad 2.33 | 2.3k tok/s (avg 1.4k) | cert 0.04→0.04 | ticks [10.312 10.312 10.188 10.125] | Δticks -0.188 | pc 0.092 (Δ-0.115) | hpc_loss 5.094 | F 5.094 | gate 0.900 | |M| 0.9855 | lr_eff 0.100 | w_min 0.49 | dist 4.390 | ETA 1974.5h
step   1160 | T=4 | loss 15.8800 | lr 1.74e-04 | grad 2.64 | 1.1k tok/s (avg 1.4k) | cert 0.05→0.04 | ticks [9.688 9.625 9.500 9.375] | Δticks -0.312 | pc 0.130 (Δ-0.174) | hpc_loss 5.062 | F 5.062 | gate 0.900 | |M| 1.2922 | lr_eff 0.100 | w_min 0.62 | dist 5.558 | ETA 1979.3h
step   1170 | T=4 | loss 16.7401 | lr 1.75e-04 | grad 2.42 | 1.1k tok/s (avg 1.4k) | cert 0.08→0.08 | ticks [9.375 9.375 9.250 9.062] | Δticks -0.312 | pc 0.193 (Δ-0.229) | hpc_loss 5.062 | F 5.062 | gate 0.900 | |M| 1.4247 | lr_eff 0.100 | w_min 0.75 | dist 6.684 | ETA 1984.4h
step   1180 | T=4 | loss 17.2703 | lr 1.77e-04 | grad 2.42 | 2.3k tok/s (avg 1.4k) | cert 0.14→0.14 | ticks [8.438 8.438 8.312 8.188] | Δticks -0.250 | pc 0.186 (Δ-0.225) | hpc_loss 5.062 | F 5.062 | gate 0.900 | |M| 1.6583 | lr_eff 0.100 | w_min 0.74 | dist 8.143 | ETA 1978.2h
step   1190 | T=4 | loss 17.0815 | lr 1.79e-04 | grad 1.99 | 1.1k tok/s (avg 1.4k) | cert 0.05→0.05 | ticks [9.500 9.500 9.375 9.188] | Δticks -0.312 | pc 0.278 (Δ-0.213) | hpc_loss 5.125 | F 5.125 | gate 0.900 | |M| 1.3670 | lr_eff 0.100 | w_min 0.84 | dist 6.913 | ETA 1983.5h
step   1200 | T=4 | loss 15.7847 | lr 1.80e-04 | grad 2.14 | 1.2k tok/s (avg 1.4k) | cert 0.05→0.05 | ticks [9.938 9.938 9.812 9.625] | Δticks -0.312 | pc 0.338 (Δ-0.133) | hpc_loss 5.219 | F 5.219 | gate 0.900 | |M| 1.3022 | lr_eff 0.100 | w_min 0.74 | dist 5.156 | ETA 1987.0h
step   1210 | T=4 | loss 15.2006 | lr 1.81e-04 | grad 2.14 | 2.3k tok/s (avg 1.4k) | cert 0.09→0.09 | ticks [8.250 8.312 8.250 8.062] | Δticks -0.188 | pc 0.382 (Δ-0.067) | hpc_loss 5.250 | F 5.250 | gate 0.900 | |M| 1.7457 | lr_eff 0.100 | w_min 0.77 | dist 6.258 | ETA 1980.8h
step   1220 | T=4 | loss 15.6201 | lr 1.83e-04 | grad 2.20 | 1.2k tok/s (avg 1.4k) | cert 0.11→0.11 | ticks [9.000 9.062 9.000 8.750] | Δticks -0.250 | pc 0.369 (Δ+0.017) | hpc_loss 5.344 | F 5.344 | gate 0.900 | |M| 1.9627 | lr_eff 0.100 | w_min 0.85 | dist 5.863 | ETA 1984.7h
step   1230 | T=4 | loss 16.6679 | lr 1.84e-04 | grad 2.20 | 2.3k tok/s (avg 1.4k) | cert 0.12→0.11 | ticks [8.188 8.312 8.250 8.062] | Δticks -0.125 | pc 0.368 (Δ+0.021) | hpc_loss 5.344 | F 5.312 | gate 0.900 | |M| 1.9427 | lr_eff 0.100 | w_min 0.85 | dist 7.657 | ETA 1978.7h
step   1240 | T=4 | loss 13.5945 | lr 1.86e-04 | grad 2.14 | 1.1k tok/s (avg 1.4k) | cert 0.18→0.17 | ticks [6.844 6.969 7.000 6.812] | Δticks -0.031 | pc 0.311 (Δ+0.096) | hpc_loss 5.438 | F 5.438 | gate 0.900 | |M| 2.8088 | lr_eff 0.100 | w_min 0.74 | dist 5.877 | ETA 1983.1h
step   1250 | T=4 | loss 15.8074 | lr 1.87e-04 | grad 2.11 | 1.2k tok/s (avg 1.4k) | cert 0.08→0.07 | ticks [9.938 10.000 9.938 9.750] | Δticks -0.188 | pc 0.204 (Δ+0.072) | hpc_loss 5.438 | F 5.469 | gate 0.900 | |M| 1.5462 | lr_eff 0.100 | w_min 0.70 | dist 5.041 | ETA 1985.7h
step   1260 | T=4 | loss 17.3585 | lr 1.89e-04 | grad 2.11 | 2.3k tok/s (avg 1.4k) | cert 0.07→0.07 | ticks [10.188 10.250 10.188 9.938] | Δticks -0.250 | pc 0.198 (Δ+0.059) | hpc_loss 5.438 | F 5.438 | gate 0.900 | |M| 1.5221 | lr_eff 0.100 | w_min 0.70 | dist 6.340 | ETA 1979.8h
step   1270 | T=4 | loss 18.9504 | lr 1.90e-04 | grad 2.20 | 1.2k tok/s (avg 1.4k) | cert 0.13→0.12 | ticks [8.125 8.250 8.250 8.062] | Δticks -0.062 | pc 0.134 (Δ+0.052) | hpc_loss 5.438 | F 5.438 | gate 0.900 | |M| 2.1778 | lr_eff 0.100 | w_min 0.60 | dist 9.903 | ETA 1983.3h
step   1280 | T=4 | loss 13.5061 | lr 1.92e-04 | grad 2.19 | 1.3k tok/s (avg 1.4k) | cert 0.23→0.22 | ticks [7.000 7.031 7.031 6.906] | Δticks -0.094 | pc 0.099 (Δ+0.003) | hpc_loss 5.312 | F 5.312 | gate 0.900 | |M| 2.7277 | lr_eff 0.100 | w_min 0.58 | dist 5.674 | ETA 1985.5h
step   1290 | T=4 | loss 13.8397 | lr 1.93e-04 | grad 2.19 | 2.3k tok/s (avg 1.4k) | cert 0.16→0.15 | ticks [7.406 7.438 7.438 7.344] | Δticks -0.062 | pc 0.102 (Δ+0.005) | hpc_loss 5.312 | F 5.312 | gate 0.900 | |M| 2.8477 | lr_eff 0.100 | w_min 0.59 | dist 5.579 | ETA 1979.7h
step   1300 | T=4 | loss 15.2595 | lr 1.95e-04 | grad 2.12 | 1.1k tok/s (avg 1.4k) | cert 0.06→0.06 | ticks [9.625 9.562 9.438 9.312] | Δticks -0.312 | pc 0.082 (Δ-0.045) | hpc_loss 5.188 | F 5.188 | gate 0.900 | |M| 1.6141 | lr_eff 0.100 | w_min 0.50 | dist 4.929 | ETA 1983.8h
step   1310 | T=4 | loss 13.9676 | lr 1.96e-04 | grad 2.12 | 2.3k tok/s (avg 1.4k) | cert 0.20→0.19 | ticks [7.219 7.219 7.188 7.094] | Δticks -0.125 | pc 0.092 (Δ-0.044) | hpc_loss 5.188 | F 5.188 | gate 0.900 | |M| 3.0825 | lr_eff 0.100 | w_min 0.54 | dist 6.047 | ETA 1978.3h
step   1320 | T=4 | loss 16.3216 | lr 1.98e-04 | grad 2.17 | 1.2k tok/s (avg 1.4k) | cert 0.09→0.10 | ticks [9.688 9.562 9.438 9.312] | Δticks -0.375 | pc 0.085 (Δ-0.074) | hpc_loss 5.094 | F 5.094 | gate 0.900 | |M| 1.9633 | lr_eff 0.100 | w_min 0.50 | dist 6.026 | ETA 1981.9h
step   1330 | T=4 | loss 15.2683 | lr 1.99e-04 | grad 1.96 | 1.1k tok/s (avg 1.4k) | cert 0.17→0.19 | ticks [8.188 8.062 7.938 7.781] | Δticks -0.406 | pc 0.095 (Δ-0.097) | hpc_loss 5.031 | F 5.000 | gate 0.900 | |M| 2.8608 | lr_eff 0.100 | w_min 0.57 | dist 6.695 | ETA 1985.8h
step   1340 | T=4 | loss 13.8573 | lr 2.01e-04 | grad 1.96 | 2.3k tok/s (avg 1.4k) | cert 0.22→0.23 | ticks [6.938 6.844 6.750 6.625] | Δticks -0.312 | pc 0.108 (Δ-0.100) | hpc_loss 5.000 | F 5.000 | gate 0.900 | |M| 4.2625 | lr_eff 0.100 | w_min 0.72 | dist 6.294 | ETA 1980.3h
step   1350 | T=4 | loss 15.8890 | lr 2.02e-04 | grad 1.80 | 1.0k tok/s (avg 1.4k) | cert 0.31→0.31 | ticks [7.750 7.656 7.562 7.438] | Δticks -0.312 | pc 0.119 (Δ-0.116) | hpc_loss 5.000 | F 5.000 | gate 0.900 | |M| 3.2670 | lr_eff 0.100 | w_min 0.72 | dist 7.499 | ETA 1986.6h
step   1360 | T=4 | loss 16.8355 | lr 2.04e-04 | grad 1.78 | 1.0k tok/s (avg 1.4k) | cert 0.18→0.20 | ticks [7.625 7.531 7.406 7.281] | Δticks -0.344 | pc 0.151 (Δ-0.132) | hpc_loss 5.031 | F 5.031 | gate 0.900 | |M| 3.3536 | lr_eff 0.100 | w_min 0.80 | dist 8.680 | ETA 1992.6h
step   1370 | T=4 | loss 15.4027 | lr 2.05e-04 | grad 1.78 | 2.3k tok/s (avg 1.4k) | cert 0.14→0.16 | ticks [9.125 8.938 8.750 8.625] | Δticks -0.500 | pc 0.141 (Δ-0.133) | hpc_loss 5.031 | F 5.031 | gate 0.900 | |M| 2.5533 | lr_eff 0.100 | w_min 0.73 | dist 5.872 | ETA 1987.1h
step   1380 | T=4 | loss 13.4270 | lr 2.07e-04 | grad 1.59 | 1.0k tok/s (avg 1.4k) | cert 0.17→0.19 | ticks [7.406 7.312 7.219 7.062] | Δticks -0.344 | pc 0.221 (Δ-0.098) | hpc_loss 5.094 | F 5.094 | gate 0.900 | |M| 3.7988 | lr_eff 0.100 | w_min 0.80 | dist 5.538 | ETA 1993.1h
step   1390 | T=4 | loss 11.9323 | lr 2.08e-04 | grad 1.59 | 2.3k tok/s (avg 1.4k) | cert 0.22→0.23 | ticks [6.375 6.344 6.281 6.156] | Δticks -0.219 | pc 0.236 (Δ-0.083) | hpc_loss 5.125 | F 5.125 | gate 0.900 | |M| 4.7965 | lr_eff 0.100 | w_min 0.76 | dist 4.976 | ETA 1987.7h
step   1400 | T=4 | loss 11.9130 | lr 2.10e-04 | grad 1.96 | 1.0k tok/s (avg 1.4k) | cert 0.22→0.24 | ticks [6.594 6.562 6.469 6.312] | Δticks -0.281 | pc 0.231 (Δ-0.098) | hpc_loss 5.156 | F 5.156 | gate 0.900 | |M| 4.5755 | lr_eff 0.100 | w_min 0.73 | dist 4.767 | ETA 1993.6h
step   1410 | T=4 | loss 13.5607 | lr 2.11e-04 | grad 1.79 | 1.0k tok/s (avg 1.4k) | cert 0.28→0.29 | ticks [6.281 6.281 6.219 6.094] | Δticks -0.188 | pc 0.246 (Δ-0.024) | hpc_loss 5.250 | F 5.250 | gate 0.900 | |M| 5.1951 | lr_eff 0.100 | w_min 0.68 | dist 6.662 | ETA 1999.3h
step   1420 | T=4 | loss 12.5349 | lr 2.13e-04 | grad 1.79 | 2.3k tok/s (avg 1.4k) | cert 0.35→0.36 | ticks [5.750 5.719 5.656 5.531] | Δticks -0.219 | pc 0.244 (Δ-0.026) | hpc_loss 5.250 | F 5.250 | gate 0.900 | |M| 6.0900 | lr_eff 0.100 | w_min 0.68 | dist 6.164 | ETA 1993.9h
step   1430 | T=4 | loss 14.2444 | lr 2.14e-04 | grad 1.65 | 1.0k tok/s (avg 1.4k) | cert 0.26→0.27 | ticks [6.219 6.250 6.250 6.156] | Δticks -0.062 | pc 0.223 (Δ+0.048) | hpc_loss 5.312 | F 5.312 | gate 0.900 | |M| 5.7520 | lr_eff 0.100 | w_min 0.63 | dist 7.273 | ETA 1999.6h
step   1440 | T=4 | loss 13.3910 | lr 2.16e-04 | grad 1.81 | 1.0k tok/s (avg 1.4k) | cert 0.28→0.29 | ticks [6.500 6.500 6.500 6.344] | Δticks -0.156 | pc 0.154 (Δ+0.046) | hpc_loss 5.281 | F 5.281 | gate 0.900 | |M| 5.6615 | lr_eff 0.100 | w_min 0.59 | dist 6.219 | ETA 2005.1h
step   1450 | T=4 | loss 11.2367 | lr 2.17e-04 | grad 1.81 | 2.3k tok/s (avg 1.4k) | cert 0.41→0.41 | ticks [5.125 5.156 5.125 5.031] | Δticks -0.094 | pc 0.163 (Δ+0.060) | hpc_loss 5.312 | F 5.281 | gate 0.900 | |M| 7.5007 | lr_eff 0.100 | w_min 0.61 | dist 5.340 | ETA 2000.0h
step   1460 | T=4 | loss 12.6498 | lr 2.19e-04 | grad 1.79 | 1.0k tok/s (avg 1.4k) | cert 0.25→0.27 | ticks [6.500 6.500 6.469 6.344] | Δticks -0.156 | pc 0.107 (Δ+0.034) | hpc_loss 5.219 | F 5.219 | gate 0.900 | |M| 5.5633 | lr_eff 0.100 | w_min 0.55 | dist 5.508 | ETA 2005.4h
step   1470 | T=4 | loss 13.7671 | lr 2.20e-04 | grad 1.79 | 2.3k tok/s (avg 1.4k) | cert 0.22→0.24 | ticks [8.500 8.438 8.312 8.125] | Δticks -0.375 | pc 0.094 (Δ+0.014) | hpc_loss 5.188 | F 5.219 | gate 0.900 | |M| 3.6627 | lr_eff 0.100 | w_min 0.53 | dist 4.801 | ETA 2000.2h
step   1480 | T=4 | loss 13.6391 | lr 2.22e-04 | grad 1.75 | 1.0k tok/s (avg 1.4k) | cert 0.21→0.23 | ticks [8.625 8.500 8.438 8.250] | Δticks -0.375 | pc 0.076 (Δ+0.004) | hpc_loss 5.094 | F 5.125 | gate 0.900 | |M| 4.1655 | lr_eff 0.100 | w_min 0.56 | dist 4.575 | ETA 2005.6h
step   1490 | T=4 | loss 20.8119 | lr 2.23e-04 | grad 1.77 | 1.0k tok/s (avg 1.4k) | cert 0.21→0.26 | ticks [7.938 7.812 7.656 7.500] | Δticks -0.438 | pc 0.066 (Δ-0.019) | hpc_loss 5.031 | F 5.031 | gate 0.900 | |M| 4.7778 | lr_eff 0.100 | w_min 0.58 | dist 12.504 | ETA 2010.8h
step   1500 | T=4 | loss 11.2227 | lr 2.25e-04 | grad 1.77 | 2.3k tok/s (avg 1.4k) | cert 0.34→0.37 | ticks [5.531 5.500 5.500 5.438] | Δticks -0.094 | pc 0.069 (Δ-0.014) | hpc_loss 5.031 | F 5.031 | gate 0.900 | |M| 7.3101 | lr_eff 0.100 | w_min 0.64 | dist 5.024 | ETA 2005.7h
step   1510 | T=4 | loss 11.3007 | lr 2.26e-04 | grad 1.74 | 1.0k tok/s (avg 1.4k) | cert 0.36→0.40 | ticks [5.125 5.094 5.062 5.000] | Δticks -0.125 | pc 0.068 (Δ-0.029) | hpc_loss 5.000 | F 5.000 | gate 0.900 | |M| 8.9094 | lr_eff 0.100 | w_min 0.66 | dist 5.559 | ETA 2010.9h
step   1520 | T=4 | loss 15.2322 | lr 2.28e-04 | grad 1.45 | 1.0k tok/s (avg 1.4k) | cert 0.44→0.46 | ticks [5.781 5.656 5.562 5.500] | Δticks -0.281 | pc 0.069 (Δ-0.047) | hpc_loss 4.969 | F 5.000 | gate 0.900 | |M| 8.4144 | lr_eff 0.100 | w_min 0.68 | dist 8.926 | ETA 2016.1h
step   1530 | T=4 | loss 11.1881 | lr 2.29e-04 | grad 1.45 | 2.3k tok/s (avg 1.4k) | cert 0.26→0.31 | ticks [6.531 6.469 6.375 6.281] | Δticks -0.250 | pc 0.067 (Δ-0.049) | hpc_loss 4.969 | F 5.000 | gate 0.900 | |M| 6.7413 | lr_eff 0.100 | w_min 0.66 | dist 4.163 | ETA 2011.0h
step   1540 | T=4 | loss 12.3715 | lr 2.31e-04 | grad 1.58 | 1.0k tok/s (avg 1.4k) | cert 0.32→0.36 | ticks [6.219 6.125 6.031 5.969] | Δticks -0.250 | pc 0.081 (Δ-0.055) | hpc_loss 5.000 | F 5.000 | gate 0.900 | |M| 8.2532 | lr_eff 0.100 | w_min 0.68 | dist 5.668 | ETA 2016.2h
step   1550 | T=4 | loss 14.0608 | lr 2.32e-04 | grad 1.58 | 2.3k tok/s (avg 1.4k) | cert 0.35→0.40 | ticks [6.250 6.188 6.094 6.062] | Δticks -0.188 | pc 0.078 (Δ-0.060) | hpc_loss 5.000 | F 5.000 | gate 0.900 | |M| 8.4470 | lr_eff 0.100 | w_min 0.62 | dist 7.248 | ETA 2011.2h
step   1560 | T=4 | loss 13.9986 | lr 2.34e-04 | grad 1.62 | 1.0k tok/s (avg 1.4k) | cert 0.21→0.29 | ticks [8.250 8.125 7.969 7.875] | Δticks -0.375 | pc 0.089 (Δ-0.074) | hpc_loss 5.000 | F 5.031 | gate 0.900 | |M| 4.8511 | lr_eff 0.100 | w_min 0.62 | dist 5.299 | ETA 2016.3h
step   1570 | T=4 | loss 12.2962 | lr 2.35e-04 | grad 1.73 | 1.0k tok/s (avg 1.4k) | cert 0.38→0.40 | ticks [5.750 5.688 5.625 5.594] | Δticks -0.156 | pc 0.132 (Δ-0.048) | hpc_loss 5.031 | F 5.031 | gate 0.900 | |M| 9.1862 | lr_eff 0.100 | w_min 0.75 | dist 5.977 | ETA 2021.2h
step   1580 | T=4 | loss 13.2798 | lr 2.37e-04 | grad 1.73 | 2.3k tok/s (avg 1.4k) | cert 0.24→0.30 | ticks [8.188 8.062 7.906 7.812] | Δticks -0.375 | pc 0.114 (Δ-0.071) | hpc_loss 5.031 | F 5.031 | gate 0.900 | |M| 5.7767 | lr_eff 0.100 | w_min 0.71 | dist 4.583 | ETA 2016.3h
step   1590 | T=4 | loss 13.1190 | lr 2.38e-04 | grad 1.57 | 1.0k tok/s (avg 1.4k) | cert 0.30→0.32 | ticks [7.250 7.156 7.062 7.000] | Δticks -0.250 | pc 0.151 (Δ-0.026) | hpc_loss 5.062 | F 5.062 | gate 0.900 | |M| 8.1974 | lr_eff 0.100 | w_min 0.73 | dist 5.281 | ETA 2021.3h
step   1600 | T=4 | loss 14.7393 | lr 2.40e-04 | grad 1.52 | 1.0k tok/s (avg 1.4k) | cert 0.33→0.35 | ticks [5.938 5.875 5.812 5.781] | Δticks -0.156 | pc 0.154 (Δ-0.015) | hpc_loss 5.094 | F 5.094 | gate 0.900 | |M| 11.0275 | lr_eff 0.100 | w_min 0.73 | dist 8.171 | ETA 2026.1h
step   1610 | T=4 | loss 11.4860 | lr 2.41e-04 | grad 1.52 | 2.3k tok/s (avg 1.4k) | cert 0.37→0.40 | ticks [5.500 5.469 5.469 5.406] | Δticks -0.094 | pc 0.147 (Δ-0.026) | hpc_loss 5.062 | F 5.094 | gate 0.900 | |M| 9.0106 | lr_eff 0.100 | w_min 0.68 | dist 5.285 | ETA 2021.2h
step   1620 | T=4 | loss 12.8883 | lr 2.43e-04 | grad 1.58 | 1.0k tok/s (avg 1.4k) | cert 0.33→0.37 | ticks [7.312 7.188 7.062 6.938] | Δticks -0.375 | pc 0.127 (Δ-0.029) | hpc_loss 5.062 | F 5.062 | gate 0.900 | |M| 8.1492 | lr_eff 0.100 | w_min 0.63 | dist 5.130 | ETA 2026.0h
step   1630 | T=4 | loss 12.2113 | lr 2.44e-04 | grad 1.58 | 2.3k tok/s (avg 1.4k) | cert 0.50→0.51 | ticks [4.219 4.188 4.188 4.156] | Δticks -0.062 | pc 0.123 (Δ-0.032) | hpc_loss 5.062 | F 5.062 | gate 0.900 | |M| 14.6010 | lr_eff 0.100 | w_min 0.64 | dist 7.258 | ETA 2021.2h
step   1640 | T=4 | loss 13.0174 | lr 2.46e-04 | grad 1.41 | 1.0k tok/s (avg 1.4k) | cert 0.45→0.46 | ticks [4.625 4.594 4.594 4.531] | Δticks -0.094 | pc 0.115 (Δ-0.019) | hpc_loss 5.031 | F 5.031 | gate 0.900 | |M| 14.7363 | lr_eff 0.100 | w_min 0.70 | dist 7.689 | ETA 2026.1h
step   1650 | T=4 | loss 15.9209 | lr 2.47e-04 | grad 1.45 | 1.0k tok/s (avg 1.4k) | cert 0.30→0.35 | ticks [6.969 6.844 6.781 6.688] | Δticks -0.281 | pc 0.089 (Δ-0.028) | hpc_loss 5.000 | F 5.000 | gate 0.900 | |M| 8.9410 | lr_eff 0.100 | w_min 0.71 | dist 8.463 | ETA 2030.7h
step   1660 | T=4 | loss 11.1421 | lr 2.49e-04 | grad 1.45 | 2.3k tok/s (avg 1.4k) | cert 0.38→0.41 | ticks [5.562 5.531 5.500 5.469] | Δticks -0.094 | pc 0.091 (Δ-0.025) | hpc_loss 5.000 | F 5.000 | gate 0.900 | |M| 10.9124 | lr_eff 0.100 | w_min 0.70 | dist 4.940 | ETA 2026.1h
step   1670 | T=4 | loss 12.8414 | lr 2.51e-04 | grad 1.55 | 1.0k tok/s (avg 1.4k) | cert 0.27→0.32 | ticks [8.000 7.844 7.719 7.594] | Δticks -0.406 | pc 0.080 (Δ-0.020) | hpc_loss 4.969 | F 5.000 | gate 0.900 | |M| 6.9237 | lr_eff 0.100 | w_min 0.70 | dist 4.451 | ETA 2030.6h
step   1680 | T=4 | loss 15.0015 | lr 2.52e-04 | grad 1.29 | 1.0k tok/s (avg 1.4k) | cert 0.29→0.36 | ticks [7.375 7.250 7.188 7.125] | Δticks -0.250 | pc 0.068 (Δ-0.024) | hpc_loss 4.938 | F 4.969 | gate 0.900 | |M| 7.2184 | lr_eff 0.100 | w_min 0.66 | dist 7.064 | ETA 2035.2h
step   1690 | T=4 | loss 12.3303 | lr 2.53e-04 | grad 1.29 | 2.3k tok/s (avg 1.4k) | cert 0.45→0.48 | ticks [5.125 5.062 5.031 5.000] | Δticks -0.125 | pc 0.076 (Δ-0.016) | hpc_loss 4.938 | F 4.969 | gate 0.900 | |M| 13.3462 | lr_eff 0.100 | w_min 0.68 | dist 6.576 | ETA 2030.5h
step   1700 | T=4 | loss 13.4260 | lr 2.55e-04 | grad 1.35 | 1.0k tok/s (avg 1.4k) | cert 0.39→0.43 | ticks [6.500 6.344 6.281 6.250] | Δticks -0.250 | pc 0.070 (Δ-0.018) | hpc_loss 4.938 | F 4.938 | gate 0.900 | |M| 9.9699 | lr_eff 0.100 | w_min 0.66 | dist 6.383 | ETA 2034.9h
step   1710 | T=4 | loss 11.2076 | lr 2.56e-04 | grad 1.35 | 2.3k tok/s (avg 1.4k) | cert 0.39→0.43 | ticks [5.156 5.094 5.062 5.031] | Δticks -0.125 | pc 0.069 (Δ-0.020) | hpc_loss 4.938 | F 4.938 | gate 0.900 | |M| 12.8161 | lr_eff 0.100 | w_min 0.67 | dist 5.421 | ETA 2030.3h
step   1720 | T=4 | loss 13.7436 | lr 2.58e-04 | grad 1.45 | 1.0k tok/s (avg 1.4k) | cert 0.29→0.38 | ticks [7.469 7.281 7.188 7.156] | Δticks -0.312 | pc 0.063 (Δ-0.026) | hpc_loss 4.938 | F 4.938 | gate 0.900 | |M| 8.8019 | lr_eff 0.100 | w_min 0.63 | dist 5.758 | ETA 2034.8h
step   1730 | T=4 | loss 12.9198 | lr 2.59e-04 | grad 1.30 | 1.0k tok/s (avg 1.4k) | cert 0.46→0.49 | ticks [4.531 4.438 4.438 4.406] | Δticks -0.125 | pc 0.071 (Δ-0.023) | hpc_loss 4.906 | F 4.906 | gate 0.900 | |M| 18.2084 | lr_eff 0.100 | w_min 0.72 | dist 7.776 | ETA 2039.1h
step   1740 | T=4 | loss 13.4278 | lr 2.61e-04 | grad 1.30 | 2.3k tok/s (avg 1.4k) | cert 0.24→0.31 | ticks [7.594 7.375 7.250 7.188] | Δticks -0.406 | pc 0.066 (Δ-0.027) | hpc_loss 4.906 | F 4.906 | gate 0.900 | |M| 7.8701 | lr_eff 0.100 | w_min 0.70 | dist 5.485 | ETA 2034.5h
step   1750 | T=4 | loss 14.4826 | lr 2.62e-04 | grad 1.36 | 1.0k tok/s (avg 1.4k) | cert 0.29→0.38 | ticks [7.406 7.250 7.188 7.188] | Δticks -0.219 | pc 0.066 (Δ-0.027) | hpc_loss 4.906 | F 4.938 | gate 0.900 | |M| 8.8329 | lr_eff 0.100 | w_min 0.68 | dist 6.524 | ETA 2038.8h
step   1760 | T=4 | loss 9.9904 | lr 2.64e-04 | grad 1.27 | 1.0k tok/s (avg 1.4k) | cert 0.36→0.41 | ticks [5.625 5.562 5.531 5.500] | Δticks -0.125 | pc 0.077 (Δ-0.019) | hpc_loss 4.906 | F 4.906 | gate 0.900 | |M| 13.4773 | lr_eff 0.100 | w_min 0.73 | dist 3.744 | ETA 2043.1h
step   1770 | T=4 | loss 10.9655 | lr 2.65e-04 | grad 1.27 | 2.3k tok/s (avg 1.4k) | cert 0.38→0.44 | ticks [5.375 5.344 5.344 5.312] | Δticks -0.062 | pc 0.075 (Δ-0.023) | hpc_loss 4.906 | F 4.906 | gate 0.900 | |M| 13.3700 | lr_eff 0.100 | w_min 0.73 | dist 4.891 | ETA 2038.5h
step   1780 | T=4 | loss 16.4843 | lr 2.67e-04 | grad 1.12 | 1.0k tok/s (avg 1.4k) | cert 0.34→0.40 | ticks [6.094 5.969 5.938 5.906] | Δticks -0.188 | pc 0.076 (Δ-0.017) | hpc_loss 4.906 | F 4.906 | gate 0.900 | |M| 11.4844 | lr_eff 0.100 | w_min 0.69 | dist 9.805 | ETA 2042.7h
step   1790 | T=4 | loss 11.8077 | lr 2.68e-04 | grad 1.12 | 2.3k tok/s (avg 1.4k) | cert 0.31→0.38 | ticks [6.281 6.125 6.094 6.062] | Δticks -0.219 | pc 0.075 (Δ-0.017) | hpc_loss 4.906 | F 4.906 | gate 0.900 | |M| 11.6147 | lr_eff 0.100 | w_min 0.67 | dist 5.001 | ETA 2038.3h
step   1800 | T=4 | loss 12.8752 | lr 2.70e-04 | grad 1.20 | 1.0k tok/s (avg 1.4k) | cert 0.30→0.37 | ticks [6.875 6.688 6.594 6.562] | Δticks -0.312 | pc 0.073 (Δ-0.012) | hpc_loss 4.906 | F 4.906 | gate 0.900 | |M| 10.0214 | lr_eff 0.100 | w_min 0.65 | dist 5.563 | ETA 2042.5h
step   1810 | T=4 | loss 9.8185 | lr 2.71e-04 | grad 1.29 | 1.0k tok/s (avg 1.4k) | cert 0.42→0.46 | ticks [4.812 4.719 4.688 4.656] | Δticks -0.156 | pc 0.068 (Δ-0.010) | hpc_loss 4.875 | F 4.875 | gate 0.900 | |M| 18.0187 | lr_eff 0.100 | w_min 0.68 | dist 4.397 | ETA 2046.6h
step   1820 | T=4 | loss 11.0329 | lr 2.73e-04 | grad 1.29 | 2.3k tok/s (avg 1.4k) | cert 0.39→0.45 | ticks [5.344 5.250 5.219 5.188] | Δticks -0.156 | pc 0.066 (Δ-0.012) | hpc_loss 4.875 | F 4.875 | gate 0.900 | |M| 15.5575 | lr_eff 0.100 | w_min 0.66 | dist 5.078 | ETA 2042.2h
step   1830 | T=4 | loss 14.3060 | lr 2.74e-04 | grad 1.27 | 1.0k tok/s (avg 1.4k) | cert 0.28→0.38 | ticks [7.781 7.531 7.438 7.438] | Δticks -0.344 | pc 0.056 (Δ-0.015) | hpc_loss 4.875 | F 4.875 | gate 0.900 | |M| 8.2011 | lr_eff 0.100 | w_min 0.66 | dist 6.129 | ETA 2046.3h
step   1840 | T=4 | loss 12.7491 | lr 2.76e-04 | grad 1.50 | 1.0k tok/s (avg 1.4k) | cert 0.32→0.41 | ticks [6.625 6.469 6.438 6.438] | Δticks -0.188 | pc 0.054 (Δ-0.016) | hpc_loss 4.875 | F 4.875 | gate 0.900 | |M| 10.3865 | lr_eff 0.100 | w_min 0.70 | dist 5.543 | ETA 2050.4h
step   1850 | T=4 | loss 10.6163 | lr 2.77e-04 | grad 1.50 | 2.3k tok/s (avg 1.4k) | cert 0.42→0.48 | ticks [4.875 4.781 4.719 4.719] | Δticks -0.156 | pc 0.055 (Δ-0.016) | hpc_loss 4.844 | F 4.844 | gate 0.900 | |M| 18.4026 | lr_eff 0.100 | w_min 0.75 | dist 5.153 | ETA 2046.0h
step   1860 | T=4 | loss 9.6813 | lr 2.79e-04 | grad 1.32 | 1.0k tok/s (avg 1.4k) | cert 0.38→0.46 | ticks [5.344 5.250 5.219 5.188] | Δticks -0.156 | pc 0.054 (Δ-0.018) | hpc_loss 4.844 | F 4.844 | gate 0.900 | |M| 17.0351 | lr_eff 0.100 | w_min 0.76 | dist 3.710 | ETA 2050.5h
step   1870 | T=4 | loss 14.0334 | lr 2.80e-04 | grad 1.32 | 2.3k tok/s (avg 1.4k) | cert 0.39→0.48 | ticks [6.562 6.406 6.344 6.312] | Δticks -0.250 | pc 0.053 (Δ-0.018) | hpc_loss 4.844 | F 4.844 | gate 0.900 | |M| 15.9826 | lr_eff 0.100 | w_min 0.72 | dist 6.919 | ETA 2046.2h
step   1880 | T=4 | loss 11.6808 | lr 2.82e-04 | grad 1.36 | 1.0k tok/s (avg 1.4k) | cert 0.38→0.46 | ticks [5.375 5.250 5.188 5.156] | Δticks -0.219 | pc 0.054 (Δ-0.017) | hpc_loss 4.812 | F 4.812 | gate 0.900 | |M| 18.3919 | lr_eff 0.100 | w_min 0.72 | dist 5.768 | ETA 2050.1h
step   1890 | T=4 | loss 11.8747 | lr 2.83e-04 | grad 1.33 | 1.0k tok/s (avg 1.4k) | cert 0.30→0.41 | ticks [5.750 5.594 5.500 5.438] | Δticks -0.312 | pc 0.053 (Δ-0.017) | hpc_loss 4.812 | F 4.844 | gate 0.900 | |M| 16.1370 | lr_eff 0.100 | w_min 0.68 | dist 5.626 | ETA 2053.9h
step   1900 | T=4 | loss 10.0366 | lr 2.85e-04 | grad 1.33 | 2.3k tok/s (avg 1.4k) | cert 0.36→0.45 | ticks [5.344 5.219 5.156 5.125] | Δticks -0.219 | pc 0.055 (Δ-0.014) | hpc_loss 4.844 | F 4.812 | gate 0.900 | |M| 17.1564 | lr_eff 0.100 | w_min 0.66 | dist 4.145 | ETA 2049.7h
step   1910 | T=4 | loss 15.4331 | lr 2.86e-04 | grad 1.30 | 1.0k tok/s (avg 1.4k) | cert 0.50→0.56 | ticks [5.094 5.000 4.906 4.906] | Δticks -0.188 | pc 0.052 (Δ-0.012) | hpc_loss 4.844 | F 4.844 | gate 0.900 | |M| 22.7822 | lr_eff 0.100 | w_min 0.63 | dist 9.770 | ETA 2053.5h
step   1920 | T=4 | loss 11.2782 | lr 2.88e-04 | grad 1.39 | 1.0k tok/s (avg 1.4k) | cert 0.30→0.42 | ticks [6.219 6.062 5.969 5.938] | Δticks -0.281 | pc 0.049 (Δ-0.010) | hpc_loss 4.844 | F 4.844 | gate 0.900 | |M| 14.7873 | lr_eff 0.100 | w_min 0.60 | dist 4.557 | ETA 2057.4h
step   1930 | T=4 | loss 11.3497 | lr 2.89e-04 | grad 1.39 | 2.3k tok/s (avg 1.4k) | cert 0.33→0.44 | ticks [6.531 6.344 6.250 6.188] | Δticks -0.344 | pc 0.049 (Δ-0.010) | hpc_loss 4.844 | F 4.844 | gate 0.900 | |M| 14.8939 | lr_eff 0.100 | w_min 0.59 | dist 4.339 | ETA 2053.3h
step   1940 | T=4 | loss 14.2531 | lr 2.91e-04 | grad 1.35 | 1.0k tok/s (avg 1.4k) | cert 0.31→0.43 | ticks [7.094 6.969 6.938 6.938] | Δticks -0.156 | pc 0.044 (Δ-0.008) | hpc_loss 4.844 | F 4.844 | gate 0.900 | |M| 11.9322 | lr_eff 0.100 | w_min 0.57 | dist 6.489 | ETA 2057.0h
step   1950 | T=4 | loss 12.7680 | lr 2.93e-04 | grad 1.35 | 2.3k tok/s (avg 1.4k) | cert 0.26→0.40 | ticks [7.625 7.406 7.281 7.281] | Δticks -0.344 | pc 0.044 (Δ-0.011) | hpc_loss 4.844 | F 4.812 | gate 0.900 | |M| 10.7124 | lr_eff 0.100 | w_min 0.63 | dist 4.680 | ETA 2052.9h
step   1960 | T=4 | loss 10.9777 | lr 2.94e-04 | grad 1.48 | 1.0k tok/s (avg 1.4k) | cert 0.35→0.45 | ticks [4.906 4.781 4.719 4.656] | Δticks -0.250 | pc 0.040 (Δ-0.006) | hpc_loss 4.812 | F 4.812 | gate 0.900 | |M| 18.5585 | lr_eff 0.100 | w_min 0.56 | dist 5.480 | ETA 2056.8h
step   1970 | T=4 | loss 10.6392 | lr 2.95e-04 | grad 1.45 | 1.0k tok/s (avg 1.4k) | cert 0.37→0.48 | ticks [5.469 5.281 5.156 5.094] | Δticks -0.375 | pc 0.034 (Δ-0.010) | hpc_loss 4.812 | F 4.812 | gate 0.900 | |M| 20.7630 | lr_eff 0.100 | w_min 0.59 | dist 4.753 | ETA 2060.5h
step   1980 | T=4 | loss 17.0494 | lr 2.97e-04 | grad 1.45 | 2.3k tok/s (avg 1.4k) | cert 0.33→0.45 | ticks [6.156 6.000 5.875 5.844] | Δticks -0.312 | pc 0.035 (Δ-0.011) | hpc_loss 4.812 | F 4.812 | gate 0.900 | |M| 14.5921 | lr_eff 0.100 | w_min 0.61 | dist 10.382 | ETA 2056.4h
step   1990 | T=4 | loss 10.9694 | lr 2.98e-04 | grad 1.51 | 1.0k tok/s (avg 1.4k) | cert 0.34→0.45 | ticks [5.250 5.094 4.969 4.938] | Δticks -0.312 | pc 0.032 (Δ-0.015) | hpc_loss 4.812 | F 4.844 | gate 0.900 | |M| 18.4696 | lr_eff 0.100 | w_min 0.62 | dist 5.261 | ETA 2060.2h
step   2000 | T=4 | loss 10.0156 | lr 3.00e-04 | grad 1.34 | 1.0k tok/s (avg 1.4k) | cert 0.32→0.44 | ticks [5.750 5.625 5.500 5.438] | Δticks -0.312 | pc 0.031 (Δ-0.019) | hpc_loss 4.812 | F 4.812 | gate 0.900 | |M| 19.6093 | lr_eff 0.100 | w_min 0.67 | dist 3.782 | ETA 2063.9h
[CachedTeacherDataset/eval] 9 shards (of 199 total) under teacher_cache/phase1 | seq_len=512 top_k=128
  >>> val @ step 2000:
  T=4 | CE=5.5671 | PPL=261.67 | top1=20.0% | top5=39.4% | (25600 tok)
step   2010 | T=4 | loss 10.2097 | lr 3.00e-04 | grad 1.34 | 0.7k tok/s (avg 1.4k) | cert 0.33→0.45 | ticks [5.469 5.312 5.156 5.094] | Δticks -0.375 | pc 0.032 (Δ-0.018) | hpc_loss 4.812 | F 4.812 | gate 0.900 | |M| 20.4716 | lr_eff 0.100 | w_min 0.66 | dist 4.284 | ETA 2074.7h
step   2020 | T=4 | loss 14.6091 | lr 3.00e-04 | grad 1.48 | 1.5k tok/s (avg 1.4k) | cert 0.41→0.52 | ticks [6.000 5.906 5.781 5.750] | Δticks -0.250 | pc 0.035 (Δ-0.014) | hpc_loss 4.812 | F 4.812 | gate 0.900 | |M| 21.4192 | lr_eff 0.100 | w_min 0.62 | dist 8.023 | ETA 2074.0h
step   2030 | T=4 | loss 12.9537 | lr 3.00e-04 | grad 1.48 | 2.3k tok/s (avg 1.4k) | cert 0.36→0.49 | ticks [5.688 5.531 5.406 5.344] | Δticks -0.344 | pc 0.036 (Δ-0.013) | hpc_loss 4.812 | F 4.812 | gate 0.900 | |M| 19.5556 | lr_eff 0.100 | w_min 0.62 | dist 6.733 | ETA 2070.0h
step   2040 | T=4 | loss 16.1061 | lr 3.00e-04 | grad 1.24 | 1.0k tok/s (avg 1.4k) | cert 0.35→0.46 | ticks [5.781 5.625 5.438 5.375] | Δticks -0.406 | pc 0.035 (Δ-0.013) | hpc_loss 4.781 | F 4.781 | gate 0.900 | |M| 21.5896 | lr_eff 0.100 | w_min 0.64 | dist 9.856 | ETA 2073.6h
step   2050 | T=4 | loss 12.9977 | lr 3.00e-04 | grad 1.75 | 1.0k tok/s (avg 1.4k) | cert 0.37→0.50 | ticks [5.656 5.500 5.375 5.312] | Δticks -0.344 | pc 0.035 (Δ-0.012) | hpc_loss 4.781 | F 4.781 | gate 0.900 | |M| 23.1105 | lr_eff 0.100 | w_min 0.62 | dist 6.832 | ETA 2077.3h
step   2060 | T=4 | loss 16.7746 | lr 3.00e-04 | grad 1.75 | 2.3k tok/s (avg 1.4k) | cert 0.44→0.55 | ticks [5.281 5.188 5.062 5.000] | Δticks -0.281 | pc 0.035 (Δ-0.012) | hpc_loss 4.781 | F 4.781 | gate 0.900 | |M| 24.2771 | lr_eff 0.100 | w_min 0.63 | dist 10.908 | ETA 2073.2h
step   2070 | T=4 | loss 12.7273 | lr 3.00e-04 | grad 1.59 | 1.0k tok/s (avg 1.4k) | cert 0.31→0.45 | ticks [5.969 5.844 5.688 5.625] | Δticks -0.344 | pc 0.036 (Δ-0.011) | hpc_loss 4.812 | F 4.812 | gate 0.900 | |M| 20.4368 | lr_eff 0.100 | w_min 0.61 | dist 6.226 | ETA 2076.8h
step   2080 | T=4 | loss 10.5178 | lr 3.00e-04 | grad 1.38 | 1.0k tok/s (avg 1.4k) | cert 0.38→0.50 | ticks [5.375 5.250 5.125 5.094] | Δticks -0.281 | pc 0.036 (Δ-0.009) | hpc_loss 4.812 | F 4.812 | gate 0.900 | |M| 23.0399 | lr_eff 0.100 | w_min 0.59 | dist 4.557 | ETA 2080.3h
step   2090 | T=4 | loss 11.3940 | lr 3.00e-04 | grad 1.38 | 2.3k tok/s (avg 1.4k) | cert 0.37→0.48 | ticks [5.219 5.062 4.875 4.812] | Δticks -0.406 | pc 0.036 (Δ-0.008) | hpc_loss 4.812 | F 4.812 | gate 0.900 | |M| 23.5960 | lr_eff 0.100 | w_min 0.58 | dist 5.693 | ETA 2076.3h
step   2100 | T=4 | loss 12.9923 | lr 3.00e-04 | grad 1.61 | 1.0k tok/s (avg 1.4k) | cert 0.29→0.45 | ticks [7.375 7.188 7.031 7.000] | Δticks -0.375 | pc 0.037 (Δ-0.006) | hpc_loss 4.781 | F 4.781 | gate 0.900 | |M| 14.7287 | lr_eff 0.100 | w_min 0.52 | dist 5.090 | ETA 2080.0h
step   2110 | T=4 | loss 13.4169 | lr 3.00e-04 | grad 1.61 | 2.3k tok/s (avg 1.4k) | cert 0.29→0.44 | ticks [7.031 6.906 6.750 6.750] | Δticks -0.281 | pc 0.038 (Δ-0.005) | hpc_loss 4.781 | F 4.781 | gate 0.900 | |M| 15.6346 | lr_eff 0.100 | w_min 0.56 | dist 5.778 | ETA 2076.0h
step   2120 | T=4 | loss 12.4281 | lr 3.00e-04 | grad 1.58 | 1.0k tok/s (avg 1.4k) | cert 0.35→0.48 | ticks [5.719 5.562 5.406 5.344] | Δticks -0.375 | pc 0.041 (Δ-0.001) | hpc_loss 4.781 | F 4.750 | gate 0.900 | |M| 22.8333 | lr_eff 0.100 | w_min 0.54 | dist 6.153 | ETA 2079.5h
step   2130 | T=4 | loss 11.5465 | lr 3.00e-04 | grad 1.70 | 1.0k tok/s (avg 1.4k) | cert 0.28→0.42 | ticks [7.219 7.031 6.812 6.750] | Δticks -0.469 | pc 0.041 (Δ+0.001) | hpc_loss 4.781 | F 4.750 | gate 0.900 | |M| 16.4981 | lr_eff 0.100 | w_min 0.53 | dist 3.867 | ETA 2083.2h
step   2140 | T=4 | loss 12.1179 | lr 3.00e-04 | grad 1.70 | 2.3k tok/s (avg 1.4k) | cert 0.28→0.43 | ticks [7.344 7.219 7.062 7.031] | Δticks -0.312 | pc 0.040 (Δ-0.000) | hpc_loss 4.781 | F 4.750 | gate 0.900 | |M| 16.7641 | lr_eff 0.100 | w_min 0.49 | dist 4.141 | ETA 2079.4h
step   2150 | T=4 | loss 9.7821 | lr 3.00e-04 | grad 1.32 | 1.0k tok/s (avg 1.4k) | cert 0.44→0.54 | ticks [4.406 4.281 4.094 4.000] | Δticks -0.406 | pc 0.038 (Δ+0.000) | hpc_loss 4.750 | F 4.750 | gate 0.900 | |M| 31.9588 | lr_eff 0.100 | w_min 0.54 | dist 4.856 | ETA 2083.2h
step   2160 | T=4 | loss 18.5707 | lr 3.00e-04 | grad 1.58 | 1.0k tok/s (avg 1.4k) | cert 0.24→0.38 | ticks [7.812 7.719 7.500 7.438] | Δticks -0.375 | pc 0.034 (Δ+0.003) | hpc_loss 4.750 | F 4.750 | gate 0.900 | |M| 13.2763 | lr_eff 0.100 | w_min 0.54 | dist 10.307 | ETA 2087.0h
step   2170 | T=4 | loss 12.0538 | lr 3.00e-04 | grad 1.58 | 2.3k tok/s (avg 1.4k) | cert 0.31→0.43 | ticks [5.656 5.562 5.344 5.250] | Δticks -0.406 | pc 0.033 (Δ+0.001) | hpc_loss 4.750 | F 4.750 | gate 0.900 | |M| 20.6906 | lr_eff 0.100 | w_min 0.55 | dist 5.911 | ETA 2083.1h
step   2180 | T=4 | loss 10.9880 | lr 3.00e-04 | grad 1.45 | 1.0k tok/s (avg 1.4k) | cert 0.40→0.51 | ticks [5.312 5.188 5.000 4.906] | Δticks -0.406 | pc 0.030 (Δ-0.003) | hpc_loss 4.750 | F 4.750 | gate 0.900 | |M| 29.2209 | lr_eff 0.100 | w_min 0.58 | dist 5.235 | ETA 2086.8h
step   2190 | T=4 | loss 12.3793 | lr 3.00e-04 | grad 1.45 | 2.3k tok/s (avg 1.4k) | cert 0.27→0.39 | ticks [7.469 7.375 7.156 7.062] | Δticks -0.406 | pc 0.030 (Δ-0.001) | hpc_loss 4.750 | F 4.750 | gate 0.900 | |M| 15.5590 | lr_eff 0.100 | w_min 0.55 | dist 4.458 | ETA 2083.0h
step   2200 | T=4 | loss 11.4918 | lr 3.00e-04 | grad 1.54 | 1.0k tok/s (avg 1.4k) | cert 0.41→0.52 | ticks [5.000 4.906 4.719 4.625] | Δticks -0.375 | pc 0.028 (Δ-0.007) | hpc_loss 4.719 | F 4.750 | gate 0.900 | |M| 32.2871 | lr_eff 0.100 | w_min 0.60 | dist 6.071 | ETA 2086.8h
step   2210 | T=4 | loss 12.8877 | lr 3.00e-04 | grad 1.31 | 1.0k tok/s (avg 1.4k) | cert 0.28→0.43 | ticks [7.312 7.219 6.969 6.875] | Δticks -0.438 | pc 0.029 (Δ-0.009) | hpc_loss 4.750 | F 4.750 | gate 0.900 | |M| 19.2194 | lr_eff 0.100 | w_min 0.61 | dist 5.091 | ETA 2090.3h
step   2220 | T=4 | loss 12.8389 | lr 3.00e-04 | grad 1.31 | 2.3k tok/s (avg 1.4k) | cert 0.23→0.40 | ticks [7.875 7.781 7.594 7.594] | Δticks -0.281 | pc 0.030 (Δ-0.007) | hpc_loss 4.750 | F 4.750 | gate 0.900 | |M| 10.7777 | lr_eff 0.100 | w_min 0.64 | dist 4.445 | ETA 2086.5h
step   2230 | T=4 | loss 12.4183 | lr 3.00e-04 | grad 1.39 | 1.0k tok/s (avg 1.4k) | cert 0.38→0.52 | ticks [5.281 5.250 5.125 5.062] | Δticks -0.219 | pc 0.031 (Δ-0.011) | hpc_loss 4.719 | F 4.719 | gate 0.900 | |M| 24.9490 | lr_eff 0.100 | w_min 0.66 | dist 6.460 | ETA 2090.2h
step   2240 | T=4 | loss 13.2104 | lr 3.00e-04 | grad 1.27 | 1.0k tok/s (avg 1.4k) | cert 0.25→0.41 | ticks [6.906 6.844 6.625 6.594] | Δticks -0.312 | pc 0.036 (Δ-0.010) | hpc_loss 4.719 | F 4.688 | gate 0.900 | |M| 16.6152 | lr_eff 0.100 | w_min 0.64 | dist 5.761 | ETA 2093.6h
step   2250 | T=4 | loss 10.9801 | lr 3.00e-04 | grad 1.27 | 2.3k tok/s (avg 1.4k) | cert 0.39→0.50 | ticks [5.156 5.062 4.844 4.750] | Δticks -0.406 | pc 0.035 (Δ-0.011) | hpc_loss 4.688 | F 4.688 | gate 0.900 | |M| 28.9136 | lr_eff 0.100 | w_min 0.64 | dist 5.371 | ETA 2089.8h
step   2260 | T=4 | loss 13.1054 | lr 3.00e-04 | grad 1.38 | 1.0k tok/s (avg 1.4k) | cert 0.39→0.52 | ticks [4.938 4.875 4.656 4.562] | Δticks -0.375 | pc 0.037 (Δ-0.010) | hpc_loss 4.688 | F 4.688 | gate 0.900 | |M| 31.3988 | lr_eff 0.100 | w_min 0.61 | dist 7.690 | ETA 2093.6h
step   2270 | T=4 | loss 11.8459 | lr 3.00e-04 | grad 1.38 | 2.3k tok/s (avg 1.4k) | cert 0.37→0.50 | ticks [5.750 5.719 5.500 5.438] | Δticks -0.312 | pc 0.037 (Δ-0.011) | hpc_loss 4.688 | F 4.688 | gate 0.900 | |M| 33.6423 | lr_eff 0.100 | w_min 0.68 | dist 5.569 | ETA 2089.9h
step   2280 | T=4 | loss 12.1453 | lr 3.00e-04 | grad 1.38 | 1.0k tok/s (avg 1.4k) | cert 0.33→0.47 | ticks [5.531 5.469 5.250 5.125] | Δticks -0.406 | pc 0.040 (Δ-0.011) | hpc_loss 4.688 | F 4.688 | gate 0.900 | |M| 27.5559 | lr_eff 0.100 | w_min 0.59 | dist 6.130 | ETA 2093.7h
step   2290 | T=4 | loss 15.9137 | lr 3.00e-04 | grad 1.34 | 1.0k tok/s (avg 1.4k) | cert 0.35→0.49 | ticks [5.531 5.562 5.406 5.375] | Δticks -0.156 | pc 0.044 (Δ-0.005) | hpc_loss 4.688 | F 4.688 | gate 0.900 | |M| 21.0491 | lr_eff 0.100 | w_min 0.52 | dist 9.654 | ETA 2097.4h
step   2300 | T=4 | loss 16.1726 | lr 3.00e-04 | grad 1.34 | 2.3k tok/s (avg 1.4k) | cert 0.44→0.55 | ticks [5.750 5.719 5.625 5.625] | Δticks -0.125 | pc 0.042 (Δ-0.011) | hpc_loss 4.688 | F 4.688 | gate 0.900 | |M| 19.9855 | lr_eff 0.100 | w_min 0.62 | dist 9.657 | ETA 2093.7h
step   2310 | T=4 | loss 11.1400 | lr 3.00e-04 | grad 1.18 | 1.0k tok/s (avg 1.4k) | cert 0.36→0.50 | ticks [5.531 5.469 5.281 5.188] | Δticks -0.344 | pc 0.048 (Δ-0.007) | hpc_loss 4.688 | F 4.688 | gate 0.900 | |M| 27.7406 | lr_eff 0.100 | w_min 0.60 | dist 5.102 | ETA 2097.1h
step   2320 | T=4 | loss 13.1513 | lr 3.00e-04 | grad 1.37 | 1.0k tok/s (avg 1.4k) | cert 0.43→0.56 | ticks [4.812 4.781 4.656 4.594] | Δticks -0.219 | pc 0.050 (Δ-0.007) | hpc_loss 4.656 | F 4.656 | gate 0.900 | |M| 35.2879 | lr_eff 0.100 | w_min 0.56 | dist 7.723 | ETA 2100.5h
step   2330 | T=4 | loss 12.6472 | lr 3.00e-04 | grad 1.37 | 2.3k tok/s (avg 1.4k) | cert 0.35→0.50 | ticks [6.719 6.656 6.500 6.469] | Δticks -0.250 | pc 0.051 (Δ-0.004) | hpc_loss 4.688 | F 4.656 | gate 0.900 | |M| 18.6408 | lr_eff 0.100 | w_min 0.57 | dist 5.309 | ETA 2096.8h
step   2340 | T=4 | loss 9.8197 | lr 3.00e-04 | grad 1.27 | 1.0k tok/s (avg 1.4k) | cert 0.35→0.49 | ticks [5.125 5.094 4.844 4.719] | Δticks -0.406 | pc 0.053 (Δ-0.002) | hpc_loss 4.688 | F 4.656 | gate 0.900 | |M| 29.4179 | lr_eff 0.100 | w_min 0.52 | dist 4.213 | ETA 2100.0h
step   2350 | T=4 | loss 15.1086 | lr 3.00e-04 | grad 1.27 | 2.3k tok/s (avg 1.4k) | cert 0.26→0.43 | ticks [7.469 7.438 7.188 7.188] | Δticks -0.281 | pc 0.053 (Δ-0.002) | hpc_loss 4.688 | F 4.656 | gate 0.900 | |M| 14.1710 | lr_eff 0.100 | w_min 0.55 | dist 7.094 | ETA 2096.3h
step   2360 | T=4 | loss 10.5057 | lr 3.00e-04 | grad 1.61 | 1.2k tok/s (avg 1.4k) | cert 0.34→0.47 | ticks [5.781 5.781 5.531 5.406] | Δticks -0.375 | pc 0.052 (Δ-0.001) | hpc_loss 4.688 | F 4.688 | gate 0.900 | |M| 28.9155 | lr_eff 0.100 | w_min 0.47 | dist 4.179 | ETA 2097.3h
step   2370 | T=4 | loss 21.3125 | lr 3.00e-04 | grad 1.39 | 1.2k tok/s (avg 1.4k) | cert 0.42→0.52 | ticks [5.875 5.844 5.625 5.562] | Δticks -0.312 | pc 0.053 (Δ-0.001) | hpc_loss 4.656 | F 4.625 | gate 0.900 | |M| 29.1277 | lr_eff 0.100 | w_min 0.56 | dist 14.857 | ETA 2098.1h
step   2380 | T=4 | loss 13.5835 | lr 3.00e-04 | grad 1.39 | 2.3k tok/s (avg 1.4k) | cert 0.35→0.48 | ticks [6.344 6.344 6.094 5.969] | Δticks -0.375 | pc 0.052 (Δ-0.000) | hpc_loss 4.656 | F 4.656 | gate 0.900 | |M| 21.6902 | lr_eff 0.100 | w_min 0.50 | dist 6.735 | ETA 2094.5h
step   2390 | T=4 | loss 25.0353 | lr 3.00e-04 | grad 1.59 | 1.2k tok/s (avg 1.4k) | cert 0.45→0.56 | ticks [5.156 5.250 5.094 5.000] | Δticks -0.156 | pc 0.048 (Δ-0.006) | hpc_loss 4.656 | F 4.656 | gate 0.900 | |M| 24.3041 | lr_eff 0.100 | w_min 0.54 | dist 19.166 | ETA 2095.4h
step   2400 | T=4 | loss 10.7685 | lr 3.00e-04 | grad 1.48 | 1.2k tok/s (avg 1.4k) | cert 0.42→0.52 | ticks [4.844 4.875 4.594 4.406] | Δticks -0.438 | pc 0.047 (Δ-0.015) | hpc_loss 4.656 | F 4.656 | gate 0.900 | |M| 34.0747 | lr_eff 0.100 | w_min 0.59 | dist 5.511 | ETA 2096.4h
step   2410 | T=4 | loss 11.5442 | lr 3.00e-04 | grad 1.48 | 2.2k tok/s (avg 1.4k) | cert 0.30→0.44 | ticks [5.625 5.719 5.406 5.219] | Δticks -0.406 | pc 0.046 (Δ-0.013) | hpc_loss 4.656 | F 4.656 | gate 0.900 | |M| 26.1497 | lr_eff 0.100 | w_min 0.56 | dist 5.460 | ETA 2093.0h
step   2420 | T=4 | loss 15.1273 | lr 3.00e-04 | grad 1.49 | 1.3k tok/s (avg 1.4k) | cert 0.40→0.49 | ticks [4.750 4.750 4.469 4.188] | Δticks -0.562 | pc 0.049 (Δ-0.028) | hpc_loss 4.656 | F 4.656 | gate 0.900 | |M| 47.1099 | lr_eff 0.100 | w_min 0.62 | dist 10.086 | ETA 2093.7h
step   2430 | T=4 | loss 12.5861 | lr 3.00e-04 | grad 1.49 | 2.3k tok/s (avg 1.4k) | cert 0.23→0.37 | ticks [7.281 7.344 6.969 6.781] | Δticks -0.500 | pc 0.045 (Δ-0.021) | hpc_loss 4.656 | F 4.656 | gate 0.900 | |M| 16.6798 | lr_eff 0.100 | w_min 0.56 | dist 4.989 | ETA 2090.2h
step   2440 | T=4 | loss 12.9591 | lr 3.00e-04 | grad 1.73 | 1.3k tok/s (avg 1.4k) | cert 0.23→0.40 | ticks [7.562 7.594 7.219 7.062] | Δticks -0.500 | pc 0.045 (Δ-0.028) | hpc_loss 4.656 | F 4.656 | gate 0.900 | |M| 17.8250 | lr_eff 0.100 | w_min 0.58 | dist 5.053 | ETA 2090.9h
step   2450 | T=4 | loss 12.8154 | lr 3.00e-04 | grad 1.26 | 1.2k tok/s (avg 1.4k) | cert 0.21→0.40 | ticks [8.188 8.125 7.719 7.594] | Δticks -0.594 | pc 0.042 (Δ-0.027) | hpc_loss 4.688 | F 4.688 | gate 0.900 | |M| 10.8221 | lr_eff 0.100 | w_min 0.57 | dist 4.430 | ETA 2092.0h
step   2460 | T=4 | loss 10.6178 | lr 3.00e-04 | grad 1.26 | 2.3k tok/s (avg 1.4k) | cert 0.35→0.49 | ticks [5.594 5.562 5.312 5.188] | Δticks -0.406 | pc 0.043 (Δ-0.029) | hpc_loss 4.656 | F 4.656 | gate 0.900 | |M| 30.4549 | lr_eff 0.100 | w_min 0.61 | dist 4.616 | ETA 2088.6h
step   2470 | T=4 | loss 14.4771 | lr 3.00e-04 | grad 1.19 | 1.3k tok/s (avg 1.4k) | cert 0.33→0.50 | ticks [6.250 6.219 5.938 5.844] | Δticks -0.406 | pc 0.039 (Δ-0.024) | hpc_loss 4.656 | F 4.656 | gate 0.900 | |M| 22.3316 | lr_eff 0.100 | w_min 0.57 | dist 7.786 | ETA 2089.1h
step   2480 | T=4 | loss 9.5987 | lr 3.00e-04 | grad 1.36 | 1.3k tok/s (avg 1.4k) | cert 0.33→0.50 | ticks [5.594 5.562 5.312 5.219] | Δticks -0.375 | pc 0.038 (Δ-0.021) | hpc_loss 4.625 | F 4.625 | gate 0.900 | |M| 22.7090 | lr_eff 0.100 | w_min 0.54 | dist 3.538 | ETA 2089.6h
step   2490 | T=4 | loss 12.6030 | lr 3.00e-04 | grad 1.36 | 2.3k tok/s (avg 1.4k) | cert 0.37→0.50 | ticks [5.688 5.594 5.344 5.219] | Δticks -0.469 | pc 0.037 (Δ-0.020) | hpc_loss 4.625 | F 4.656 | gate 0.900 | |M| 35.2254 | lr_eff 0.100 | w_min 0.56 | dist 6.527 | ETA 2086.2h
step   2500 | T=4 | loss 10.8151 | lr 3.00e-04 | grad 1.24 | 1.3k tok/s (avg 1.4k) | cert 0.40→0.54 | ticks [4.906 4.844 4.625 4.500] | Δticks -0.406 | pc 0.037 (Δ-0.019) | hpc_loss 4.625 | F 4.625 | gate 0.900 | |M| 33.3464 | lr_eff 0.100 | w_min 0.56 | dist 5.446 | ETA 2086.6h
step   2510 | T=4 | loss 11.2942 | lr 3.00e-04 | grad 1.24 | 2.3k tok/s (avg 1.4k) | cert 0.33→0.49 | ticks [5.594 5.531 5.281 5.188] | Δticks -0.406 | pc 0.037 (Δ-0.018) | hpc_loss 4.625 | F 4.625 | gate 0.900 | |M| 28.7748 | lr_eff 0.100 | w_min 0.52 | dist 5.228 | ETA 2083.3h
step   2520 | T=4 | loss 12.3675 | lr 3.00e-04 | grad 1.37 | 1.2k tok/s (avg 1.4k) | cert 0.23→0.41 | ticks [7.812 7.719 7.406 7.312] | Δticks -0.500 | pc 0.038 (Δ-0.019) | hpc_loss 4.625 | F 4.625 | gate 0.900 | |M| 15.7822 | lr_eff 0.100 | w_min 0.54 | dist 4.196 | ETA 2084.2h
step   2530 | T=4 | loss 12.5390 | lr 3.00e-04 | grad 1.30 | 1.3k tok/s (avg 1.4k) | cert 0.33→0.49 | ticks [6.750 6.688 6.469 6.375] | Δticks -0.375 | pc 0.036 (Δ-0.019) | hpc_loss 4.625 | F 4.625 | gate 0.900 | |M| 18.0733 | lr_eff 0.100 | w_min 0.57 | dist 5.277 | ETA 2084.7h
step   2540 | T=4 | loss 11.6044 | lr 3.00e-04 | grad 1.30 | 2.3k tok/s (avg 1.4k) | cert 0.30→0.48 | ticks [6.844 6.781 6.562 6.500] | Δticks -0.344 | pc 0.036 (Δ-0.019) | hpc_loss 4.625 | F 4.625 | gate 0.900 | |M| 22.8323 | lr_eff 0.100 | w_min 0.58 | dist 4.241 | ETA 2081.4h
step   2550 | T=4 | loss 12.4884 | lr 3.00e-04 | grad 1.43 | 1.3k tok/s (avg 1.4k) | cert 0.25→0.40 | ticks [7.344 7.281 6.906 6.719] | Δticks -0.625 | pc 0.037 (Δ-0.019) | hpc_loss 4.625 | F 4.625 | gate 0.900 | |M| 16.3178 | lr_eff 0.100 | w_min 0.57 | dist 4.864 | ETA 2081.8h
step   2560 | T=4 | loss 11.9790 | lr 3.00e-04 | grad 1.45 | 1.3k tok/s (avg 1.4k) | cert 0.36→0.49 | ticks [5.719 5.625 5.312 5.125] | Δticks -0.594 | pc 0.041 (Δ-0.024) | hpc_loss 4.625 | F 4.625 | gate 0.900 | |M| 36.5792 | lr_eff 0.100 | w_min 0.62 | dist 5.975 | ETA 2082.2h
step   2570 | T=4 | loss 14.0721 | lr 3.00e-04 | grad 1.45 | 2.3k tok/s (avg 1.4k) | cert 0.30→0.45 | ticks [6.312 6.250 5.906 5.688] | Δticks -0.625 | pc 0.040 (Δ-0.022) | hpc_loss 4.625 | F 4.625 | gate 0.900 | |M| 28.7067 | lr_eff 0.100 | w_min 0.61 | dist 7.506 | ETA 2079.0h
step   2580 | T=4 | loss 10.1925 | lr 3.00e-04 | grad 1.45 | 1.3k tok/s (avg 1.4k) | cert 0.32→0.48 | ticks [5.312 5.281 4.938 4.750] | Δticks -0.562 | pc 0.043 (Δ-0.023) | hpc_loss 4.625 | F 4.625 | gate 0.900 | |M| 25.8934 | lr_eff 0.100 | w_min 0.63 | dist 4.565 | ETA 2079.4h
step   2590 | T=4 | loss 12.3521 | lr 3.00e-04 | grad 1.45 | 2.3k tok/s (avg 1.4k) | cert 0.23→0.39 | ticks [7.375 7.312 6.938 6.750] | Δticks -0.625 | pc 0.041 (Δ-0.023) | hpc_loss 4.625 | F 4.625 | gate 0.900 | |M| 18.7422 | lr_eff 0.100 | w_min 0.61 | dist 4.762 | ETA 2076.2h
step   2600 | T=4 | loss 11.3001 | lr 3.00e-04 | grad 1.41 | 1.3k tok/s (avg 1.4k) | cert 0.30→0.47 | ticks [5.625 5.531 5.188 4.938] | Δticks -0.688 | pc 0.047 (Δ-0.026) | hpc_loss 4.625 | F 4.625 | gate 0.900 | |M| 27.8925 | lr_eff 0.100 | w_min 0.68 | dist 5.509 | ETA 2076.6h
step   2610 | T=4 | loss 9.9466 | lr 3.00e-04 | grad 1.80 | 1.3k tok/s (avg 1.4k) | cert 0.40→0.52 | ticks [4.656 4.656 4.375 4.156] | Δticks -0.500 | pc 0.058 (Δ-0.028) | hpc_loss 4.625 | F 4.625 | gate 0.900 | |M| 39.9475 | lr_eff 0.100 | w_min 0.77 | dist 4.916 | ETA 2077.1h
step   2620 | T=4 | loss 10.3752 | lr 3.00e-04 | grad 1.80 | 2.3k tok/s (avg 1.4k) | cert 0.41→0.52 | ticks [4.312 4.281 4.031 3.812] | Δticks -0.500 | pc 0.059 (Δ-0.031) | hpc_loss 4.625 | F 4.625 | gate 0.900 | |M| 44.4574 | lr_eff 0.100 | w_min 0.78 | dist 5.714 | ETA 2073.9h
step   2630 | T=4 | loss 13.7777 | lr 3.00e-04 | grad 1.97 | 1.3k tok/s (avg 1.4k) | cert 0.34→0.45 | ticks [5.688 5.750 5.500 5.250] | Δticks -0.438 | pc 0.064 (Δ-0.026) | hpc_loss 4.625 | F 4.625 | gate 0.900 | |M| 39.1048 | lr_eff 0.100 | w_min 0.88 | dist 7.639 | ETA 2074.3h
step   2640 | T=4 | loss 12.4470 | lr 3.00e-04 | grad 1.87 | 1.3k tok/s (avg 1.4k) | cert 0.26→0.40 | ticks [6.250 6.250 5.938 5.688] | Δticks -0.562 | pc 0.070 (Δ-0.021) | hpc_loss 4.625 | F 4.625 | gate 0.900 | |M| 29.8386 | lr_eff 0.100 | w_min 0.85 | dist 5.889 | ETA 2074.7h
step   2650 | T=4 | loss 12.0625 | lr 3.00e-04 | grad 1.87 | 2.3k tok/s (avg 1.4k) | cert 0.37→0.48 | ticks [5.000 4.969 4.750 4.469] | Δticks -0.531 | pc 0.070 (Δ-0.025) | hpc_loss 4.625 | F 4.625 | gate 0.900 | |M| 38.5808 | lr_eff 0.100 | w_min 0.83 | dist 6.731 | ETA 2071.6h
step   2660 | T=4 | loss 12.4288 | lr 3.00e-04 | grad 1.91 | 1.3k tok/s (avg 1.4k) | cert 0.36→0.48 | ticks [5.406 5.375 5.250 5.062] | Δticks -0.344 | pc 0.076 (Δ-0.026) | hpc_loss 4.625 | F 4.625 | gate 0.900 | |M| 35.4649 | lr_eff 0.100 | w_min 0.82 | dist 6.540 | ETA 2072.1h
step   2670 | T=4 | loss 11.8015 | lr 3.00e-04 | grad 1.91 | 2.3k tok/s (avg 1.4k) | cert 0.38→0.50 | ticks [5.031 4.969 4.812 4.594] | Δticks -0.438 | pc 0.076 (Δ-0.026) | hpc_loss 4.625 | F 4.625 | gate 0.900 | |M| 38.8233 | lr_eff 0.100 | w_min 0.84 | dist 6.347 | ETA 2069.0h
step   2680 | T=4 | loss 12.1085 | lr 3.00e-04 | grad 1.84 | 1.2k tok/s (avg 1.4k) | cert 0.32→0.47 | ticks [6.250 6.094 5.969 5.875] | Δticks -0.375 | pc 0.072 (Δ-0.023) | hpc_loss 4.594 | F 4.625 | gate 0.900 | |M| 31.3195 | lr_eff 0.100 | w_min 0.91 | dist 5.464 | ETA 2069.9h
step   2690 | T=4 | loss 13.0139 | lr 3.00e-04 | grad 1.45 | 1.3k tok/s (avg 1.4k) | cert 0.37→0.54 | ticks [6.812 6.656 6.562 6.531] | Δticks -0.281 | pc 0.063 (Δ-0.025) | hpc_loss 4.562 | F 4.594 | gate 0.900 | |M| 29.8984 | lr_eff 0.100 | w_min 0.83 | dist 5.802 | ETA 2070.6h
step   2700 | T=4 | loss 9.6703 | lr 3.00e-04 | grad 1.45 | 2.3k tok/s (avg 1.4k) | cert 0.46→0.58 | ticks [4.312 4.188 4.125 4.062] | Δticks -0.250 | pc 0.064 (Δ-0.021) | hpc_loss 4.594 | F 4.594 | gate 0.900 | |M| 43.2147 | lr_eff 0.100 | w_min 0.84 | dist 4.898 | ETA 2067.6h
step   2710 | T=4 | loss 11.2560 | lr 3.00e-04 | grad 1.65 | 1.2k tok/s (avg 1.4k) | cert 0.49→0.61 | ticks [4.625 4.531 4.500 4.469] | Δticks -0.156 | pc 0.060 (Δ-0.022) | hpc_loss 4.562 | F 4.562 | gate 0.900 | |M| 50.2126 | lr_eff 0.100 | w_min 0.75 | dist 6.120 | ETA 2068.4h
step   2720 | T=4 | loss 10.6731 | lr 3.00e-04 | grad 1.87 | 1.3k tok/s (avg 1.4k) | cert 0.44→0.59 | ticks [4.781 4.656 4.625 4.656] | Δticks -0.125 | pc 0.057 (Δ-0.019) | hpc_loss 4.562 | F 4.562 | gate 0.900 | |M| 38.6319 | lr_eff 0.100 | w_min 0.65 | dist 5.308 | ETA 2068.9h
step   2730 | T=4 | loss 15.1639 | lr 3.00e-04 | grad 1.87 | 2.3k tok/s (avg 1.4k) | cert 0.37→0.53 | ticks [5.938 5.812 5.812 5.844] | Δticks -0.094 | pc 0.058 (Δ-0.018) | hpc_loss 4.562 | F 4.562 | gate 0.900 | |M| 33.5126 | lr_eff 0.100 | w_min 0.64 | dist 8.652 | ETA 2065.9h
step   2740 | T=4 | loss 10.5539 | lr 3.00e-04 | grad 1.84 | 1.3k tok/s (avg 1.4k) | cert 0.45→0.59 | ticks [4.531 4.406 4.406 4.375] | Δticks -0.156 | pc 0.056 (Δ-0.018) | hpc_loss 4.562 | F 4.562 | gate 0.900 | |M| 49.7499 | lr_eff 0.100 | w_min 0.55 | dist 5.453 | ETA 2066.4h
step   2750 | T=4 | loss 12.0112 | lr 3.00e-04 | grad 1.84 | 2.2k tok/s (avg 1.4k) | cert 0.37→0.52 | ticks [6.531 6.406 6.375 6.406] | Δticks -0.125 | pc 0.055 (Δ-0.012) | hpc_loss 4.562 | F 4.562 | gate 0.900 | |M| 25.0560 | lr_eff 0.100 | w_min 0.54 | dist 4.806 | ETA 2063.5h
step   2760 | T=4 | loss 10.5327 | lr 3.00e-04 | grad 1.81 | 1.3k tok/s (avg 1.4k) | cert 0.47→0.58 | ticks [4.188 4.094 4.062 4.000] | Δticks -0.188 | pc 0.049 (Δ-0.016) | hpc_loss 4.594 | F 4.594 | gate 0.900 | |M| 53.1451 | lr_eff 0.100 | w_min 0.51 | dist 5.755 | ETA 2064.0h
step   2770 | T=4 | loss 12.0971 | lr 3.00e-04 | grad 1.41 | 1.3k tok/s (avg 1.4k) | cert 0.43→0.55 | ticks [5.000 4.875 4.812 4.750] | Δticks -0.250 | pc 0.040 (Δ-0.013) | hpc_loss 4.562 | F 4.594 | gate 0.900 | |M| 46.0900 | lr_eff 0.100 | w_min 0.45 | dist 6.503 | ETA 2064.4h
step   2780 | T=4 | loss 11.1227 | lr 3.00e-04 | grad 1.41 | 2.3k tok/s (avg 1.4k) | cert 0.35→0.48 | ticks [6.062 5.969 5.906 5.844] | Δticks -0.219 | pc 0.040 (Δ-0.015) | hpc_loss 4.562 | F 4.594 | gate 0.900 | |M| 25.1711 | lr_eff 0.100 | w_min 0.47 | dist 4.443 | ETA 2061.4h
step   2790 | T=4 | loss 13.8762 | lr 3.00e-04 | grad 1.58 | 1.3k tok/s (avg 1.4k) | cert 0.31→0.42 | ticks [6.938 6.875 6.812 6.719] | Δticks -0.219 | pc 0.035 (Δ-0.016) | hpc_loss 4.594 | F 4.594 | gate 0.900 | |M| 23.6986 | lr_eff 0.100 | w_min 0.43 | dist 6.265 | ETA 2061.9h
step   2800 | T=4 | loss 11.4113 | lr 3.00e-04 | grad 1.53 | 1.3k tok/s (avg 1.4k) | cert 0.32→0.37 | ticks [6.062 6.031 6.000 5.875] | Δticks -0.188 | pc 0.033 (Δ-0.006) | hpc_loss 4.594 | F 4.594 | gate 0.900 | |M| 29.7016 | lr_eff 0.100 | w_min 0.41 | dist 4.540 | ETA 2062.3h
step   2810 | T=4 | loss 11.3429 | lr 3.00e-04 | grad 1.53 | 2.3k tok/s (avg 1.4k) | cert 0.36→0.41 | ticks [5.375 5.375 5.375 5.188] | Δticks -0.188 | pc 0.035 (Δ-0.003) | hpc_loss 4.625 | F 4.625 | gate 0.900 | |M| 36.8176 | lr_eff 0.100 | w_min 0.39 | dist 5.148 | ETA 2059.4h
step   2820 | T=4 | loss 11.9536 | lr 3.00e-04 | grad 1.95 | 1.3k tok/s (avg 1.4k) | cert 0.33→0.35 | ticks [5.969 6.000 6.031 5.844] | Δticks -0.125 | pc 0.028 (Δ-0.006) | hpc_loss 4.594 | F 4.625 | gate 0.900 | |M| 30.9292 | lr_eff 0.100 | w_min 0.40 | dist 5.045 | ETA 2059.9h
step   2830 | T=4 | loss 11.3339 | lr 3.00e-04 | grad 1.95 | 2.3k tok/s (avg 1.4k) | cert 0.35→0.38 | ticks [5.406 5.375 5.375 5.188] | Δticks -0.219 | pc 0.029 (Δ-0.005) | hpc_loss 4.594 | F 4.625 | gate 0.900 | |M| 41.3958 | lr_eff 0.100 | w_min 0.39 | dist 5.084 | ETA 2057.0h
step   2840 | T=4 | loss 13.2319 | lr 3.00e-04 | grad 2.34 | 1.3k tok/s (avg 1.4k) | cert 0.38→0.42 | ticks [5.344 5.281 5.281 5.156] | Δticks -0.188 | pc 0.030 (Δ-0.012) | hpc_loss 4.625 | F 4.625 | gate 0.900 | |M| 39.7420 | lr_eff 0.100 | w_min 0.40 | dist 7.037 | ETA 2057.4h
step   2850 | T=4 | loss 11.4557 | lr 3.00e-04 | grad 1.96 | 1.3k tok/s (avg 1.4k) | cert 0.41→0.49 | ticks [5.656 5.500 5.438 5.375] | Δticks -0.281 | pc 0.037 (Δ-0.013) | hpc_loss 4.594 | F 4.625 | gate 0.900 | |M| 53.9753 | lr_eff 0.100 | w_min 0.43 | dist 5.132 | ETA 2058.0h
step   2860 | T=4 | loss 9.5967 | lr 3.00e-04 | grad 1.96 | 2.3k tok/s (avg 1.4k) | cert 0.39→0.48 | ticks [4.969 4.844 4.812 4.719] | Δticks -0.250 | pc 0.041 (Δ-0.011) | hpc_loss 4.594 | F 4.625 | gate 0.900 | |M| 44.3947 | lr_eff 0.100 | w_min 0.41 | dist 3.933 | ETA 2055.2h
step   2870 | T=4 | loss 12.0409 | lr 3.00e-04 | grad 1.41 | 1.2k tok/s (avg 1.4k) | cert 0.35→0.48 | ticks [6.875 6.719 6.688 6.656] | Δticks -0.219 | pc 0.046 (Δ-0.018) | hpc_loss 4.594 | F 4.625 | gate 0.900 | |M| 23.0191 | lr_eff 0.100 | w_min 0.42 | dist 4.533 | ETA 2056.0h
step   2880 | T=4 | loss 11.2694 | lr 3.00e-04 | grad 1.65 | 1.3k tok/s (avg 1.4k) | cert 0.41→0.54 | ticks [4.750 4.562 4.531 4.469] | Δticks -0.281 | pc 0.058 (Δ-0.037) | hpc_loss 4.594 | F 4.594 | gate 0.900 | |M| 50.6258 | lr_eff 0.100 | w_min 0.48 | dist 5.989 | ETA 2056.3h
step   2890 | T=4 | loss 11.2902 | lr 3.00e-04 | grad 1.65 | 2.3k tok/s (avg 1.4k) | cert 0.37→0.54 | ticks [6.219 6.031 6.031 6.031] | Δticks -0.188 | pc 0.055 (Δ-0.034) | hpc_loss 4.562 | F 4.562 | gate 0.900 | |M| 33.0480 | lr_eff 0.100 | w_min 0.47 | dist 4.477 | ETA 2053.5h
step   2900 | T=4 | loss 13.0225 | lr 3.00e-04 | grad 1.48 | 1.3k tok/s (avg 1.4k) | cert 0.40→0.56 | ticks [5.625 5.469 5.438 5.469] | Δticks -0.156 | pc 0.052 (Δ-0.027) | hpc_loss 4.562 | F 4.562 | gate 0.900 | |M| 35.1924 | lr_eff 0.100 | w_min 0.50 | dist 6.845 | ETA 2053.9h
step   2910 | T=4 | loss 11.0036 | lr 3.00e-04 | grad 1.48 | 2.3k tok/s (avg 1.4k) | cert 0.46→0.58 | ticks [4.781 4.594 4.531 4.500] | Δticks -0.281 | pc 0.054 (Δ-0.031) | hpc_loss 4.594 | F 4.562 | gate 0.900 | |M| 59.1725 | lr_eff 0.100 | w_min 0.50 | dist 5.767 | ETA 2051.1h
step   2920 | T=4 | loss 11.9400 | lr 3.00e-04 | grad 1.65 | 1.3k tok/s (avg 1.4k) | cert 0.37→0.57 | ticks [6.875 6.750 6.781 6.875] | Δticks +0.000 | pc 0.052 (Δ-0.019) | hpc_loss 4.562 | F 4.562 | gate 0.900 | |M| 29.6409 | lr_eff 0.100 | w_min 0.50 | dist 4.350 | ETA 2051.6h
step   2930 | T=4 | loss 9.9156 | lr 3.00e-04 | grad 1.77 | 1.4k tok/s (avg 1.4k) | cert 0.48→0.61 | ticks [4.344 4.188 4.156 4.094] | Δticks -0.250 | pc 0.057 (Δ-0.029) | hpc_loss 4.562 | F 4.562 | gate 0.900 | |M| 75.2736 | lr_eff 0.100 | w_min 0.53 | dist 5.071 | ETA 2051.6h
step   2940 | T=4 | loss 11.6483 | lr 3.00e-04 | grad 1.77 | 2.3k tok/s (avg 1.4k) | cert 0.41→0.60 | ticks [5.750 5.688 5.719 5.781] | Δticks +0.031 | pc 0.057 (Δ-0.014) | hpc_loss 4.562 | F 4.594 | gate 0.900 | |M| 44.2832 | lr_eff 0.100 | w_min 0.52 | dist 5.163 | ETA 2048.9h
step   2950 | T=4 | loss 11.7256 | lr 3.00e-04 | grad 1.93 | 1.4k tok/s (avg 1.4k) | cert 0.34→0.54 | ticks [6.594 6.469 6.500 6.594] | Δticks +0.000 | pc 0.045 (Δ-0.026) | hpc_loss 4.562 | F 4.562 | gate 0.900 | |M| 31.1016 | lr_eff 0.100 | w_min 0.53 | dist 4.425 | ETA 2049.0h
step   2960 | T=4 | loss 13.8520 | lr 3.00e-04 | grad 1.59 | 1.4k tok/s (avg 1.4k) | cert 0.33→0.52 | ticks [6.500 6.375 6.375 6.469] | Δticks -0.031 | pc 0.037 (Δ-0.023) | hpc_loss 4.531 | F 4.562 | gate 0.900 | |M| 32.7440 | lr_eff 0.100 | w_min 0.52 | dist 6.639 | ETA 2049.1h
step   2970 | T=4 | loss 9.2656 | lr 3.00e-04 | grad 1.59 | 2.3k tok/s (avg 1.4k) | cert 0.42→0.57 | ticks [4.844 4.656 4.625 4.625] | Δticks -0.219 | pc 0.040 (Δ-0.030) | hpc_loss 4.531 | F 4.562 | gate 0.900 | |M| 56.1127 | lr_eff 0.100 | w_min 0.53 | dist 3.855 | ETA 2046.4h
step   2980 | T=4 | loss 9.9872 | lr 3.00e-04 | grad 1.52 | 1.4k tok/s (avg 1.4k) | cert 0.32→0.50 | ticks [6.000 5.781 5.719 5.750] | Δticks -0.250 | pc 0.033 (Δ-0.013) | hpc_loss 4.531 | F 4.531 | gate 0.900 | |M| 30.6516 | lr_eff 0.100 | w_min 0.51 | dist 3.408 | ETA 2046.5h
step   2990 | T=4 | loss 9.1245 | lr 3.00e-04 | grad 1.52 | 2.3k tok/s (avg 1.4k) | cert 0.39→0.54 | ticks [4.875 4.625 4.469 4.406] | Δticks -0.469 | pc 0.037 (Δ-0.025) | hpc_loss 4.562 | F 4.562 | gate 0.900 | |M| 61.2570 | lr_eff 0.100 | w_min 0.52 | dist 3.828 | ETA 2043.9h
step   3000 | T=4 | loss 12.1489 | lr 3.00e-04 | grad 1.58 | 1.4k tok/s (avg 1.4k) | cert 0.25→0.43 | ticks [7.062 6.875 6.750 6.719] | Δticks -0.344 | pc 0.027 (Δ-0.005) | hpc_loss 4.531 | F 4.500 | gate 0.900 | |M| 27.6604 | lr_eff 0.100 | w_min 0.49 | dist 4.523 | ETA 2043.9h
[CachedTeacherDataset/eval] 9 shards (of 199 total) under teacher_cache/phase1 | seq_len=512 top_k=128
  >>> val @ step 3000:
  T=4 | CE=5.1592 | PPL=174.03 | top1=20.3% | top5=39.1% | (25600 tok)
step   3010 | T=4 | loss 11.6253 | lr 3.00e-04 | grad 1.56 | 0.6k tok/s (avg 1.4k) | cert 0.25→0.38 | ticks [6.844 6.719 6.531 6.375] | Δticks -0.469 | pc 0.023 (Δ-0.002) | hpc_loss 4.531 | F 4.500 | gate 0.900 | |M| 32.1197 | lr_eff 0.100 | w_min 0.49 | dist 4.253 | ETA 2053.4h
step   3020 | T=4 | loss 10.3707 | lr 3.00e-04 | grad 1.56 | 2.3k tok/s (avg 1.4k) | cert 0.36→0.47 | ticks [5.500 5.375 5.156 4.969] | Δticks -0.531 | pc 0.027 (Δ-0.006) | hpc_loss 4.531 | F 4.531 | gate 0.900 | |M| 63.9341 | lr_eff 0.100 | w_min 0.50 | dist 4.358 | ETA 2050.7h
step   3030 | T=4 | loss 12.3954 | lr 3.00e-04 | grad 1.50 | 1.3k tok/s (avg 1.4k) | cert 0.31→0.42 | ticks [6.375 6.344 6.156 5.969] | Δticks -0.406 | pc 0.022 (Δ+0.000) | hpc_loss 4.500 | F 4.500 | gate 0.900 | |M| 46.1495 | lr_eff 0.100 | w_min 0.49 | dist 5.383 | ETA 2050.9h
step   3040 | T=4 | loss 12.2268 | lr 3.00e-04 | grad 2.44 | 1.3k tok/s (avg 1.4k) | cert 0.36→0.46 | ticks [5.156 5.125 4.969 4.750] | Δticks -0.406 | pc 0.023 (Δ-0.001) | hpc_loss 4.531 | F 4.531 | gate 0.900 | |M| 63.9957 | lr_eff 0.100 | w_min 0.51 | dist 6.394 | ETA 2051.4h
step   3050 | T=4 | loss 12.3121 | lr 3.00e-04 | grad 2.44 | 2.3k tok/s (avg 1.4k) | cert 0.31→0.43 | ticks [6.000 5.938 5.750 5.531] | Δticks -0.469 | pc 0.021 (Δ-0.003) | hpc_loss 4.500 | F 4.531 | gate 0.900 | |M| 39.9921 | lr_eff 0.100 | w_min 0.48 | dist 5.713 | ETA 2048.8h
step   3060 | T=4 | loss 10.2087 | lr 3.00e-04 | grad 2.19 | 1.3k tok/s (avg 1.4k) | cert 0.30→0.43 | ticks [5.719 5.562 5.375 5.188] | Δticks -0.531 | pc 0.023 (Δ-0.009) | hpc_loss 4.500 | F 4.500 | gate 0.900 | |M| 42.3842 | lr_eff 0.100 | w_min 0.49 | dist 3.993 | ETA 2049.1h
step   3070 | T=4 | loss 9.7939 | lr 3.00e-04 | grad 2.19 | 2.3k tok/s (avg 1.4k) | cert 0.41→0.51 | ticks [4.688 4.500 4.344 4.188] | Δticks -0.500 | pc 0.023 (Δ-0.007) | hpc_loss 4.500 | F 4.500 | gate 0.900 | |M| 61.8145 | lr_eff 0.100 | w_min 0.51 | dist 4.574 | ETA 2046.5h
step   3080 | T=4 | loss 14.4818 | lr 3.00e-04 | grad 1.89 | 1.4k tok/s (avg 1.4k) | cert 0.31→0.46 | ticks [6.125 5.875 5.688 5.531] | Δticks -0.594 | pc 0.029 (Δ-0.015) | hpc_loss 4.500 | F 4.531 | gate 0.900 | |M| 38.8026 | lr_eff 0.100 | w_min 0.52 | dist 7.934 | ETA 2046.7h
Traceback (most recent call last):
  File "<frozen runpy>", line 198, in _run_module_as_main
  File "<frozen runpy>", line 88, in _run_code
  File "/home/kyler/Documents/CTM-Transformer/ctm_transformer/train.py", line 3128, in <module>
    main_multi_gpu()
    ~~~~~~~~~~~~~~^^
  File "/home/kyler/Documents/CTM-Transformer/ctm_transformer/train.py", line 3106, in main_multi_gpu
    mp.spawn(worker_multi_gpu, args=(world_size, config_dict, runtime_kwargs),
    ~~~~~~~~^^^^^^^^^^^^^^^^^^^^^^^^^^^^^^^^^^^^^^^^^^^^^^^^^^^^^^^^^^^^^^^^^^
             nprocs=world_size, join=True)
             ^^^^^^^^^^^^^^^^^^^^^^^^^^^^^
  File "/home/kyler/Documents/OpenMythos/venv_nv/lib/python3.14/site-packages/torch/multiprocessing/spawn.py", line 340, in spawn
    return start_processes(fn, args, nprocs, join, daemon, start_method="spawn")
  File "/home/kyler/Documents/OpenMythos/venv_nv/lib/python3.14/site-packages/torch/multiprocessing/spawn.py", line 296, in start_processes
    while not context.join():
              ~~~~~~~~~~~~^^
  File "/home/kyler/Documents/OpenMythos/venv_nv/lib/python3.14/site-packages/torch/multiprocessing/spawn.py", line 192, in join
    raise ProcessExitedException(
    ...<5 lines>...
    )
torch.multiprocessing.spawn.ProcessExitedException: process 1 terminated with signal SIGKILL
