Spawning 2 workers...
archlinux:662220:662220 [0] NCCL INFO ENV/Plugin: Could not find: libnccl-env.so
archlinux:662220:662220 [0] NCCL INFO Bootstrap: Using enp11s0:192.168.86.31<0>
archlinux:662220:662220 [0] NCCL INFO cudaDriverVersion 13020
archlinux:662220:662220 [0] NCCL INFO NCCL version 2.28.9+cuda13.0
archlinux:662221:662221 [1] NCCL INFO ENV/Plugin: Could not find: libnccl-env.so
archlinux:662221:662221 [1] NCCL INFO cudaDriverVersion 13020
archlinux:662221:662221 [1] NCCL INFO Bootstrap: Using enp11s0:192.168.86.31<0>
archlinux:662221:662221 [1] NCCL INFO NCCL version 2.28.9+cuda13.0
archlinux:662220:662220 [0] NCCL INFO Comm config Blocking set to 1
archlinux:662221:662221 [1] NCCL INFO Comm config Blocking set to 1
archlinux:662220:662220 [0] NCCL INFO NET/Plugin: Could not find: libnccl-net.so
archlinux:662220:662220 [0] NCCL INFO NET/IB : No device found.
archlinux:662220:662220 [0] NCCL INFO NET/IB : Using [RO]; OOB enp11s0:192.168.86.31<0>
archlinux:662220:662220 [0] NCCL INFO Failed to initialize NET plugin IB
archlinux:662220:662220 [0] NCCL INFO NET/Socket : Using [0]enp11s0:192.168.86.31<0> [1]tailscale0:100.117.13.102<0>
archlinux:662220:662220 [0] NCCL INFO Initialized NET plugin Socket
archlinux:662220:662220 [0] NCCL INFO Assigned NET plugin Socket to comm
archlinux:662220:662220 [0] NCCL INFO Using network Socket
archlinux:662220:662220 [0] NCCL INFO ncclCommInitRankConfig comm 0x56060ea17600 rank 0 nranks 2 cudaDev 0 nvmlDev 0 busId 1000 commId 0xa63c1871c2ae3770 - Init START
archlinux:662221:662221 [1] NCCL INFO NET/Plugin: Could not find: libnccl-net.so
archlinux:662221:662221 [1] NCCL INFO NET/IB : No device found.
archlinux:662221:662221 [1] NCCL INFO NET/IB : Using [RO]; OOB enp11s0:192.168.86.31<0>
archlinux:662221:662221 [1] NCCL INFO Failed to initialize NET plugin IB
archlinux:662221:662221 [1] NCCL INFO NET/Socket : Using [0]enp11s0:192.168.86.31<0> [1]tailscale0:100.117.13.102<0>
archlinux:662221:662221 [1] NCCL INFO Initialized NET plugin Socket
archlinux:662221:662221 [1] NCCL INFO Assigned NET plugin Socket to comm
archlinux:662221:662221 [1] NCCL INFO Using network Socket
archlinux:662221:662221 [1] NCCL INFO ncclCommInitRankConfig comm 0x556bc4b30090 rank 1 nranks 2 cudaDev 1 nvmlDev 1 busId a000 commId 0xa63c1871c2ae3770 - Init START
archlinux:662221:662221 [1] NCCL INFO RAS client listening socket at ::1<28028>
archlinux:662220:662220 [0] NCCL INFO RAS client listening socket at ::1<28028>
archlinux:662221:662221 [1] NCCL INFO Bootstrap timings total 0.000633 (create 0.000013, send 0.000078, recv 0.000101, ring 0.000063, delay 0.000000)
archlinux:662220:662220 [0] NCCL INFO Bootstrap timings total 0.048228 (create 0.000015, send 0.000063, recv 0.047702, ring 0.000014, delay 0.000000)
archlinux:662221:662221 [1] NCCL INFO P2P is disabled between connected GPUs 1 and 0. You can repress this message with NCCL_IGNORE_DISABLED_P2P=1.
archlinux:662221:662221 [1] NCCL INFO P2P is disabled between connected GPUs 1 and 0. You can repress this message with NCCL_IGNORE_DISABLED_P2P=1.
archlinux:662221:662221 [1] NCCL INFO P2P is disabled between connected GPUs 0 and 1. You can repress this message with NCCL_IGNORE_DISABLED_P2P=1.
archlinux:662221:662221 [1] NCCL INFO P2P is disabled between connected GPUs 0 and 1. You can repress this message with NCCL_IGNORE_DISABLED_P2P=1.
archlinux:662221:662221 [1] NCCL INFO P2P is disabled between connected GPUs 1 and 0. You can repress this message with NCCL_IGNORE_DISABLED_P2P=1.
archlinux:662221:662221 [1] NCCL INFO P2P is disabled between connected GPUs 1 and 0. You can repress this message with NCCL_IGNORE_DISABLED_P2P=1.
archlinux:662221:662221 [1] NCCL INFO P2P is disabled between connected GPUs 0 and 1. You can repress this message with NCCL_IGNORE_DISABLED_P2P=1.
archlinux:662221:662221 [1] NCCL INFO P2P is disabled between connected GPUs 0 and 1. You can repress this message with NCCL_IGNORE_DISABLED_P2P=1.
archlinux:662221:662221 [1] NCCL INFO ncclTopoGetCpuAffinity: Affinity for GPU 1 is empty, ignoring. (GPU affinity =  ; CPU affinity = 0-31).
archlinux:662221:662221 [1] NCCL INFO NVLS multicast support is not available on dev 1 (NVLS_NCHANNELS 0)
archlinux:662220:662220 [0] NCCL INFO P2P is disabled between connected GPUs 1 and 0. You can repress this message with NCCL_IGNORE_DISABLED_P2P=1.
archlinux:662220:662220 [0] NCCL INFO P2P is disabled between connected GPUs 1 and 0. You can repress this message with NCCL_IGNORE_DISABLED_P2P=1.
archlinux:662220:662220 [0] NCCL INFO P2P is disabled between connected GPUs 0 and 1. You can repress this message with NCCL_IGNORE_DISABLED_P2P=1.
archlinux:662220:662220 [0] NCCL INFO P2P is disabled between connected GPUs 0 and 1. You can repress this message with NCCL_IGNORE_DISABLED_P2P=1.
archlinux:662220:662220 [0] NCCL INFO P2P is disabled between connected GPUs 1 and 0. You can repress this message with NCCL_IGNORE_DISABLED_P2P=1.
archlinux:662220:662220 [0] NCCL INFO P2P is disabled between connected GPUs 1 and 0. You can repress this message with NCCL_IGNORE_DISABLED_P2P=1.
archlinux:662220:662220 [0] NCCL INFO P2P is disabled between connected GPUs 0 and 1. You can repress this message with NCCL_IGNORE_DISABLED_P2P=1.
archlinux:662220:662220 [0] NCCL INFO P2P is disabled between connected GPUs 0 and 1. You can repress this message with NCCL_IGNORE_DISABLED_P2P=1.
archlinux:662220:662220 [0] NCCL INFO ncclTopoGetCpuAffinity: Affinity for GPU 0 is empty, ignoring. (GPU affinity =  ; CPU affinity = 0-31).
archlinux:662220:662220 [0] NCCL INFO NVLS multicast support is not available on dev 0 (NVLS_NCHANNELS 0)
archlinux:662221:662221 [1] NCCL INFO comm 0x556bc4b30090 rank 1 nRanks 2 nNodes 1 localRanks 2 localRank 1 MNNVL 0
archlinux:662220:662220 [0] NCCL INFO comm 0x56060ea17600 rank 0 nRanks 2 nNodes 1 localRanks 2 localRank 0 MNNVL 0
archlinux:662220:662220 [0] NCCL INFO Channel 00/02 : 0 1
archlinux:662221:662221 [1] NCCL INFO Trees [0] -1/-1/-1->1->0 [1] -1/-1/-1->1->0
archlinux:662220:662220 [0] NCCL INFO Channel 01/02 : 0 1
archlinux:662221:662221 [1] NCCL INFO P2P Chunksize set to 131072
archlinux:662220:662220 [0] NCCL INFO Trees [0] 1/-1/-1->0->-1 [1] 1/-1/-1->0->-1
archlinux:662220:662220 [0] NCCL INFO P2P Chunksize set to 131072
archlinux:662221:662221 [1] NCCL INFO PROFILER/Plugin: Could not find: libnccl-profiler.so
archlinux:662221:662221 [1] NCCL INFO P2P is disabled between connected GPUs 0 and 1. You can repress this message with NCCL_IGNORE_DISABLED_P2P=1.
archlinux:662221:662221 [1] NCCL INFO Check P2P Type isAllDirectP2p 0 directMode 0 isAllCudaP2p 0
archlinux:662220:662220 [0] NCCL INFO PROFILER/Plugin: Could not find: libnccl-profiler.so
archlinux:662220:662220 [0] NCCL INFO P2P is disabled between connected GPUs 0 and 1. You can repress this message with NCCL_IGNORE_DISABLED_P2P=1.
archlinux:662220:662220 [0] NCCL INFO Check P2P Type isAllDirectP2p 0 directMode 0 isAllCudaP2p 0
archlinux:662221:662324 [0] NCCL INFO [Proxy Service] Device 1 CPU core 16
archlinux:662220:662325 [0] NCCL INFO [Proxy Service] Device 0 CPU core 21
archlinux:662220:662327 [0] NCCL INFO [Proxy Service UDS] Device 0 CPU core 15
archlinux:662221:662326 [0] NCCL INFO [Proxy Service UDS] Device 1 CPU core 21
archlinux:662220:662220 [0] NCCL INFO TUNER/Plugin: Could not find: libnccl-tuner.so
archlinux:662220:662220 [0] NCCL INFO threadThresholds 8/8/64 | 16/8/64 | 512 | 512
archlinux:662220:662220 [0] NCCL INFO 2 coll channels, 2 collnet channels, 0 nvls channels, 2 p2p channels, 2 p2p channels per peer
archlinux:662221:662221 [1] NCCL INFO TUNER/Plugin: Could not find: libnccl-tuner.so
archlinux:662221:662221 [1] NCCL INFO threadThresholds 8/8/64 | 16/8/64 | 512 | 512
archlinux:662221:662221 [1] NCCL INFO 2 coll channels, 2 collnet channels, 0 nvls channels, 2 p2p channels, 2 p2p channels per peer
archlinux:662220:662220 [0] NCCL INFO CC Off, workFifoBytes 1048576
archlinux:662220:662220 [0] NCCL INFO ncclCommInitRankConfig comm 0x56060ea17600 rank 0 nranks 2 cudaDev 0 nvmlDev 0 busId 1000 commId 0xa63c1871c2ae3770 - Init COMPLETE
archlinux:662220:662220 [0] NCCL INFO Init timings - ncclCommInitRankConfig: rank 0 nranks 2 total 0.12 (kernels 0.06, alloc 0.00, bootstrap 0.05, allgathers 0.00, topo 0.01, graphs 0.00, connections 0.00, rest 0.00)
archlinux:662221:662221 [1] NCCL INFO ncclCommInitRankConfig comm 0x556bc4b30090 rank 1 nranks 2 cudaDev 1 nvmlDev 1 busId a000 commId 0xa63c1871c2ae3770 - Init COMPLETE
archlinux:662221:662221 [1] NCCL INFO Init timings - ncclCommInitRankConfig: rank 1 nranks 2 total 0.12 (kernels 0.11, alloc 0.00, bootstrap 0.00, allgathers 0.00, topo 0.01, graphs 0.00, connections 0.00, rest 0.00)
[worker 0] Building model on cuda:0...
Model: 492.5M params × 2 workers
archlinux:662220:662220 [0] NCCL INFO P2P is disabled between connected GPUs 0 and 1. You can repress this message with NCCL_IGNORE_DISABLED_P2P=1.
archlinux:662220:662220 [0] NCCL INFO P2P is disabled between connected GPUs 0 and 1. You can repress this message with NCCL_IGNORE_DISABLED_P2P=1.
archlinux:662220:662220 [0] NCCL INFO P2P is disabled between connected GPUs 0 and 1. You can repress this message with NCCL_IGNORE_DISABLED_P2P=1.
archlinux:662220:662220 [0] NCCL INFO Channel 00 : 0[0] -> 1[1] via SHM/direct/direct
archlinux:662220:662220 [0] NCCL INFO P2P is disabled between connected GPUs 0 and 1. You can repress this message with NCCL_IGNORE_DISABLED_P2P=1.
archlinux:662220:662220 [0] NCCL INFO Channel 01 : 0[0] -> 1[1] via SHM/direct/direct
archlinux:662221:662221 [1] NCCL INFO P2P is disabled between connected GPUs 1 and 0. You can repress this message with NCCL_IGNORE_DISABLED_P2P=1.
archlinux:662221:662221 [1] NCCL INFO P2P is disabled between connected GPUs 1 and 0. You can repress this message with NCCL_IGNORE_DISABLED_P2P=1.
archlinux:662221:662221 [1] NCCL INFO P2P is disabled between connected GPUs 1 and 0. You can repress this message with NCCL_IGNORE_DISABLED_P2P=1.
archlinux:662221:662221 [1] NCCL INFO Channel 00 : 1[1] -> 0[0] via SHM/direct/direct
archlinux:662221:662221 [1] NCCL INFO P2P is disabled between connected GPUs 1 and 0. You can repress this message with NCCL_IGNORE_DISABLED_P2P=1.
archlinux:662221:662221 [1] NCCL INFO Channel 01 : 1[1] -> 0[0] via SHM/direct/direct
archlinux:662221:662221 [1] NCCL INFO Connected all rings, use ring PXN 0 GDR 1
archlinux:662220:662220 [0] NCCL INFO Connected all rings, use ring PXN 0 GDR 1
  Optimizer: AdamW8bit (8-bit moments)
[CachedTeacherDataset/train] 190 shards (of 199 total) under teacher_cache/phase1 | seq_len=512 top_k=128
[CachedTeacherDataset/train] 190 shards (of 199 total) under teacher_cache/phase1 | seq_len=512 top_k=128

============================================================
CTM-Transformer Dual-GPU Training (nccl, no DDP)
  Steps: 0 → 200000
  Batch: 2 × 512 tokens
  Thought ticks: 8
  Gradient checkpointing: False
============================================================

step      0 | loss 22.5625 | lr 0.00e+00 | grad 0.00 | 1.0k tok/s (avg 1.0k) | cert -11.56→-11.56 | ticks [12.062 12.062 12.062 12.062 12.000 12.000 12.000 12.000] | Δticks -0.062 | ETA 58.9h
step     10 | loss 26.3750 | lr 1.50e-06 | grad 24.88 | 1.1k tok/s (avg 1.0k) | cert -11.56→-11.56 | ticks [11.938 11.938 12.000 12.000 12.000 12.000 12.000 12.000] | Δticks +0.062 | ETA 59.7h
step     20 | loss 18.3750 | lr 3.00e-06 | grad 24.00 | 1.2k tok/s (avg 1.0k) | cert -11.56→-11.56 | ticks [12.000 12.000 11.938 11.938 11.938 11.938 11.938 11.938] | Δticks -0.062 | ETA 54.2h
step     30 | loss 25.3125 | lr 4.50e-06 | grad 23.12 | 1.2k tok/s (avg 1.1k) | cert -11.56→-11.56 | ticks [11.938 11.938 11.938 11.938 11.938 11.938 11.938 11.938] | Δticks +0.000 | ETA 52.3h
step     40 | loss 24.6250 | lr 6.00e-06 | grad 22.38 | 0.9k tok/s (avg 1.0k) | cert -11.56→-11.56 | ticks [12.062 12.000 12.000 12.000 12.062 12.062 12.062 12.062] | Δticks +0.000 | ETA 54.7h
step     50 | loss 19.9688 | lr 7.50e-06 | grad 20.38 | 1.2k tok/s (avg 1.1k) | cert -11.56→-11.56 | ticks [11.938 11.875 11.875 11.875 11.938 11.938 11.938 11.938] | Δticks +0.000 | ETA 53.4h
step     60 | loss 20.3750 | lr 9.00e-06 | grad 18.12 | 1.2k tok/s (avg 1.1k) | cert -11.56→-11.56 | ticks [12.000 11.938 11.938 11.938 12.000 12.000 12.000 12.000] | Δticks +0.000 | ETA 52.1h
step     70 | loss 19.6875 | lr 1.05e-05 | grad 15.31 | 1.3k tok/s (avg 1.1k) | cert -11.56→-11.56 | ticks [12.000 11.938 11.875 11.938 11.938 12.000 12.000 12.000] | Δticks +0.000 | ETA 51.1h
step     80 | loss 19.5625 | lr 1.20e-05 | grad 13.62 | 1.0k tok/s (avg 1.1k) | cert -11.56→-11.56 | ticks [12.000 11.875 11.812 11.812 11.875 11.938 11.938 11.938] | Δticks -0.062 | ETA 51.6h
step     90 | loss 19.4688 | lr 1.35e-05 | grad 12.75 | 1.3k tok/s (avg 1.1k) | cert -11.56→-11.56 | ticks [11.938 11.812 11.750 11.750 11.812 11.875 11.875 11.812] | Δticks -0.125 | ETA 50.8h
step    100 | loss 18.2188 | lr 1.50e-05 | grad 12.19 | 1.3k tok/s (avg 1.1k) | cert -11.56→-11.56 | ticks [11.875 11.750 11.688 11.688 11.750 11.812 11.812 11.812] | Δticks -0.062 | ETA 50.3h
step    110 | loss 21.5000 | lr 1.65e-05 | grad 11.88 | 1.2k tok/s (avg 1.1k) | cert -11.56→-11.56 | ticks [11.875 11.688 11.562 11.562 11.688 11.812 11.812 11.750] | Δticks -0.125 | ETA 50.1h
step    120 | loss 16.8438 | lr 1.80e-05 | grad 12.69 | 0.8k tok/s (avg 1.1k) | cert -11.56→-11.56 | ticks [11.938 11.812 11.750 11.750 11.750 11.812 11.812 11.812] | Δticks -0.125 | ETA 52.2h
step    130 | loss 17.4062 | lr 1.95e-05 | grad 10.62 | 1.1k tok/s (avg 1.1k) | cert -11.56→-11.56 | ticks [11.812 11.688 11.625 11.625 11.688 11.688 11.688 11.688] | Δticks -0.125 | ETA 52.2h
step    140 | loss 22.0625 | lr 2.10e-05 | grad 10.38 | 1.1k tok/s (avg 1.1k) | cert -11.56→-11.56 | ticks [11.812 11.500 11.375 11.438 11.500 11.625 11.625 11.562] | Δticks -0.250 | ETA 52.2h
step    150 | loss 18.4062 | lr 2.25e-05 | grad 9.56 | 1.1k tok/s (avg 1.1k) | cert -11.56→-11.56 | ticks [11.875 11.562 11.438 11.438 11.500 11.625 11.625 11.562] | Δticks -0.312 | ETA 52.1h
step    160 | loss 27.0000 | lr 2.40e-05 | grad 9.00 | 0.8k tok/s (avg 1.1k) | cert -11.56→-11.56 | ticks [11.938 11.812 11.750 11.688 11.750 11.812 11.812 11.812] | Δticks -0.125 | ETA 53.0h
step    170 | loss 16.6250 | lr 2.55e-05 | grad 7.81 | 1.1k tok/s (avg 1.1k) | cert -11.56→-11.56 | ticks [11.875 11.750 11.625 11.625 11.625 11.688 11.688 11.688] | Δticks -0.188 | ETA 53.0h
step    180 | loss 17.8438 | lr 2.70e-05 | grad 7.81 | 1.1k tok/s (avg 1.1k) | cert -11.56→-11.56 | ticks [11.875 11.688 11.562 11.562 11.562 11.625 11.625 11.625] | Δticks -0.250 | ETA 53.0h
step    190 | loss 18.4375 | lr 2.85e-05 | grad 7.00 | 1.1k tok/s (avg 1.1k) | cert -11.56→-11.56 | ticks [11.875 11.688 11.562 11.562 11.562 11.625 11.625 11.562] | Δticks -0.312 | ETA 52.8h
step    200 | loss 21.1250 | lr 3.00e-05 | grad 7.19 | 0.9k tok/s (avg 1.1k) | cert -11.56→-11.56 | ticks [11.625 11.250 11.000 11.000 11.125 11.188 11.188 11.125] | Δticks -0.500 | ETA 53.5h
step    210 | loss 20.1250 | lr 3.15e-05 | grad 6.62 | 1.1k tok/s (avg 1.1k) | cert -11.56→-11.56 | ticks [11.688 11.375 11.188 11.188 11.250 11.375 11.312 11.250] | Δticks -0.438 | ETA 53.3h
step    220 | loss 15.8438 | lr 3.30e-05 | grad 6.41 | 1.1k tok/s (avg 1.1k) | cert -11.56→-11.56 | ticks [11.812 11.562 11.438 11.375 11.375 11.438 11.438 11.438] | Δticks -0.375 | ETA 53.2h
step    230 | loss 20.1250 | lr 3.45e-05 | grad 6.12 | 1.1k tok/s (avg 1.1k) | cert -11.56→-11.56 | ticks [11.750 11.625 11.562 11.500 11.562 11.562 11.562 11.562] | Δticks -0.188 | ETA 53.1h
step    240 | loss 17.4688 | lr 3.60e-05 | grad 6.53 | 0.8k tok/s (avg 1.1k) | cert -11.56→-11.56 | ticks [11.688 11.438 11.312 11.250 11.250 11.312 11.312 11.312] | Δticks -0.375 | ETA 53.7h
step    250 | loss 17.3750 | lr 3.75e-05 | grad 5.22 | 1.1k tok/s (avg 1.1k) | cert -11.56→-11.56 | ticks [11.812 11.562 11.438 11.375 11.375 11.375 11.375 11.375] | Δticks -0.438 | ETA 53.7h
step    260 | loss 17.6875 | lr 3.90e-05 | grad 5.03 | 1.1k tok/s (avg 1.1k) | cert -11.56→-11.56 | ticks [11.562 11.250 11.125 11.062 11.062 11.062 11.062 11.062] | Δticks -0.500 | ETA 53.5h
step    270 | loss 18.5625 | lr 4.05e-05 | grad 5.03 | 1.1k tok/s (avg 1.1k) | cert -11.56→-11.56 | ticks [11.688 11.500 11.375 11.312 11.312 11.312 11.312 11.312] | Δticks -0.375 | ETA 53.4h
step    280 | loss 23.1875 | lr 4.20e-05 | grad 5.84 | 0.9k tok/s (avg 1.1k) | cert -11.56→-11.56 | ticks [11.438 11.062 10.875 10.812 10.875 10.875 10.812 10.812] | Δticks -0.625 | ETA 53.8h
step    290 | loss 18.4375 | lr 4.35e-05 | grad 5.81 | 1.1k tok/s (avg 1.1k) | cert -11.56→-11.56 | ticks [11.250 10.812 10.562 10.500 10.500 10.500 10.500 10.500] | Δticks -0.750 | ETA 53.7h
step    300 | loss 16.9062 | lr 4.50e-05 | grad 6.47 | 1.1k tok/s (avg 1.1k) | cert -11.56→-11.56 | ticks [11.188 10.750 10.500 10.438 10.438 10.500 10.438 10.438] | Δticks -0.750 | ETA 53.5h
step    310 | loss 18.8750 | lr 4.65e-05 | grad 5.06 | 1.2k tok/s (avg 1.1k) | cert -11.56→-11.56 | ticks [11.688 11.375 11.250 11.250 11.250 11.250 11.250 11.250] | Δticks -0.438 | ETA 53.4h
step    320 | loss 19.0625 | lr 4.80e-05 | grad 4.66 | 0.9k tok/s (avg 1.1k) | cert -11.56→-11.56 | ticks [11.625 11.375 11.250 11.188 11.188 11.250 11.250 11.188] | Δticks -0.438 | ETA 53.7h
step    330 | loss 14.9375 | lr 4.95e-05 | grad 4.62 | 1.2k tok/s (avg 1.1k) | cert -11.56→-11.56 | ticks [11.625 11.375 11.312 11.312 11.312 11.312 11.312 11.312] | Δticks -0.312 | ETA 53.5h
step    340 | loss 16.9062 | lr 5.10e-05 | grad 4.91 | 1.2k tok/s (avg 1.1k) | cert -11.56→-11.56 | ticks [11.562 11.312 11.188 11.188 11.188 11.188 11.188 11.188] | Δticks -0.375 | ETA 53.4h
step    350 | loss 21.3750 | lr 5.25e-05 | grad 4.78 | 1.1k tok/s (avg 1.1k) | cert -11.56→-11.56 | ticks [11.062 10.500 10.312 10.250 10.250 10.250 10.250 10.250] | Δticks -0.812 | ETA 53.4h
step    360 | loss 20.8125 | lr 5.40e-05 | grad 4.28 | 0.9k tok/s (avg 1.1k) | cert -11.56→-11.56 | ticks [10.688 10.125 9.938 9.938 9.938 9.938 9.938 9.938] | Δticks -0.750 | ETA 53.6h
step    370 | loss 21.4375 | lr 5.55e-05 | grad 5.38 | 1.2k tok/s (avg 1.1k) | cert -11.56→-11.56 | ticks [10.812 10.250 10.062 10.000 10.062 10.062 10.062 10.000] | Δticks -0.812 | ETA 53.5h
step    380 | loss 16.6250 | lr 5.70e-05 | grad 4.38 | 1.1k tok/s (avg 1.1k) | cert -11.56→-11.56 | ticks [11.062 10.562 10.438 10.375 10.375 10.375 10.375 10.375] | Δticks -0.688 | ETA 53.4h
step    390 | loss 17.8125 | lr 5.85e-05 | grad 5.16 | 1.1k tok/s (avg 1.1k) | cert -11.56→-11.56 | ticks [11.125 10.688 10.562 10.562 10.562 10.562 10.562 10.500] | Δticks -0.625 | ETA 53.3h
step    400 | loss 19.1875 | lr 6.00e-05 | grad 6.06 | 0.9k tok/s (avg 1.1k) | cert -11.56→-11.50 | ticks [11.062 10.625 10.500 10.500 10.500 10.500 10.500 10.500] | Δticks -0.562 | ETA 53.6h
step    410 | loss 15.5938 | lr 6.15e-05 | grad 5.22 | 1.1k tok/s (avg 1.1k) | cert -11.56→-11.50 | ticks [10.625 10.000 9.875 9.812 9.812 9.812 9.812 9.812] | Δticks -0.812 | ETA 53.5h
step    420 | loss 18.8125 | lr 6.30e-05 | grad 4.56 | 1.2k tok/s (avg 1.1k) | cert -11.56→-11.50 | ticks [10.938 10.562 10.438 10.438 10.438 10.438 10.438 10.438] | Δticks -0.500 | ETA 53.4h
step    430 | loss 16.1562 | lr 6.45e-05 | grad 5.16 | 1.1k tok/s (avg 1.1k) | cert -11.56→-11.50 | ticks [10.750 10.250 10.125 10.062 10.062 10.062 10.062 10.062] | Δticks -0.688 | ETA 53.3h
step    440 | loss 19.6875 | lr 6.60e-05 | grad 5.03 | 0.9k tok/s (avg 1.1k) | cert -11.56→-11.44 | ticks [11.000 10.562 10.438 10.375 10.375 10.438 10.438 10.375] | Δticks -0.625 | ETA 53.5h
step    450 | loss 15.3438 | lr 6.75e-05 | grad 4.31 | 1.1k tok/s (avg 1.1k) | cert -11.56→-11.44 | ticks [10.750 10.312 10.125 10.125 10.125 10.125 10.125 10.125] | Δticks -0.625 | ETA 53.5h
step    460 | loss 15.7812 | lr 6.90e-05 | grad 4.81 | 1.1k tok/s (avg 1.1k) | cert -11.56→-11.44 | ticks [10.812 10.438 10.312 10.312 10.312 10.312 10.250 10.250] | Δticks -0.562 | ETA 53.4h
step    470 | loss 17.6250 | lr 7.05e-05 | grad 4.56 | 1.1k tok/s (avg 1.1k) | cert -11.56→-11.44 | ticks [10.812 10.375 10.312 10.312 10.312 10.312 10.312 10.312] | Δticks -0.500 | ETA 53.4h
step    480 | loss 16.5312 | lr 7.20e-05 | grad 5.00 | 0.9k tok/s (avg 1.1k) | cert -11.56→-11.31 | ticks [9.875 9.312 9.188 9.188 9.188 9.188 9.188 9.188] | Δticks -0.688 | ETA 53.6h
step    490 | loss 18.5000 | lr 7.35e-05 | grad 4.62 | 1.1k tok/s (avg 1.1k) | cert -11.50→-11.31 | ticks [9.125 8.562 8.438 8.438 8.438 8.438 8.438 8.438] | Δticks -0.688 | ETA 53.5h
step    500 | loss 15.3125 | lr 7.50e-05 | grad 3.80 | 1.1k tok/s (avg 1.1k) | cert -11.50→-11.25 | ticks [9.625 9.062 8.875 8.875 8.875 8.875 8.875 8.875] | Δticks -0.750 | ETA 53.4h
step    510 | loss 14.7188 | lr 7.65e-05 | grad 4.50 | 1.1k tok/s (avg 1.1k) | cert -11.44→-11.19 | ticks [9.250 8.625 8.500 8.438 8.438 8.438 8.438 8.438] | Δticks -0.812 | ETA 53.4h
step    520 | loss 19.0000 | lr 7.80e-05 | grad 3.77 | 0.9k tok/s (avg 1.1k) | cert -11.44→-11.19 | ticks [9.250 8.750 8.688 8.688 8.688 8.688 8.688 8.688] | Δticks -0.562 | ETA 53.6h
step    530 | loss 21.8750 | lr 7.95e-05 | grad 5.00 | 1.1k tok/s (avg 1.1k) | cert -11.44→-11.12 | ticks [9.625 9.188 9.062 9.062 9.062 9.062 9.062 9.062] | Δticks -0.562 | ETA 53.5h
step    540 | loss 14.6875 | lr 8.10e-05 | grad 4.16 | 1.1k tok/s (avg 1.1k) | cert -11.38→-11.06 | ticks [9.438 8.938 8.875 8.812 8.812 8.812 8.812 8.812] | Δticks -0.625 | ETA 53.4h
step    550 | loss 14.9688 | lr 8.25e-05 | grad 3.88 | 1.1k tok/s (avg 1.1k) | cert -11.44→-11.00 | ticks [9.500 9.062 9.000 9.000 9.000 8.938 8.938 9.000] | Δticks -0.500 | ETA 53.4h
step    560 | loss 13.7812 | lr 8.40e-05 | grad 3.88 | 0.9k tok/s (avg 1.1k) | cert -11.31→-10.88 | ticks [9.062 8.625 8.500 8.500 8.500 8.500 8.500 8.500] | Δticks -0.562 | ETA 53.5h
step    570 | loss 13.6562 | lr 8.55e-05 | grad 4.12 | 1.1k tok/s (avg 1.1k) | cert -11.31→-10.81 | ticks [8.812 8.375 8.312 8.312 8.312 8.312 8.312 8.312] | Δticks -0.500 | ETA 53.5h
step    580 | loss 13.6875 | lr 8.70e-05 | grad 3.86 | 1.1k tok/s (avg 1.1k) | cert -11.19→-10.69 | ticks [8.312 7.875 7.750 7.750 7.750 7.750 7.750 7.719] | Δticks -0.594 | ETA 53.4h
step    590 | loss 15.5625 | lr 8.85e-05 | grad 4.06 | 1.1k tok/s (avg 1.1k) | cert -11.19→-10.62 | ticks [8.625 8.125 8.062 8.062 8.062 8.000 8.000 8.000] | Δticks -0.625 | ETA 53.4h
step    600 | loss 13.7812 | lr 9.00e-05 | grad 3.80 | 0.9k tok/s (avg 1.1k) | cert -11.31→-10.62 | ticks [9.312 8.938 8.875 8.875 8.812 8.812 8.812 8.812] | Δticks -0.500 | ETA 53.5h
step    610 | loss 17.8750 | lr 9.15e-05 | grad 3.17 | 1.1k tok/s (avg 1.1k) | cert -11.25→-10.56 | ticks [9.562 9.250 9.188 9.188 9.188 9.188 9.188 9.188] | Δticks -0.375 | ETA 53.5h
step    620 | loss 20.0312 | lr 9.30e-05 | grad 2.91 | 1.1k tok/s (avg 1.1k) | cert -10.81→-10.06 | ticks [7.219 6.844 6.781 6.781 6.812 6.812 6.812 6.812] | Δticks -0.406 | ETA 53.4h
step    630 | loss 15.1875 | lr 9.45e-05 | grad 3.39 | 1.1k tok/s (avg 1.1k) | cert -10.88→-10.00 | ticks [7.375 7.000 6.938 6.906 6.906 6.906 6.906 6.906] | Δticks -0.469 | ETA 53.4h
step    640 | loss 15.2500 | lr 9.60e-05 | grad 2.52 | 0.9k tok/s (avg 1.1k) | cert -11.06→-10.25 | ticks [9.250 9.000 8.938 8.938 8.938 8.938 8.938 8.938] | Δticks -0.312 | ETA 53.5h
step    650 | loss 13.1250 | lr 9.75e-05 | grad 2.83 | 1.1k tok/s (avg 1.1k) | cert -11.06→-10.06 | ticks [8.500 8.125 8.000 8.000 8.000 8.000 8.000 8.000] | Δticks -0.500 | ETA 53.5h
step    660 | loss 14.2188 | lr 9.90e-05 | grad 2.47 | 1.1k tok/s (avg 1.1k) | cert -10.88→-10.19 | ticks [9.062 8.750 8.688 8.688 8.688 8.688 8.625 8.688] | Δticks -0.375 | ETA 53.4h
step    670 | loss 14.5000 | lr 1.00e-04 | grad 3.23 | 1.1k tok/s (avg 1.1k) | cert -10.44→-9.56 | ticks [7.500 7.094 7.000 7.000 7.000 7.000 7.000 7.000] | Δticks -0.500 | ETA 53.4h
step    680 | loss 13.0312 | lr 1.02e-04 | grad 2.92 | 0.9k tok/s (avg 1.1k) | cert -10.56→-9.38 | ticks [7.500 7.094 6.969 6.938 6.906 6.906 6.906 6.906] | Δticks -0.594 | ETA 53.5h
step    690 | loss 12.9062 | lr 1.03e-04 | grad 2.81 | 1.1k tok/s (avg 1.1k) | cert -10.69→-9.38 | ticks [7.625 7.188 7.062 7.031 7.031 7.000 7.000 7.031] | Δticks -0.594 | ETA 53.5h
step    700 | loss 16.7500 | lr 1.05e-04 | grad 2.30 | 1.1k tok/s (avg 1.1k) | cert -10.50→-9.19 | ticks [7.750 7.375 7.281 7.250 7.250 7.250 7.250 7.250] | Δticks -0.500 | ETA 53.4h
step    710 | loss 15.1250 | lr 1.07e-04 | grad 2.67 | 1.1k tok/s (avg 1.1k) | cert -10.38→-9.06 | ticks [7.875 7.500 7.406 7.375 7.375 7.375 7.375 7.375] | Δticks -0.500 | ETA 53.4h
step    720 | loss 13.2188 | lr 1.08e-04 | grad 3.09 | 0.9k tok/s (avg 1.1k) | cert -10.81→-9.62 | ticks [9.000 8.625 8.562 8.562 8.500 8.500 8.500 8.500] | Δticks -0.500 | ETA 53.5h
step    730 | loss 14.0000 | lr 1.09e-04 | grad 2.62 | 1.1k tok/s (avg 1.1k) | cert -10.81→-9.19 | ticks [8.250 7.812 7.750 7.750 7.750 7.750 7.750 7.719] | Δticks -0.531 | ETA 53.5h
step    740 | loss 12.2812 | lr 1.11e-04 | grad 3.31 | 1.1k tok/s (avg 1.1k) | cert -10.69→-9.00 | ticks [7.781 7.344 7.219 7.188 7.188 7.188 7.188 7.188] | Δticks -0.594 | ETA 53.4h
step    750 | loss 11.4688 | lr 1.12e-04 | grad 2.55 | 1.1k tok/s (avg 1.1k) | cert -10.31→-8.75 | ticks [8.188 7.844 7.781 7.750 7.750 7.750 7.750 7.750] | Δticks -0.438 | ETA 53.4h
step    760 | loss 11.5312 | lr 1.14e-04 | grad 2.55 | 0.9k tok/s (avg 1.1k) | cert -9.56→-7.59 | ticks [6.281 5.781 5.594 5.531 5.500 5.500 5.469 5.469] | Δticks -0.812 | ETA 53.5h
step    770 | loss 13.2188 | lr 1.15e-04 | grad 2.86 | 1.1k tok/s (avg 1.1k) | cert -9.06→-7.00 | ticks [4.906 4.469 4.312 4.250 4.219 4.219 4.219 4.219] | Δticks -0.688 | ETA 53.5h
step    780 | loss 20.5625 | lr 1.17e-04 | grad 3.06 | 1.1k tok/s (avg 1.1k) | cert -10.94→-8.69 | ticks [8.500 7.969 7.844 7.812 7.812 7.812 7.812 7.781] | Δticks -0.719 | ETA 53.4h
step    790 | loss 14.0625 | lr 1.18e-04 | grad 2.98 | 1.1k tok/s (avg 1.1k) | cert -10.00→-8.25 | ticks [7.656 7.250 7.188 7.188 7.188 7.156 7.156 7.156] | Δticks -0.500 | ETA 53.4h
step    800 | loss 16.3125 | lr 1.20e-04 | grad 3.53 | 0.9k tok/s (avg 1.1k) | cert -10.94→-8.75 | ticks [8.688 8.125 7.969 7.906 7.906 7.906 7.906 7.906] | Δticks -0.781 | ETA 53.5h
step    810 | loss 9.9688 | lr 1.21e-04 | grad 3.64 | 1.1k tok/s (avg 1.1k) | cert -8.19→-6.66 | ticks [6.094 5.625 5.469 5.406 5.406 5.406 5.406 5.406] | Δticks -0.688 | ETA 53.5h
step    820 | loss 15.1250 | lr 1.23e-04 | grad 4.53 | 1.1k tok/s (avg 1.1k) | cert -9.31→-7.53 | ticks [6.906 6.531 6.469 6.438 6.406 6.406 6.406 6.406] | Δticks -0.500 | ETA 53.4h
step    830 | loss 13.3750 | lr 1.24e-04 | grad 3.11 | 1.1k tok/s (avg 1.1k) | cert -10.75→-8.69 | ticks [8.812 8.375 8.312 8.312 8.312 8.312 8.312 8.312] | Δticks -0.500 | ETA 53.4h
step    840 | loss 12.3438 | lr 1.26e-04 | grad 3.47 | 0.9k tok/s (avg 1.1k) | cert -8.69→-6.94 | ticks [5.969 5.562 5.500 5.469 5.500 5.500 5.469 5.469] | Δticks -0.500 | ETA 53.5h
step    850 | loss 11.9688 | lr 1.28e-04 | grad 3.48 | 1.1k tok/s (avg 1.1k) | cert -9.88→-7.75 | ticks [6.594 6.031 5.906 5.906 5.875 5.875 5.875 5.906] | Δticks -0.688 | ETA 53.5h
step    860 | loss 19.7188 | lr 1.29e-04 | grad 6.41 | 1.1k tok/s (avg 1.1k) | cert -10.88→-8.81 | ticks [8.250 7.531 7.344 7.312 7.312 7.312 7.312 7.312] | Δticks -0.938 | ETA 53.4h
step    870 | loss 12.7500 | lr 1.30e-04 | grad 6.94 | 1.1k tok/s (avg 1.1k) | cert -10.88→-8.62 | ticks [8.938 8.250 8.125 8.062 8.062 8.062 8.062 8.062] | Δticks -0.875 | ETA 53.4h
step    880 | loss 11.9062 | lr 1.32e-04 | grad 4.88 | 0.9k tok/s (avg 1.1k) | cert -10.75→-8.00 | ticks [7.781 7.094 7.000 7.031 7.031 7.031 7.031 7.031] | Δticks -0.750 | ETA 53.5h
step    890 | loss 12.0938 | lr 1.33e-04 | grad 5.69 | 1.1k tok/s (avg 1.1k) | cert -9.88→-7.56 | ticks [8.000 7.500 7.375 7.375 7.375 7.375 7.344 7.344] | Δticks -0.656 | ETA 53.4h
step    900 | loss 19.9688 | lr 1.35e-04 | grad 3.25 | 1.1k tok/s (avg 1.1k) | cert -10.94→-8.50 | ticks [8.312 7.500 7.344 7.312 7.312 7.281 7.281 7.281] | Δticks -1.031 | ETA 53.4h
step    910 | loss 12.6562 | lr 1.36e-04 | grad 2.73 | 1.1k tok/s (avg 1.1k) | cert -8.69→-7.00 | ticks [6.719 6.250 6.125 6.094 6.062 6.062 6.062 6.062] | Δticks -0.656 | ETA 53.4h
step    920 | loss 12.2812 | lr 1.38e-04 | grad 3.11 | 0.9k tok/s (avg 1.1k) | cert -9.88→-7.53 | ticks [6.312 5.562 5.469 5.469 5.469 5.469 5.438 5.438] | Δticks -0.875 | ETA 53.5h
step    930 | loss 10.7812 | lr 1.39e-04 | grad 3.08 | 1.1k tok/s (avg 1.1k) | cert -9.75→-7.41 | ticks [6.719 6.094 6.000 5.969 5.969 5.969 5.969 5.969] | Δticks -0.750 | ETA 53.5h
step    940 | loss 15.4062 | lr 1.41e-04 | grad 2.89 | 1.1k tok/s (avg 1.1k) | cert -10.50→-8.00 | ticks [7.938 7.094 6.906 6.906 6.906 6.906 6.906 6.906] | Δticks -1.031 | ETA 53.4h
step    950 | loss 11.3906 | lr 1.42e-04 | grad 2.81 | 1.1k tok/s (avg 1.1k) | cert -10.31→-8.00 | ticks [8.125 7.500 7.438 7.406 7.406 7.406 7.406 7.406] | Δticks -0.719 | ETA 53.4h
step    960 | loss 12.5000 | lr 1.44e-04 | grad 3.14 | 0.9k tok/s (avg 1.1k) | cert -8.56→-6.16 | ticks [6.219 5.656 5.469 5.406 5.406 5.406 5.406 5.406] | Δticks -0.812 | ETA 53.5h
step    970 | loss 11.5000 | lr 1.45e-04 | grad 3.08 | 1.1k tok/s (avg 1.1k) | cert -9.50→-7.41 | ticks [6.531 5.938 5.906 5.906 5.906 5.875 5.875 5.875] | Δticks -0.656 | ETA 53.5h
step    980 | loss 12.5312 | lr 1.47e-04 | grad 3.27 | 1.1k tok/s (avg 1.1k) | cert -10.75→-8.06 | ticks [8.500 7.656 7.500 7.500 7.500 7.500 7.500 7.500] | Δticks -1.000 | ETA 53.4h
step    990 | loss 12.9688 | lr 1.49e-04 | grad 5.31 | 1.1k tok/s (avg 1.1k) | cert -7.12→-5.72 | ticks [5.000 4.594 4.562 4.562 4.562 4.531 4.531 4.562] | Δticks -0.438 | ETA 53.4h
step   1000 | loss 12.6250 | lr 1.50e-04 | grad 4.44 | 0.9k tok/s (avg 1.1k) | cert -10.88→-8.19 | ticks [8.812 7.906 7.750 7.719 7.719 7.688 7.688 7.688] | Δticks -1.125 | ETA 53.5h
step   1010 | loss 11.5312 | lr 1.51e-04 | grad 4.56 | 1.1k tok/s (avg 1.1k) | cert -10.56→-8.06 | ticks [8.188 7.375 7.219 7.188 7.156 7.156 7.156 7.156] | Δticks -1.031 | ETA 53.4h
step   1020 | loss 14.5938 | lr 1.53e-04 | grad 5.69 | 1.1k tok/s (avg 1.1k) | cert -8.75→-6.69 | ticks [6.469 5.844 5.688 5.625 5.594 5.594 5.594 5.594] | Δticks -0.875 | ETA 53.4h
step   1030 | loss 12.2812 | lr 1.54e-04 | grad 6.06 | 1.1k tok/s (avg 1.1k) | cert -8.12→-6.47 | ticks [6.312 5.875 5.812 5.781 5.781 5.781 5.781 5.781] | Δticks -0.531 | ETA 53.4h
step   1040 | loss 14.6875 | lr 1.56e-04 | grad 3.20 | 0.9k tok/s (avg 1.1k) | cert -10.56→-7.78 | ticks [8.250 7.531 7.469 7.438 7.438 7.438 7.438 7.438] | Δticks -0.812 | ETA 53.5h
step   1050 | loss 16.0938 | lr 1.57e-04 | grad 3.97 | 1.1k tok/s (avg 1.1k) | cert -11.19→-8.38 | ticks [8.938 7.781 7.594 7.594 7.594 7.594 7.594 7.594] | Δticks -1.344 | ETA 53.4h
step   1060 | loss 17.5000 | lr 1.59e-04 | grad 9.69 | 1.1k tok/s (avg 1.1k) | cert -10.12→-7.28 | ticks [7.312 6.406 6.281 6.250 6.250 6.250 6.250 6.250] | Δticks -1.062 | ETA 53.4h
step   1070 | loss 17.8125 | lr 1.60e-04 | grad 7.84 | 1.1k tok/s (avg 1.1k) | cert -10.50→-7.88 | ticks [8.562 7.969 7.938 7.969 7.969 7.969 7.969 7.969] | Δticks -0.594 | ETA 53.4h
step   1080 | loss 13.2500 | lr 1.62e-04 | grad 4.31 | 0.9k tok/s (avg 1.1k) | cert -10.31→-7.41 | ticks [8.312 7.250 7.062 7.031 7.000 7.000 7.000 7.031] | Δticks -1.281 | ETA 53.5h
step   1090 | loss 11.0000 | lr 1.63e-04 | grad 4.47 | 1.1k tok/s (avg 1.1k) | cert -9.31→-6.88 | ticks [6.656 6.031 5.938 5.938 5.938 5.938 5.938 5.938] | Δticks -0.719 | ETA 53.4h
step   1100 | loss 16.1562 | lr 1.65e-04 | grad 3.45 | 1.1k tok/s (avg 1.1k) | cert -10.38→-7.56 | ticks [7.906 7.156 7.062 7.062 7.062 7.062 7.062 7.031] | Δticks -0.875 | ETA 53.4h
step   1110 | loss 13.4062 | lr 1.66e-04 | grad 4.81 | 1.1k tok/s (avg 1.1k) | cert -9.81→-7.72 | ticks [7.688 7.094 7.031 7.031 7.031 7.031 7.031 7.031] | Δticks -0.656 | ETA 53.4h
step   1120 | loss 12.9688 | lr 1.68e-04 | grad 3.67 | 0.9k tok/s (avg 1.1k) | cert -10.19→-7.34 | ticks [7.344 6.438 6.375 6.406 6.406 6.406 6.375 6.375] | Δticks -0.969 | ETA 53.4h
step   1130 | loss 12.9688 | lr 1.69e-04 | grad 3.70 | 1.1k tok/s (avg 1.1k) | cert -10.00→-7.19 | ticks [7.156 6.250 6.188 6.219 6.188 6.188 6.188 6.188] | Δticks -0.969 | ETA 53.4h
step   1140 | loss 11.6875 | lr 1.71e-04 | grad 2.80 | 1.1k tok/s (avg 1.1k) | cert -8.56→-6.59 | ticks [6.188 5.531 5.469 5.500 5.500 5.469 5.469 5.469] | Δticks -0.719 | ETA 53.4h
step   1150 | loss 12.5938 | lr 1.72e-04 | grad 3.44 | 1.1k tok/s (avg 1.1k) | cert -9.81→-7.22 | ticks [6.531 5.750 5.656 5.656 5.656 5.656 5.656 5.656] | Δticks -0.875 | ETA 53.3h
step   1160 | loss 13.2188 | lr 1.74e-04 | grad 3.39 | 0.9k tok/s (avg 1.1k) | cert -10.56→-7.88 | ticks [8.625 7.750 7.719 7.719 7.719 7.688 7.688 7.688] | Δticks -0.938 | ETA 53.5h
step   1170 | loss 11.8438 | lr 1.75e-04 | grad 4.47 | 1.1k tok/s (avg 1.1k) | cert -10.56→-7.97 | ticks [8.250 7.500 7.469 7.469 7.469 7.469 7.469 7.469] | Δticks -0.781 | ETA 53.4h
step   1180 | loss 12.2188 | lr 1.77e-04 | grad 6.09 | 1.1k tok/s (avg 1.1k) | cert -10.56→-7.84 | ticks [8.750 7.656 7.562 7.562 7.562 7.562 7.531 7.531] | Δticks -1.219 | ETA 53.4h
step   1190 | loss 17.1250 | lr 1.79e-04 | grad 4.16 | 1.1k tok/s (avg 1.1k) | cert -8.38→-6.62 | ticks [6.250 5.844 5.812 5.812 5.812 5.812 5.812 5.812] | Δticks -0.438 | ETA 53.4h
step   1200 | loss 18.4062 | lr 1.80e-04 | grad 3.84 | 0.9k tok/s (avg 1.1k) | cert -8.06→-6.12 | ticks [5.500 4.844 4.781 4.781 4.812 4.781 4.781 4.781] | Δticks -0.719 | ETA 53.4h
step   1210 | loss 11.5000 | lr 1.81e-04 | grad 4.69 | 1.1k tok/s (avg 1.1k) | cert -10.25→-7.53 | ticks [7.500 6.625 6.562 6.562 6.562 6.531 6.531 6.531] | Δticks -0.969 | ETA 53.4h
step   1220 | loss 13.2188 | lr 1.83e-04 | grad 3.80 | 1.1k tok/s (avg 1.1k) | cert -8.75→-6.91 | ticks [6.469 5.938 5.906 5.906 5.875 5.906 5.906 5.906] | Δticks -0.562 | ETA 53.4h
step   1230 | loss 10.3125 | lr 1.84e-04 | grad 7.19 | 1.1k tok/s (avg 1.1k) | cert -9.81→-6.88 | ticks [6.125 5.219 5.156 5.188 5.188 5.188 5.188 5.188] | Δticks -0.938 | ETA 53.4h
step   1240 | loss 15.2812 | lr 1.86e-04 | grad 7.12 | 0.9k tok/s (avg 1.1k) | cert -9.31→-7.12 | ticks [6.812 6.188 6.156 6.125 6.125 6.125 6.125 6.125] | Δticks -0.688 | ETA 53.4h
step   1250 | loss 15.9688 | lr 1.87e-04 | grad 4.00 | 1.1k tok/s (avg 1.1k) | cert -9.56→-7.09 | ticks [7.312 6.625 6.594 6.594 6.594 6.594 6.594 6.594] | Δticks -0.719 | ETA 53.4h
step   1260 | loss 15.9688 | lr 1.89e-04 | grad 7.25 | 1.1k tok/s (avg 1.1k) | cert -9.06→-7.25 | ticks [6.969 6.594 6.562 6.562 6.562 6.562 6.562 6.562] | Δticks -0.406 | ETA 53.4h
step   1270 | loss 11.6875 | lr 1.90e-04 | grad 5.91 | 1.1k tok/s (avg 1.1k) | cert -10.62→-7.38 | ticks [7.875 6.562 6.406 6.375 6.344 6.344 6.344 6.344] | Δticks -1.531 | ETA 53.3h
step   1280 | loss 11.4688 | lr 1.92e-04 | grad 7.97 | 0.9k tok/s (avg 1.1k) | cert -10.06→-7.31 | ticks [8.062 7.219 7.188 7.219 7.219 7.188 7.188 7.188] | Δticks -0.875 | ETA 53.4h
step   1290 | loss 11.7500 | lr 1.93e-04 | grad 4.84 | 1.1k tok/s (avg 1.1k) | cert -10.00→-7.31 | ticks [7.469 6.844 6.812 6.812 6.812 6.812 6.812 6.812] | Δticks -0.656 | ETA 53.4h
step   1300 | loss 12.6875 | lr 1.95e-04 | grad 5.78 | 1.1k tok/s (avg 1.1k) | cert -10.06→-7.53 | ticks [8.375 7.750 7.750 7.750 7.750 7.719 7.719 7.719] | Δticks -0.656 | ETA 53.4h
step   1310 | loss 11.1562 | lr 1.96e-04 | grad 3.36 | 1.1k tok/s (avg 1.1k) | cert -10.00→-7.06 | ticks [6.875 5.719 5.625 5.625 5.594 5.594 5.594 5.594] | Δticks -1.281 | ETA 53.3h
step   1320 | loss 11.2500 | lr 1.98e-04 | grad 3.03 | 0.9k tok/s (avg 1.1k) | cert -10.44→-7.41 | ticks [7.531 6.562 6.562 6.562 6.562 6.562 6.562 6.562] | Δticks -0.969 | ETA 53.4h
step   1330 | loss 11.0625 | lr 1.99e-04 | grad 6.28 | 1.1k tok/s (avg 1.1k) | cert -9.88→-6.91 | ticks [7.094 6.125 6.062 6.062 6.062 6.062 6.062 6.094] | Δticks -1.000 | ETA 53.4h
step   1340 | loss 10.7188 | lr 2.01e-04 | grad 3.97 | 1.1k tok/s (avg 1.1k) | cert -8.50→-5.94 | ticks [5.812 5.062 5.031 5.031 5.031 5.000 5.000 5.000] | Δticks -0.812 | ETA 53.4h
step   1350 | loss 11.3125 | lr 2.02e-04 | grad 2.88 | 1.1k tok/s (avg 1.1k) | cert -11.12→-8.06 | ticks [8.375 6.906 6.844 6.812 6.844 6.812 6.812 6.812] | Δticks -1.562 | ETA 53.3h
step   1360 | loss 17.2812 | lr 2.04e-04 | grad 6.38 | 0.9k tok/s (avg 1.1k) | cert -7.38→-5.44 | ticks [5.281 4.750 4.781 4.812 4.781 4.781 4.750 4.750] | Δticks -0.531 | ETA 53.4h
step   1370 | loss 11.4688 | lr 2.05e-04 | grad 4.12 | 1.1k tok/s (avg 1.1k) | cert -9.94→-6.75 | ticks [6.750 5.688 5.625 5.625 5.625 5.625 5.625 5.625] | Δticks -1.125 | ETA 53.4h
step   1380 | loss 12.2500 | lr 2.07e-04 | grad 5.53 | 1.1k tok/s (avg 1.1k) | cert -9.69→-7.22 | ticks [7.062 6.219 6.156 6.188 6.188 6.156 6.156 6.156] | Δticks -0.906 | ETA 53.3h
step   1390 | loss 16.0000 | lr 2.08e-04 | grad 5.03 | 1.1k tok/s (avg 1.1k) | cert -6.88→-6.16 | ticks [5.312 4.938 4.906 4.938 4.938 4.906 4.906 4.906] | Δticks -0.406 | ETA 53.3h
step   1400 | loss 10.9688 | lr 2.10e-04 | grad 6.72 | 0.9k tok/s (avg 1.1k) | cert -9.25→-6.25 | ticks [6.469 5.312 5.219 5.219 5.219 5.219 5.219 5.219] | Δticks -1.250 | ETA 53.4h
step   1410 | loss 11.4062 | lr 2.11e-04 | grad 9.88 | 1.1k tok/s (avg 1.1k) | cert -9.31→-6.12 | ticks [6.250 5.000 4.938 4.938 4.938 4.938 4.938 4.938] | Δticks -1.312 | ETA 53.3h
step   1420 | loss 11.4062 | lr 2.13e-04 | grad 8.69 | 1.1k tok/s (avg 1.1k) | cert -10.69→-7.22 | ticks [8.312 7.125 7.062 7.062 7.062 7.062 7.062 7.062] | Δticks -1.250 | ETA 53.3h
step   1430 | loss 10.2812 | lr 2.14e-04 | grad 3.70 | 1.1k tok/s (avg 1.1k) | cert -7.91→-6.19 | ticks [5.562 5.156 5.156 5.156 5.156 5.156 5.156 5.156] | Δticks -0.406 | ETA 53.3h
step   1440 | loss 9.6875 | lr 2.16e-04 | grad 8.31 | 0.9k tok/s (avg 1.1k) | cert -9.56→-7.09 | ticks [6.500 5.469 5.438 5.500 5.469 5.438 5.438 5.438] | Δticks -1.062 | ETA 53.4h
step   1450 | loss 13.9688 | lr 2.17e-04 | grad 3.94 | 1.1k tok/s (avg 1.1k) | cert -10.81→-7.22 | ticks [8.062 6.531 6.375 6.375 6.375 6.375 6.375 6.406] | Δticks -1.656 | ETA 53.3h
step   1460 | loss 10.9375 | lr 2.19e-04 | grad 11.94 | 1.1k tok/s (avg 1.1k) | cert -10.88→-6.66 | ticks [8.375 6.344 6.219 6.250 6.250 6.219 6.219 6.219] | Δticks -2.156 | ETA 53.3h
step   1470 | loss 11.3125 | lr 2.20e-04 | grad 10.94 | 1.1k tok/s (avg 1.1k) | cert -10.75→-7.03 | ticks [8.750 7.250 7.312 7.375 7.344 7.281 7.219 7.219] | Δticks -1.531 | ETA 53.3h
step   1480 | loss 15.0938 | lr 2.22e-04 | grad 6.25 | 0.9k tok/s (avg 1.1k) | cert -9.81→-7.66 | ticks [8.250 7.781 7.781 7.750 7.781 7.781 7.750 7.750] | Δticks -0.500 | ETA 53.4h
step   1490 | loss 11.2188 | lr 2.23e-04 | grad 5.16 | 1.1k tok/s (avg 1.1k) | cert -9.62→-7.81 | ticks [7.500 6.625 6.625 6.688 6.688 6.656 6.625 6.594] | Δticks -0.906 | ETA 53.3h
step   1500 | loss 8.8750 | lr 2.25e-04 | grad 5.47 | 1.1k tok/s (avg 1.1k) | cert -9.00→-6.19 | ticks [5.656 4.812 4.781 4.781 4.781 4.750 4.750 4.750] | Δticks -0.906 | ETA 53.3h
step   1510 | loss 12.5938 | lr 2.26e-04 | grad 3.41 | 1.1k tok/s (avg 1.1k) | cert -7.81→-5.00 | ticks [5.562 4.781 4.719 4.719 4.719 4.719 4.719 4.719] | Δticks -0.844 | ETA 53.3h
step   1520 | loss 11.1562 | lr 2.28e-04 | grad 3.09 | 0.9k tok/s (avg 1.1k) | cert -10.12→-7.44 | ticks [7.656 6.812 6.781 6.781 6.781 6.781 6.781 6.781] | Δticks -0.875 | ETA 53.3h
step   1530 | loss 10.9688 | lr 2.29e-04 | grad 3.62 | 1.1k tok/s (avg 1.1k) | cert -10.62→-8.12 | ticks [7.875 6.688 6.656 6.688 6.719 6.688 6.656 6.656] | Δticks -1.219 | ETA 53.3h
step   1540 | loss 23.2812 | lr 2.31e-04 | grad 4.09 | 1.1k tok/s (avg 1.1k) | cert -10.12→-7.81 | ticks [8.188 7.594 7.594 7.625 7.656 7.625 7.625 7.625] | Δticks -0.562 | ETA 53.3h
step   1550 | loss 10.8594 | lr 2.32e-04 | grad 3.12 | 1.1k tok/s (avg 1.1k) | cert -9.50→-7.03 | ticks [7.844 6.969 6.938 6.938 6.938 6.938 6.938 6.938] | Δticks -0.906 | ETA 53.3h
step   1560 | loss 9.5312 | lr 2.34e-04 | grad 4.94 | 0.9k tok/s (avg 1.1k) | cert -8.50→-5.69 | ticks [5.031 4.281 4.281 4.281 4.281 4.281 4.250 4.250] | Δticks -0.781 | ETA 53.3h
step   1570 | loss 11.0312 | lr 2.35e-04 | grad 3.47 | 1.1k tok/s (avg 1.1k) | cert -8.94→-6.44 | ticks [6.188 5.500 5.469 5.469 5.469 5.469 5.469 5.469] | Δticks -0.719 | ETA 53.3h
step   1580 | loss 13.9375 | lr 2.37e-04 | grad 2.88 | 1.1k tok/s (avg 1.1k) | cert -9.56→-6.91 | ticks [6.750 5.969 5.938 5.938 5.938 5.938 5.938 5.938] | Δticks -0.812 | ETA 53.3h
step   1590 | loss 11.8750 | lr 2.38e-04 | grad 3.95 | 1.1k tok/s (avg 1.1k) | cert -11.19→-8.00 | ticks [9.312 7.875 7.750 7.750 7.750 7.750 7.719 7.719] | Δticks -1.594 | ETA 53.3h
step   1600 | loss 11.9688 | lr 2.40e-04 | grad 3.22 | 0.9k tok/s (avg 1.1k) | cert -7.38→-5.53 | ticks [5.188 4.656 4.688 4.719 4.688 4.688 4.656 4.656] | Δticks -0.531 | ETA 53.3h
step   1610 | loss 12.4688 | lr 2.41e-04 | grad 3.86 | 1.1k tok/s (avg 1.1k) | cert -9.12→-6.16 | ticks [6.719 5.844 5.781 5.781 5.781 5.781 5.781 5.781] | Δticks -0.938 | ETA 53.3h
step   1620 | loss 9.6875 | lr 2.43e-04 | grad 4.22 | 1.1k tok/s (avg 1.1k) | cert -9.81→-6.19 | ticks [6.375 5.250 5.219 5.219 5.219 5.219 5.219 5.219] | Δticks -1.156 | ETA 53.3h
step   1630 | loss 11.0625 | lr 2.44e-04 | grad 3.91 | 1.1k tok/s (avg 1.1k) | cert -9.25→-6.78 | ticks [7.062 6.562 6.531 6.531 6.531 6.531 6.531 6.531] | Δticks -0.531 | ETA 53.3h
step   1640 | loss 10.5938 | lr 2.46e-04 | grad 3.25 | 0.9k tok/s (avg 1.1k) | cert -7.94→-5.56 | ticks [5.500 4.844 4.750 4.750 4.750 4.750 4.781 4.781] | Δticks -0.719 | ETA 53.3h
step   1650 | loss 11.0938 | lr 2.47e-04 | grad 4.72 | 1.1k tok/s (avg 1.1k) | cert -7.66→-5.47 | ticks [5.250 4.594 4.562 4.562 4.562 4.562 4.562 4.562] | Δticks -0.688 | ETA 53.3h
step   1660 | loss 10.5625 | lr 2.49e-04 | grad 2.91 | 1.1k tok/s (avg 1.1k) | cert -8.44→-5.69 | ticks [5.781 5.031 5.000 5.000 5.000 5.000 5.000 5.000] | Δticks -0.781 | ETA 53.3h
step   1670 | loss 12.5938 | lr 2.51e-04 | grad 2.78 | 1.1k tok/s (avg 1.1k) | cert -10.19→-7.59 | ticks [7.344 6.438 6.438 6.438 6.438 6.438 6.438 6.438] | Δticks -0.906 | ETA 53.2h
step   1680 | loss 10.5312 | lr 2.52e-04 | grad 2.53 | 0.9k tok/s (avg 1.1k) | cert -8.06→-5.88 | ticks [6.125 5.531 5.500 5.500 5.531 5.500 5.500 5.500] | Δticks -0.625 | ETA 53.3h
step   1690 | loss 11.1719 | lr 2.53e-04 | grad 5.09 | 1.1k tok/s (avg 1.1k) | cert -10.38→-6.78 | ticks [8.125 7.094 7.094 7.125 7.125 7.125 7.094 7.094] | Δticks -1.031 | ETA 53.3h
step   1700 | loss 13.2188 | lr 2.55e-04 | grad 3.88 | 1.1k tok/s (avg 1.1k) | cert -10.50→-7.03 | ticks [8.000 6.719 6.719 6.719 6.750 6.719 6.719 6.719] | Δticks -1.281 | ETA 53.3h
step   1710 | loss 11.7188 | lr 2.56e-04 | grad 3.47 | 1.1k tok/s (avg 1.1k) | cert -10.38→-8.00 | ticks [8.062 7.000 7.000 7.031 7.031 7.000 7.000 7.000] | Δticks -1.062 | ETA 53.3h
step   1720 | loss 9.3750 | lr 2.58e-04 | grad 3.61 | 0.9k tok/s (avg 1.1k) | cert -9.94→-6.75 | ticks [6.906 5.750 5.750 5.750 5.750 5.719 5.719 5.719] | Δticks -1.188 | ETA 53.3h
step   1730 | loss 8.9688 | lr 2.59e-04 | grad 2.94 | 1.1k tok/s (avg 1.1k) | cert -9.38→-5.56 | ticks [5.875 4.781 4.781 4.781 4.781 4.750 4.750 4.750] | Δticks -1.125 | ETA 53.3h
step   1740 | loss 12.9688 | lr 2.61e-04 | grad 3.00 | 1.1k tok/s (avg 1.1k) | cert -8.56→-6.06 | ticks [6.719 6.094 6.094 6.094 6.094 6.062 6.062 6.062] | Δticks -0.656 | ETA 53.3h
step   1750 | loss 10.5938 | lr 2.62e-04 | grad 3.33 | 1.1k tok/s (avg 1.1k) | cert -9.50→-6.88 | ticks [7.344 6.500 6.500 6.500 6.469 6.469 6.469 6.469] | Δticks -0.875 | ETA 53.2h
step   1760 | loss 12.4375 | lr 2.64e-04 | grad 3.94 | 0.9k tok/s (avg 1.1k) | cert -9.44→-7.00 | ticks [7.188 6.094 6.031 6.031 6.031 6.031 6.031 6.031] | Δticks -1.156 | ETA 53.3h
step   1770 | loss 10.0625 | lr 2.65e-04 | grad 4.84 | 1.1k tok/s (avg 1.1k) | cert -9.44→-6.44 | ticks [6.531 5.812 5.812 5.812 5.812 5.812 5.812 5.812] | Δticks -0.719 | ETA 53.3h
step   1780 | loss 14.8438 | lr 2.67e-04 | grad 3.88 | 1.1k tok/s (avg 1.1k) | cert -9.38→-6.53 | ticks [7.344 6.656 6.656 6.656 6.656 6.656 6.656 6.656] | Δticks -0.688 | ETA 53.2h
step   1790 | loss 10.3438 | lr 2.68e-04 | grad 3.56 | 1.1k tok/s (avg 1.1k) | cert -10.19→-6.97 | ticks [7.469 5.906 5.812 5.781 5.781 5.781 5.781 5.781] | Δticks -1.688 | ETA 53.2h
step   1800 | loss 16.0625 | lr 2.70e-04 | grad 4.22 | 0.9k tok/s (avg 1.1k) | cert -8.62→-6.62 | ticks [6.844 6.406 6.375 6.375 6.375 6.344 6.344 6.344] | Δticks -0.500 | ETA 53.3h
step   1810 | loss 8.8438 | lr 2.71e-04 | grad 3.03 | 1.1k tok/s (avg 1.1k) | cert -10.00→-6.81 | ticks [6.688 5.469 5.438 5.438 5.438 5.438 5.438 5.438] | Δticks -1.250 | ETA 53.3h
step   1820 | loss 9.0938 | lr 2.73e-04 | grad 3.20 | 1.1k tok/s (avg 1.1k) | cert -9.69→-6.09 | ticks [6.469 4.938 4.875 4.875 4.875 4.875 4.875 4.875] | Δticks -1.594 | ETA 53.2h
step   1830 | loss 15.2188 | lr 2.74e-04 | grad 4.31 | 1.1k tok/s (avg 1.1k) | cert -6.16→-4.41 | ticks [5.125 4.281 4.219 4.188 4.188 4.188 4.188 4.188] | Δticks -0.938 | ETA 53.2h
step   1840 | loss 10.5312 | lr 2.76e-04 | grad 3.41 | 0.9k tok/s (avg 1.1k) | cert -8.94→-6.16 | ticks [6.500 5.812 5.812 5.781 5.781 5.750 5.781 5.781] | Δticks -0.719 | ETA 53.3h
step   1850 | loss 10.7500 | lr 2.77e-04 | grad 3.06 | 1.1k tok/s (avg 1.1k) | cert -10.06→-6.84 | ticks [7.062 5.969 5.938 5.906 5.906 5.906 5.938 5.938] | Δticks -1.125 | ETA 53.2h
step   1860 | loss 10.7188 | lr 2.79e-04 | grad 3.33 | 1.1k tok/s (avg 1.1k) | cert -10.06→-6.69 | ticks [7.031 5.875 5.844 5.812 5.812 5.812 5.812 5.812] | Δticks -1.219 | ETA 53.2h
step   1870 | loss 10.2500 | lr 2.80e-04 | grad 3.86 | 1.1k tok/s (avg 1.1k) | cert -8.31→-5.75 | ticks [6.031 5.344 5.312 5.312 5.312 5.312 5.312 5.312] | Δticks -0.719 | ETA 53.2h
step   1880 | loss 8.8438 | lr 2.82e-04 | grad 2.56 | 0.9k tok/s (avg 1.1k) | cert -9.62→-5.78 | ticks [6.062 4.750 4.719 4.719 4.719 4.719 4.719 4.719] | Δticks -1.344 | ETA 53.3h
step   1890 | loss 10.7812 | lr 2.83e-04 | grad 2.86 | 1.1k tok/s (avg 1.1k) | cert -8.12→-6.16 | ticks [6.469 5.594 5.562 5.562 5.562 5.562 5.562 5.562] | Δticks -0.906 | ETA 53.2h
step   1900 | loss 10.2500 | lr 2.85e-04 | grad 3.84 | 1.1k tok/s (avg 1.1k) | cert -10.19→-6.75 | ticks [7.688 6.656 6.625 6.625 6.625 6.594 6.625 6.625] | Δticks -1.062 | ETA 53.2h
step   1910 | loss 9.3438 | lr 2.86e-04 | grad 3.28 | 1.1k tok/s (avg 1.1k) | cert -7.84→-5.34 | ticks [5.375 4.719 4.719 4.719 4.688 4.688 4.688 4.688] | Δticks -0.688 | ETA 53.2h
step   1920 | loss 10.2812 | lr 2.88e-04 | grad 3.27 | 0.9k tok/s (avg 1.1k) | cert -8.44→-5.66 | ticks [5.562 4.594 4.594 4.594 4.594 4.594 4.594 4.594] | Δticks -0.969 | ETA 53.3h
step   1930 | loss 8.4375 | lr 2.89e-04 | grad 3.41 | 1.1k tok/s (avg 1.1k) | cert -7.91→-5.34 | ticks [4.719 3.969 3.969 3.969 3.969 3.969 3.969 3.969] | Δticks -0.750 | ETA 53.2h
step   1940 | loss 10.4531 | lr 2.91e-04 | grad 2.44 | 1.1k tok/s (avg 1.1k) | cert -9.81→-6.59 | ticks [7.531 6.719 6.719 6.750 6.719 6.719 6.719 6.719] | Δticks -0.812 | ETA 53.2h
step   1950 | loss 8.5781 | lr 2.93e-04 | grad 2.45 | 1.1k tok/s (avg 1.1k) | cert -7.28→-4.94 | ticks [4.469 3.672 3.641 3.641 3.641 3.641 3.641 3.641] | Δticks -0.828 | ETA 53.2h
step   1960 | loss 10.4844 | lr 2.94e-04 | grad 2.22 | 0.9k tok/s (avg 1.1k) | cert -10.12→-7.38 | ticks [7.625 6.562 6.531 6.531 6.531 6.531 6.531 6.531] | Δticks -1.094 | ETA 53.2h
step   1970 | loss 10.0312 | lr 2.95e-04 | grad 2.81 | 1.1k tok/s (avg 1.1k) | cert -9.69→-7.03 | ticks [7.500 6.438 6.406 6.406 6.406 6.406 6.406 6.406] | Δticks -1.094 | ETA 53.2h
step   1980 | loss 12.0312 | lr 2.97e-04 | grad 3.03 | 1.1k tok/s (avg 1.1k) | cert -8.56→-6.31 | ticks [6.156 5.469 5.469 5.469 5.469 5.469 5.469 5.469] | Δticks -0.688 | ETA 53.2h
step   1990 | loss 10.0312 | lr 2.98e-04 | grad 2.70 | 1.1k tok/s (avg 1.1k) | cert -7.28→-5.31 | ticks [5.219 4.562 4.562 4.531 4.531 4.531 4.531 4.531] | Δticks -0.688 | ETA 53.2h
step   2000 | loss 12.0312 | lr 3.00e-04 | grad 3.11 | 0.9k tok/s (avg 1.1k) | cert -6.09→-5.16 | ticks [5.062 4.750 4.750 4.750 4.750 4.750 4.750 4.750] | Δticks -0.312 | ETA 53.2h
step   2010 | loss 9.4688 | lr 3.00e-04 | grad 3.36 | 1.1k tok/s (avg 1.1k) | cert -7.94→-5.44 | ticks [5.688 4.969 4.969 4.969 4.969 4.969 4.969 4.969] | Δticks -0.719 | ETA 53.2h
step   2020 | loss 8.9688 | lr 3.00e-04 | grad 3.06 | 1.1k tok/s (avg 1.1k) | cert -9.19→-5.53 | ticks [5.875 4.688 4.656 4.656 4.625 4.625 4.625 4.656] | Δticks -1.219 | ETA 53.2h
step   2030 | loss 9.9531 | lr 3.00e-04 | grad 4.66 | 1.1k tok/s (avg 1.1k) | cert -9.00→-6.47 | ticks [7.281 6.406 6.406 6.406 6.406 6.406 6.375 6.406] | Δticks -0.875 | ETA 53.2h
step   2040 | loss 9.6250 | lr 3.00e-04 | grad 2.66 | 0.9k tok/s (avg 1.1k) | cert -8.19→-5.19 | ticks [5.188 4.312 4.250 4.250 4.250 4.250 4.250 4.250] | Δticks -0.938 | ETA 53.2h
step   2050 | loss 10.2812 | lr 3.00e-04 | grad 3.89 | 1.1k tok/s (avg 1.1k) | cert -9.00→-6.28 | ticks [6.719 5.844 5.812 5.812 5.812 5.812 5.812 5.812] | Δticks -0.906 | ETA 53.2h
step   2060 | loss 11.3750 | lr 3.00e-04 | grad 2.69 | 1.1k tok/s (avg 1.1k) | cert -10.50→-6.88 | ticks [7.531 5.969 5.875 5.844 5.844 5.844 5.844 5.844] | Δticks -1.688 | ETA 53.2h
step   2070 | loss 9.2500 | lr 3.00e-04 | grad 3.66 | 1.1k tok/s (avg 1.1k) | cert -7.00→-4.88 | ticks [5.250 4.562 4.531 4.562 4.562 4.531 4.531 4.531] | Δticks -0.719 | ETA 53.2h
step   2080 | loss 12.9062 | lr 3.00e-04 | grad 3.28 | 0.9k tok/s (avg 1.1k) | cert -7.75→-6.03 | ticks [5.844 5.344 5.344 5.344 5.344 5.344 5.344 5.344] | Δticks -0.500 | ETA 53.2h
step   2090 | loss 8.8438 | lr 3.00e-04 | grad 3.61 | 1.1k tok/s (avg 1.1k) | cert -8.06→-4.91 | ticks [5.719 4.875 4.875 4.844 4.844 4.844 4.844 4.844] | Δticks -0.875 | ETA 53.2h
step   2100 | loss 10.3750 | lr 3.00e-04 | grad 3.25 | 1.1k tok/s (avg 1.1k) | cert -9.12→-6.59 | ticks [6.906 6.094 6.062 6.094 6.094 6.094 6.062 6.062] | Δticks -0.844 | ETA 53.2h
step   2110 | loss 11.4688 | lr 3.00e-04 | grad 2.98 | 1.1k tok/s (avg 1.1k) | cert -9.25→-6.50 | ticks [7.031 6.219 6.219 6.219 6.219 6.188 6.188 6.188] | Δticks -0.844 | ETA 53.1h
step   2120 | loss 10.0312 | lr 3.00e-04 | grad 4.03 | 0.9k tok/s (avg 1.1k) | cert -9.19→-5.75 | ticks [5.969 4.750 4.688 4.688 4.688 4.688 4.688 4.688] | Δticks -1.281 | ETA 53.2h
step   2130 | loss 9.3281 | lr 3.00e-04 | grad 4.41 | 1.1k tok/s (avg 1.1k) | cert -9.81→-6.50 | ticks [7.156 5.625 5.562 5.562 5.562 5.562 5.562 5.562] | Δticks -1.594 | ETA 53.2h
step   2140 | loss 11.6562 | lr 3.00e-04 | grad 3.48 | 1.1k tok/s (avg 1.1k) | cert -7.84→-6.09 | ticks [6.250 5.812 5.812 5.844 5.844 5.844 5.812 5.812] | Δticks -0.438 | ETA 53.1h
step   2150 | loss 8.9688 | lr 3.00e-04 | grad 3.20 | 1.1k tok/s (avg 1.1k) | cert -8.31→-5.31 | ticks [5.719 4.625 4.594 4.562 4.594 4.562 4.562 4.562] | Δticks -1.156 | ETA 53.1h
step   2160 | loss 11.0000 | lr 3.00e-04 | grad 2.55 | 0.9k tok/s (avg 1.1k) | cert -6.88→-4.94 | ticks [5.500 4.406 4.406 4.406 4.375 4.375 4.375 4.375] | Δticks -1.125 | ETA 53.2h
step   2170 | loss 10.3750 | lr 3.00e-04 | grad 2.72 | 1.1k tok/s (avg 1.1k) | cert -7.88→-5.19 | ticks [5.719 4.750 4.688 4.688 4.688 4.688 4.688 4.688] | Δticks -1.031 | ETA 53.2h
step   2180 | loss 10.9688 | lr 3.00e-04 | grad 3.84 | 1.1k tok/s (avg 1.1k) | cert -8.38→-6.25 | ticks [6.844 6.250 6.219 6.250 6.281 6.250 6.250 6.250] | Δticks -0.594 | ETA 53.1h
step   2190 | loss 13.2188 | lr 3.00e-04 | grad 2.72 | 1.1k tok/s (avg 1.1k) | cert -6.41→-5.22 | ticks [5.406 4.938 4.906 4.875 4.875 4.875 4.875 4.875] | Δticks -0.531 | ETA 53.1h
step   2200 | loss 9.0156 | lr 3.00e-04 | grad 3.48 | 0.9k tok/s (avg 1.1k) | cert -8.44→-5.34 | ticks [5.875 4.938 4.938 4.938 4.938 4.938 4.938 4.938] | Δticks -0.938 | ETA 53.2h
step   2210 | loss 9.9219 | lr 3.00e-04 | grad 2.08 | 1.1k tok/s (avg 1.1k) | cert -9.31→-6.66 | ticks [6.906 5.969 5.969 5.938 5.938 5.938 5.938 5.938] | Δticks -0.969 | ETA 53.1h
step   2220 | loss 11.2188 | lr 3.00e-04 | grad 2.16 | 1.1k tok/s (avg 1.1k) | cert -9.31→-6.66 | ticks [7.094 6.344 6.312 6.312 6.344 6.312 6.312 6.312] | Δticks -0.781 | ETA 53.1h
step   2230 | loss 11.3125 | lr 3.00e-04 | grad 2.92 | 1.1k tok/s (avg 1.1k) | cert -8.81→-6.19 | ticks [6.250 5.500 5.500 5.500 5.469 5.469 5.469 5.469] | Δticks -0.781 | ETA 53.1h
step   2240 | loss 11.0625 | lr 3.00e-04 | grad 2.72 | 0.9k tok/s (avg 1.1k) | cert -4.81→-3.56 | ticks [5.188 4.406 4.250 4.188 4.156 4.156 4.188 4.188] | Δticks -1.000 | ETA 53.2h
step   2250 | loss 9.1562 | lr 3.00e-04 | grad 2.86 | 1.1k tok/s (avg 1.1k) | cert -7.19→-5.09 | ticks [5.250 4.656 4.656 4.656 4.656 4.656 4.656 4.656] | Δticks -0.594 | ETA 53.1h
step   2260 | loss 11.6562 | lr 3.00e-04 | grad 2.91 | 1.1k tok/s (avg 1.1k) | cert -10.44→-7.19 | ticks [8.375 6.844 6.781 6.750 6.750 6.719 6.719 6.750] | Δticks -1.625 | ETA 53.1h
step   2270 | loss 14.4688 | lr 3.00e-04 | grad 4.00 | 1.1k tok/s (avg 1.1k) | cert -6.38→-5.53 | ticks [5.750 4.969 4.969 4.969 4.969 4.969 4.969 4.969] | Δticks -0.781 | ETA 53.1h
step   2280 | loss 10.8750 | lr 3.00e-04 | grad 3.98 | 0.9k tok/s (avg 1.1k) | cert -7.72→-4.56 | ticks [5.062 4.250 4.219 4.219 4.219 4.219 4.219 4.219] | Δticks -0.844 | ETA 53.1h
step   2290 | loss 10.5938 | lr 3.00e-04 | grad 2.83 | 1.1k tok/s (avg 1.1k) | cert -10.25→-7.06 | ticks [8.375 6.750 6.688 6.656 6.656 6.656 6.656 6.656] | Δticks -1.719 | ETA 53.1h
step   2300 | loss 14.3438 | lr 3.00e-04 | grad 6.16 | 1.1k tok/s (avg 1.1k) | cert -6.25→-5.06 | ticks [5.125 4.375 4.375 4.375 4.375 4.344 4.344 4.344] | Δticks -0.781 | ETA 53.1h
step   2310 | loss 12.0000 | lr 3.00e-04 | grad 6.00 | 1.1k tok/s (avg 1.1k) | cert -6.75→-5.31 | ticks [6.500 5.688 5.688 5.688 5.656 5.656 5.656 5.656] | Δticks -0.844 | ETA 53.1h
step   2320 | loss 9.6875 | lr 3.00e-04 | grad 4.41 | 0.9k tok/s (avg 1.1k) | cert -9.50→-6.31 | ticks [6.906 5.969 5.938 6.000 6.000 5.969 5.969 5.969] | Δticks -0.938 | ETA 53.1h
step   2330 | loss 9.4062 | lr 3.00e-04 | grad 2.20 | 1.1k tok/s (avg 1.1k) | cert -8.69→-5.56 | ticks [6.188 4.750 4.688 4.656 4.656 4.656 4.688 4.688] | Δticks -1.500 | ETA 53.1h
step   2340 | loss 10.5625 | lr 3.00e-04 | grad 4.56 | 1.1k tok/s (avg 1.1k) | cert -10.56→-6.81 | ticks [8.500 6.656 6.531 6.500 6.500 6.500 6.531 6.531] | Δticks -1.969 | ETA 53.1h
step   2350 | loss 10.2188 | lr 3.00e-04 | grad 5.06 | 1.1k tok/s (avg 1.1k) | cert -8.69→-5.81 | ticks [7.062 6.188 6.219 6.219 6.188 6.188 6.188 6.188] | Δticks -0.875 | ETA 53.1h
step   2360 | loss 11.2500 | lr 3.00e-04 | grad 3.69 | 0.9k tok/s (avg 1.1k) | cert -8.38→-6.22 | ticks [5.812 5.125 5.156 5.188 5.188 5.156 5.156 5.156] | Δticks -0.656 | ETA 53.1h
step   2370 | loss 10.1719 | lr 3.00e-04 | grad 2.34 | 1.1k tok/s (avg 1.1k) | cert -9.69→-6.88 | ticks [8.125 7.000 6.969 6.969 6.938 6.938 6.938 6.969] | Δticks -1.156 | ETA 53.1h
step   2380 | loss 10.2188 | lr 3.00e-04 | grad 2.09 | 1.1k tok/s (avg 1.1k) | cert -10.00→-6.59 | ticks [7.625 6.531 6.531 6.562 6.562 6.531 6.531 6.531] | Δticks -1.094 | ETA 53.1h
step   2390 | loss 10.4844 | lr 3.00e-04 | grad 2.36 | 1.1k tok/s (avg 1.1k) | cert -9.31→-6.19 | ticks [7.594 6.688 6.688 6.719 6.719 6.688 6.688 6.688] | Δticks -0.906 | ETA 53.1h
step   2400 | loss 10.0938 | lr 3.00e-04 | grad 2.78 | 0.9k tok/s (avg 1.1k) | cert -6.06→-4.03 | ticks [5.656 5.375 5.438 5.500 5.469 5.406 5.375 5.406] | Δticks -0.250 | ETA 53.1h
step   2410 | loss 12.8125 | lr 3.00e-04 | grad 3.41 | 1.1k tok/s (avg 1.1k) | cert -5.09→-4.59 | ticks [5.594 4.719 4.719 4.719 4.719 4.688 4.688 4.688] | Δticks -0.906 | ETA 53.1h
step   2420 | loss 10.8438 | lr 3.00e-04 | grad 2.14 | 1.1k tok/s (avg 1.1k) | cert -7.06→-4.72 | ticks [5.125 4.281 4.312 4.312 4.312 4.312 4.281 4.281] | Δticks -0.844 | ETA 53.1h
step   2430 | loss 13.0938 | lr 3.00e-04 | grad 2.22 | 1.1k tok/s (avg 1.1k) | cert -7.91→-5.28 | ticks [6.094 5.375 5.375 5.375 5.375 5.375 5.375 5.375] | Δticks -0.719 | ETA 53.1h
step   2440 | loss 12.1562 | lr 3.00e-04 | grad 2.84 | 0.9k tok/s (avg 1.1k) | cert -7.84→-5.03 | ticks [5.062 4.156 4.094 4.062 4.062 4.062 4.062 4.062] | Δticks -1.000 | ETA 53.1h
step   2450 | loss 8.4375 | lr 3.00e-04 | grad 2.59 | 1.1k tok/s (avg 1.1k) | cert -7.97→-5.50 | ticks [5.812 4.969 4.969 4.969 4.938 4.938 4.938 4.938] | Δticks -0.875 | ETA 53.1h
step   2460 | loss 10.7188 | lr 3.00e-04 | grad 2.05 | 1.1k tok/s (avg 1.1k) | cert -10.31→-7.69 | ticks [8.000 6.781 6.750 6.719 6.719 6.719 6.719 6.719] | Δticks -1.281 | ETA 53.1h
step   2470 | loss 12.0000 | lr 3.00e-04 | grad 2.36 | 1.1k tok/s (avg 1.1k) | cert -9.50→-6.44 | ticks [7.344 6.469 6.469 6.469 6.469 6.438 6.438 6.438] | Δticks -0.906 | ETA 53.1h
step   2480 | loss 10.3750 | lr 3.00e-04 | grad 3.25 | 0.9k tok/s (avg 1.1k) | cert -9.38→-5.75 | ticks [8.062 6.875 6.906 6.906 6.875 6.844 6.844 6.844] | Δticks -1.219 | ETA 53.1h
step   2490 | loss 12.2500 | lr 3.00e-04 | grad 2.28 | 1.1k tok/s (avg 1.1k) | cert -6.97→-5.25 | ticks [6.000 5.406 5.406 5.406 5.406 5.406 5.406 5.406] | Δticks -0.594 | ETA 53.1h
step   2500 | loss 11.4375 | lr 3.00e-04 | grad 2.38 | 1.1k tok/s (avg 1.1k) | cert -8.50→-5.97 | ticks [6.875 6.219 6.250 6.250 6.219 6.219 6.219 6.219] | Δticks -0.656 | ETA 53.1h
step   2510 | loss 9.3906 | lr 3.00e-04 | grad 1.97 | 1.1k tok/s (avg 1.1k) | cert -5.50→-4.38 | ticks [4.469 3.781 3.766 3.766 3.750 3.750 3.750 3.750] | Δticks -0.719 | ETA 53.1h
step   2520 | loss 8.4219 | lr 3.00e-04 | grad 2.34 | 0.9k tok/s (avg 1.1k) | cert -8.94→-5.66 | ticks [6.125 5.000 5.000 5.000 5.000 5.000 4.969 5.000] | Δticks -1.125 | ETA 53.1h
step   2530 | loss 13.8438 | lr 3.00e-04 | grad 2.22 | 1.1k tok/s (avg 1.1k) | cert -8.50→-5.72 | ticks [6.656 5.656 5.625 5.625 5.625 5.625 5.625 5.625] | Δticks -1.031 | ETA 53.1h
step   2540 | loss 7.8906 | lr 3.00e-04 | grad 2.42 | 1.1k tok/s (avg 1.1k) | cert -6.38→-4.16 | ticks [4.281 3.625 3.594 3.578 3.578 3.578 3.578 3.578] | Δticks -0.703 | ETA 53.1h
step   2550 | loss 11.5938 | lr 3.00e-04 | grad 2.39 | 1.1k tok/s (avg 1.1k) | cert -6.09→-4.72 | ticks [5.281 4.562 4.562 4.531 4.531 4.531 4.531 4.531] | Δticks -0.750 | ETA 53.1h
step   2560 | loss 10.4688 | lr 3.00e-04 | grad 2.34 | 0.9k tok/s (avg 1.1k) | cert -9.81→-7.09 | ticks [6.812 6.125 6.156 6.188 6.156 6.156 6.156 6.156] | Δticks -0.656 | ETA 53.1h
step   2570 | loss 9.6250 | lr 3.00e-04 | grad 2.03 | 1.1k tok/s (avg 1.1k) | cert -7.25→-5.03 | ticks [4.812 4.125 4.125 4.125 4.125 4.094 4.094 4.094] | Δticks -0.719 | ETA 53.1h
step   2580 | loss 10.6562 | lr 3.00e-04 | grad 2.08 | 1.1k tok/s (avg 1.1k) | cert -10.06→-7.06 | ticks [7.781 6.750 6.719 6.719 6.719 6.719 6.719 6.719] | Δticks -1.062 | ETA 53.1h
step   2590 | loss 9.2344 | lr 3.00e-04 | grad 2.23 | 1.1k tok/s (avg 1.1k) | cert -9.88→-6.25 | ticks [6.781 5.531 5.531 5.531 5.500 5.500 5.500 5.500] | Δticks -1.281 | ETA 53.1h
step   2600 | loss 10.6250 | lr 3.00e-04 | grad 2.17 | 0.9k tok/s (avg 1.1k) | cert -9.56→-6.59 | ticks [7.656 6.625 6.625 6.625 6.625 6.625 6.625 6.625] | Δticks -1.031 | ETA 53.1h
step   2610 | loss 8.0938 | lr 3.00e-04 | grad 2.33 | 1.1k tok/s (avg 1.1k) | cert -6.94→-4.81 | ticks [4.688 3.844 3.844 3.844 3.828 3.828 3.828 3.828] | Δticks -0.859 | ETA 53.1h
step   2620 | loss 7.6875 | lr 3.00e-04 | grad 2.53 | 1.1k tok/s (avg 1.1k) | cert -6.81→-4.50 | ticks [4.375 3.594 3.578 3.578 3.578 3.562 3.562 3.562] | Δticks -0.812 | ETA 53.1h
step   2630 | loss 11.9688 | lr 3.00e-04 | grad 2.23 | 1.1k tok/s (avg 1.1k) | cert -7.50→-5.06 | ticks [5.281 4.562 4.562 4.562 4.562 4.562 4.562 4.562] | Δticks -0.719 | ETA 53.0h
step   2640 | loss 8.1719 | lr 3.00e-04 | grad 1.94 | 0.9k tok/s (avg 1.1k) | cert -8.94→-5.72 | ticks [5.969 4.969 4.938 4.938 4.938 4.938 4.938 4.938] | Δticks -1.031 | ETA 53.1h
step   2650 | loss 12.3906 | lr 3.00e-04 | grad 2.16 | 1.1k tok/s (avg 1.1k) | cert -5.09→-4.50 | ticks [4.531 3.891 3.859 3.844 3.828 3.828 3.828 3.844] | Δticks -0.688 | ETA 53.1h
step   2660 | loss 8.7969 | lr 3.00e-04 | grad 2.47 | 1.1k tok/s (avg 1.1k) | cert -9.50→-6.41 | ticks [6.812 5.750 5.750 5.750 5.750 5.750 5.750 5.750] | Δticks -1.062 | ETA 53.0h
step   2670 | loss 8.6719 | lr 3.00e-04 | grad 2.31 | 1.1k tok/s (avg 1.1k) | cert -9.25→-6.12 | ticks [6.531 5.531 5.500 5.500 5.500 5.500 5.500 5.500] | Δticks -1.031 | ETA 53.0h
step   2680 | loss 8.4688 | lr 3.00e-04 | grad 2.66 | 0.9k tok/s (avg 1.1k) | cert -8.00→-4.88 | ticks [5.156 3.953 3.906 3.875 3.875 3.875 3.875 3.875] | Δticks -1.281 | ETA 53.1h
step   2690 | loss 12.8438 | lr 3.00e-04 | grad 2.80 | 1.1k tok/s (avg 1.1k) | cert -6.62→-4.69 | ticks [5.031 4.000 3.969 3.953 3.938 3.938 3.938 3.953] | Δticks -1.078 | ETA 53.1h
step   2700 | loss 8.4688 | lr 3.00e-04 | grad 3.66 | 1.1k tok/s (avg 1.1k) | cert -6.44→-4.47 | ticks [4.969 4.375 4.375 4.375 4.375 4.375 4.375 4.375] | Δticks -0.594 | ETA 53.0h
step   2710 | loss 10.6250 | lr 3.00e-04 | grad 2.66 | 1.1k tok/s (avg 1.1k) | cert -8.38→-5.91 | ticks [6.656 6.062 6.062 6.062 6.094 6.094 6.062 6.062] | Δticks -0.594 | ETA 53.0h
step   2720 | loss 15.2500 | lr 3.00e-04 | grad 2.33 | 0.9k tok/s (avg 1.1k) | cert -5.25→-4.56 | ticks [4.406 3.734 3.734 3.719 3.719 3.703 3.719 3.719] | Δticks -0.688 | ETA 53.1h
step   2730 | loss 10.6875 | lr 3.00e-04 | grad 4.03 | 1.1k tok/s (avg 1.1k) | cert -8.31→-5.88 | ticks [6.812 5.594 5.594 5.594 5.625 5.625 5.625 5.625] | Δticks -1.188 | ETA 53.0h
step   2740 | loss 9.6562 | lr 3.00e-04 | grad 2.12 | 1.1k tok/s (avg 1.1k) | cert -8.00→-5.66 | ticks [6.094 5.375 5.375 5.344 5.344 5.344 5.344 5.344] | Δticks -0.750 | ETA 53.0h
step   2750 | loss 9.5469 | lr 3.00e-04 | grad 1.99 | 1.1k tok/s (avg 1.1k) | cert -8.56→-6.09 | ticks [7.031 6.438 6.438 6.406 6.406 6.406 6.406 6.438] | Δticks -0.594 | ETA 53.0h
step   2760 | loss 8.9062 | lr 3.00e-04 | grad 2.09 | 0.9k tok/s (avg 1.1k) | cert -7.62→-4.66 | ticks [4.875 3.906 3.906 3.906 3.906 3.891 3.906 3.906] | Δticks -0.969 | ETA 53.0h
step   2770 | loss 10.2969 | lr 3.00e-04 | grad 2.14 | 1.1k tok/s (avg 1.1k) | cert -9.06→-6.50 | ticks [7.656 6.750 6.719 6.719 6.688 6.688 6.719 6.719] | Δticks -0.938 | ETA 53.0h
step   2780 | loss 9.5625 | lr 3.00e-04 | grad 1.84 | 1.1k tok/s (avg 1.1k) | cert -7.81→-5.09 | ticks [6.281 5.969 5.969 5.969 5.969 5.969 5.969 5.969] | Δticks -0.312 | ETA 53.0h
step   2790 | loss 11.0625 | lr 3.00e-04 | grad 2.03 | 1.1k tok/s (avg 1.1k) | cert -8.00→-5.75 | ticks [5.469 4.594 4.594 4.594 4.594 4.594 4.594 4.594] | Δticks -0.875 | ETA 53.0h
step   2800 | loss 11.3750 | lr 3.00e-04 | grad 1.73 | 0.9k tok/s (avg 1.1k) | cert -8.06→-5.84 | ticks [6.031 5.312 5.312 5.312 5.312 5.312 5.312 5.312] | Δticks -0.719 | ETA 53.0h
step   2810 | loss 9.4062 | lr 3.00e-04 | grad 2.08 | 1.1k tok/s (avg 1.1k) | cert -6.59→-4.16 | ticks [4.719 3.828 3.797 3.781 3.766 3.766 3.766 3.781] | Δticks -0.938 | ETA 53.0h
step   2820 | loss 10.3750 | lr 3.00e-04 | grad 2.00 | 1.1k tok/s (avg 1.1k) | cert -7.44→-5.59 | ticks [5.875 5.125 5.125 5.094 5.094 5.094 5.094 5.094] | Δticks -0.781 | ETA 53.0h
step   2830 | loss 8.5312 | lr 3.00e-04 | grad 2.53 | 1.1k tok/s (avg 1.1k) | cert -7.72→-4.81 | ticks [5.156 4.500 4.500 4.469 4.469 4.469 4.469 4.469] | Δticks -0.688 | ETA 53.0h
step   2840 | loss 9.4062 | lr 3.00e-04 | grad 2.69 | 0.9k tok/s (avg 1.1k) | cert -6.91→-4.12 | ticks [5.031 4.031 3.969 3.953 3.953 3.969 3.969 3.953] | Δticks -1.078 | ETA 53.0h
step   2850 | loss 9.1406 | lr 3.00e-04 | grad 2.64 | 1.1k tok/s (avg 1.1k) | cert -9.50→-6.12 | ticks [6.781 5.688 5.719 5.719 5.719 5.719 5.688 5.688] | Δticks -1.094 | ETA 53.0h
step   2860 | loss 7.6562 | lr 3.00e-04 | grad 2.47 | 1.1k tok/s (avg 1.1k) | cert -6.66→-4.38 | ticks [4.281 3.625 3.625 3.641 3.625 3.625 3.625 3.625] | Δticks -0.656 | ETA 53.0h
step   2870 | loss 9.6406 | lr 3.00e-04 | grad 2.14 | 1.1k tok/s (avg 1.1k) | cert -6.53→-4.62 | ticks [4.531 3.859 3.859 3.859 3.859 3.844 3.859 3.859] | Δticks -0.672 | ETA 53.0h
step   2880 | loss 9.3750 | lr 3.00e-04 | grad 2.31 | 0.9k tok/s (avg 1.1k) | cert -8.31→-5.25 | ticks [5.875 5.000 5.000 5.000 5.000 5.000 5.000 5.000] | Δticks -0.875 | ETA 53.0h
step   2890 | loss 8.7344 | lr 3.00e-04 | grad 2.14 | 1.1k tok/s (avg 1.1k) | cert -8.94→-6.34 | ticks [6.188 5.219 5.219 5.219 5.219 5.219 5.219 5.219] | Δticks -0.969 | ETA 53.0h
step   2900 | loss 11.2500 | lr 3.00e-04 | grad 2.14 | 1.1k tok/s (avg 1.1k) | cert -8.50→-6.16 | ticks [6.125 5.406 5.406 5.406 5.406 5.375 5.375 5.375] | Δticks -0.750 | ETA 53.0h
step   2910 | loss 11.2500 | lr 3.00e-04 | grad 2.42 | 1.1k tok/s (avg 1.1k) | cert -9.12→-7.53 | ticks [6.344 5.750 5.750 5.781 5.781 5.781 5.750 5.750] | Δticks -0.594 | ETA 53.0h
step   2920 | loss 13.0312 | lr 3.00e-04 | grad 1.71 | 0.9k tok/s (avg 1.1k) | cert -6.47→-5.09 | ticks [4.906 4.406 4.406 4.406 4.406 4.406 4.438 4.406] | Δticks -0.500 | ETA 53.0h
step   2930 | loss 8.9688 | lr 3.00e-04 | grad 2.45 | 1.1k tok/s (avg 1.1k) | cert -7.50→-4.75 | ticks [5.344 4.438 4.469 4.438 4.438 4.438 4.438 4.438] | Δticks -0.906 | ETA 53.0h
step   2940 | loss 10.0156 | lr 3.00e-04 | grad 2.27 | 1.1k tok/s (avg 1.1k) | cert -6.66→-4.59 | ticks [4.625 3.844 3.859 3.859 3.859 3.859 3.859 3.859] | Δticks -0.766 | ETA 53.0h
step   2950 | loss 11.9688 | lr 3.00e-04 | grad 2.27 | 1.1k tok/s (avg 1.1k) | cert -9.19→-6.66 | ticks [7.344 6.562 6.562 6.594 6.594 6.594 6.594 6.594] | Δticks -0.750 | ETA 53.0h
step   2960 | loss 11.2812 | lr 3.00e-04 | grad 2.38 | 0.9k tok/s (avg 1.1k) | cert -6.84→-4.88 | ticks [5.688 4.906 4.875 4.875 4.875 4.875 4.875 4.875] | Δticks -0.812 | ETA 53.0h
step   2970 | loss 10.3438 | lr 3.00e-04 | grad 2.22 | 1.1k tok/s (avg 1.1k) | cert -9.56→-6.84 | ticks [7.656 6.625 6.594 6.594 6.594 6.594 6.594 6.594] | Δticks -1.062 | ETA 53.0h
step   2980 | loss 11.0625 | lr 3.00e-04 | grad 2.33 | 1.1k tok/s (avg 1.1k) | cert -9.38→-6.56 | ticks [7.938 7.125 7.125 7.125 7.094 7.094 7.094 7.094] | Δticks -0.844 | ETA 53.0h
step   2990 | loss 19.7500 | lr 3.00e-04 | grad 2.17 | 1.1k tok/s (avg 1.1k) | cert -7.75→-5.62 | ticks [6.312 5.781 5.812 5.812 5.812 5.812 5.781 5.781] | Δticks -0.531 | ETA 53.0h
step   3000 | loss 11.8125 | lr 3.00e-04 | grad 2.86 | 0.9k tok/s (avg 1.1k) | cert -5.22→-4.00 | ticks [4.312 3.641 3.594 3.594 3.609 3.609 3.594 3.578] | Δticks -0.734 | ETA 53.0h
step   3010 | loss 11.8750 | lr 3.00e-04 | grad 3.25 | 1.1k tok/s (avg 1.1k) | cert -7.72→-5.81 | ticks [6.719 6.219 6.219 6.188 6.188 6.188 6.188 6.188] | Δticks -0.531 | ETA 53.0h
step   3020 | loss 8.2031 | lr 3.00e-04 | grad 3.97 | 1.1k tok/s (avg 1.1k) | cert -9.81→-6.44 | ticks [6.312 4.844 4.844 4.844 4.844 4.844 4.844 4.812] | Δticks -1.500 | ETA 53.0h
step   3030 | loss 9.0625 | lr 3.00e-04 | grad 2.70 | 1.1k tok/s (avg 1.1k) | cert -7.53→-5.12 | ticks [5.844 4.875 4.844 4.844 4.844 4.844 4.844 4.844] | Δticks -1.000 | ETA 53.0h
step   3040 | loss 8.6250 | lr 3.00e-04 | grad 2.88 | 0.9k tok/s (avg 1.1k) | cert -5.34→-4.56 | ticks [4.438 3.938 3.938 3.922 3.922 3.922 3.922 3.922] | Δticks -0.516 | ETA 53.0h
step   3050 | loss 8.0625 | lr 3.00e-04 | grad 2.14 | 1.1k tok/s (avg 1.1k) | cert -6.91→-4.31 | ticks [4.281 3.594 3.594 3.594 3.594 3.594 3.594 3.594] | Δticks -0.688 | ETA 53.0h
step   3060 | loss 13.9375 | lr 3.00e-04 | grad 1.80 | 1.1k tok/s (avg 1.1k) | cert -9.19→-6.91 | ticks [6.094 5.281 5.281 5.281 5.281 5.281 5.250 5.281] | Δticks -0.812 | ETA 53.0h
step   3070 | loss 12.2188 | lr 3.00e-04 | grad 2.45 | 1.1k tok/s (avg 1.1k) | cert -7.50→-5.75 | ticks [5.938 5.438 5.438 5.406 5.406 5.406 5.406 5.406] | Δticks -0.531 | ETA 52.9h
step   3080 | loss 12.1250 | lr 3.00e-04 | grad 2.38 | 0.9k tok/s (avg 1.1k) | cert -6.72→-5.25 | ticks [6.031 5.281 5.281 5.281 5.281 5.281 5.281 5.281] | Δticks -0.750 | ETA 53.0h
step   3090 | loss 9.5938 | lr 3.00e-04 | grad 2.06 | 1.1k tok/s (avg 1.1k) | cert -7.69→-4.88 | ticks [5.375 4.500 4.531 4.531 4.531 4.531 4.531 4.531] | Δticks -0.844 | ETA 53.0h
step   3100 | loss 9.4062 | lr 3.00e-04 | grad 3.03 | 1.1k tok/s (avg 1.1k) | cert -6.75→-4.50 | ticks [5.469 4.469 4.438 4.438 4.438 4.438 4.438 4.438] | Δticks -1.031 | ETA 52.9h
step   3110 | loss 12.2969 | lr 3.00e-04 | grad 2.56 | 1.1k tok/s (avg 1.1k) | cert -3.19→-3.53 | ticks [3.438 2.938 2.938 2.969 2.969 2.969 2.953 2.953] | Δticks -0.484 | ETA 52.9h
step   3120 | loss 11.2188 | lr 3.00e-04 | grad 2.62 | 0.9k tok/s (avg 1.1k) | cert -8.25→-6.25 | ticks [6.812 5.938 5.938 5.938 5.938 5.938 5.938 5.938] | Δticks -0.875 | ETA 53.0h
step   3130 | loss 9.9375 | lr 3.00e-04 | grad 2.23 | 1.1k tok/s (avg 1.1k) | cert -6.12→-5.28 | ticks [5.312 4.750 4.750 4.750 4.750 4.750 4.750 4.750] | Δticks -0.562 | ETA 53.0h
step   3140 | loss 9.8125 | lr 3.00e-04 | grad 2.03 | 1.1k tok/s (avg 1.1k) | cert -7.69→-5.34 | ticks [6.469 5.656 5.656 5.656 5.656 5.656 5.656 5.656] | Δticks -0.812 | ETA 52.9h
step   3150 | loss 9.1875 | lr 3.00e-04 | grad 2.06 | 1.1k tok/s (avg 1.1k) | cert -9.38→-6.25 | ticks [7.062 5.938 5.938 5.938 5.938 5.938 5.938 5.938] | Δticks -1.125 | ETA 52.9h
step   3160 | loss 9.5625 | lr 3.00e-04 | grad 2.83 | 0.9k tok/s (avg 1.1k) | cert -9.25→-6.50 | ticks [7.312 5.969 5.969 5.969 5.969 6.000 6.000 6.000] | Δticks -1.312 | ETA 53.0h
step   3170 | loss 9.5625 | lr 3.00e-04 | grad 1.98 | 1.1k tok/s (avg 1.1k) | cert -9.00→-6.25 | ticks [7.281 6.281 6.281 6.312 6.281 6.281 6.281 6.281] | Δticks -1.000 | ETA 53.0h
step   3180 | loss 7.6875 | lr 3.00e-04 | grad 2.88 | 1.1k tok/s (avg 1.1k) | cert -6.25→-4.31 | ticks [4.438 3.828 3.828 3.828 3.828 3.828 3.828 3.844] | Δticks -0.594 | ETA 52.9h
step   3190 | loss 11.1562 | lr 3.00e-04 | grad 2.23 | 1.1k tok/s (avg 1.1k) | cert -6.62→-5.34 | ticks [5.969 5.094 5.062 5.062 5.062 5.062 5.062 5.062] | Δticks -0.906 | ETA 52.9h
step   3200 | loss 9.1875 | lr 3.00e-04 | grad 3.11 | 0.9k tok/s (avg 1.1k) | cert -8.88→-5.88 | ticks [6.656 5.719 5.719 5.719 5.719 5.719 5.719 5.719] | Δticks -0.938 | ETA 53.0h
step   3210 | loss 9.8750 | lr 3.00e-04 | grad 2.53 | 1.1k tok/s (avg 1.1k) | cert -6.75→-5.12 | ticks [5.469 4.688 4.688 4.719 4.719 4.719 4.719 4.719] | Δticks -0.750 | ETA 53.0h
step   3220 | loss 12.0938 | lr 3.00e-04 | grad 2.16 | 1.1k tok/s (avg 1.1k) | cert -8.12→-4.53 | ticks [5.781 4.562 4.531 4.531 4.531 4.531 4.531 4.531] | Δticks -1.250 | ETA 52.9h
step   3230 | loss 9.9688 | lr 3.00e-04 | grad 2.19 | 1.1k tok/s (avg 1.1k) | cert -8.81→-4.94 | ticks [5.906 4.438 4.438 4.438 4.438 4.438 4.438 4.438] | Δticks -1.469 | ETA 52.9h
step   3240 | loss 11.6875 | lr 3.00e-04 | grad 2.50 | 0.9k tok/s (avg 1.1k) | cert -6.53→-4.84 | ticks [6.062 5.344 5.312 5.312 5.312 5.312 5.312 5.312] | Δticks -0.750 | ETA 53.0h
step   3250 | loss 9.5312 | lr 3.00e-04 | grad 3.89 | 1.1k tok/s (avg 1.1k) | cert -7.28→-4.88 | ticks [5.062 4.281 4.312 4.312 4.312 4.281 4.281 4.312] | Δticks -0.750 | ETA 52.9h
step   3260 | loss 9.5938 | lr 3.00e-04 | grad 2.38 | 1.1k tok/s (avg 1.1k) | cert -8.38→-5.91 | ticks [6.688 5.562 5.562 5.562 5.562 5.562 5.562 5.562] | Δticks -1.125 | ETA 52.9h
step   3270 | loss 12.0938 | lr 3.00e-04 | grad 2.19 | 1.1k tok/s (avg 1.1k) | cert -7.88→-5.66 | ticks [5.969 5.188 5.188 5.188 5.188 5.156 5.156 5.188] | Δticks -0.781 | ETA 52.9h
step   3280 | loss 9.4688 | lr 3.00e-04 | grad 2.83 | 0.9k tok/s (avg 1.1k) | cert -6.75→-3.91 | ticks [5.469 4.500 4.438 4.438 4.438 4.406 4.406 4.406] | Δticks -1.062 | ETA 53.0h
step   3290 | loss 12.1250 | lr 3.00e-04 | grad 2.48 | 1.1k tok/s (avg 1.1k) | cert -5.72→-4.94 | ticks [4.875 4.406 4.375 4.375 4.375 4.375 4.375 4.375] | Δticks -0.500 | ETA 52.9h
step   3300 | loss 9.4375 | lr 3.00e-04 | grad 2.27 | 1.1k tok/s (avg 1.1k) | cert -8.88→-5.94 | ticks [7.625 6.375 6.344 6.344 6.344 6.312 6.344 6.344] | Δticks -1.281 | ETA 52.9h
step   3310 | loss 11.0000 | lr 3.00e-04 | grad 2.50 | 1.1k tok/s (avg 1.1k) | cert -8.69→-6.19 | ticks [6.438 5.375 5.375 5.375 5.344 5.344 5.344 5.344] | Δticks -1.094 | ETA 52.9h
step   3320 | loss 13.1250 | lr 3.00e-04 | grad 2.23 | 0.9k tok/s (avg 1.1k) | cert -6.91→-5.16 | ticks [5.938 5.312 5.312 5.281 5.281 5.281 5.281 5.281] | Δticks -0.656 | ETA 52.9h
step   3330 | loss 12.3438 | lr 3.00e-04 | grad 2.14 | 1.1k tok/s (avg 1.1k) | cert -8.12→-5.31 | ticks [6.469 5.531 5.531 5.531 5.531 5.500 5.500 5.500] | Δticks -0.969 | ETA 52.9h
step   3340 | loss 8.3438 | lr 3.00e-04 | grad 2.05 | 1.1k tok/s (avg 1.1k) | cert -7.88→-5.12 | ticks [5.469 4.594 4.594 4.594 4.594 4.594 4.594 4.594] | Δticks -0.875 | ETA 52.9h
step   3350 | loss 11.0625 | lr 3.00e-04 | grad 2.23 | 1.1k tok/s (avg 1.1k) | cert -7.31→-5.38 | ticks [5.688 4.938 4.938 4.938 4.938 4.938 4.938 4.938] | Δticks -0.750 | ETA 52.9h
step   3360 | loss 12.5938 | lr 3.00e-04 | grad 2.12 | 0.9k tok/s (avg 1.1k) | cert -6.72→-5.19 | ticks [5.062 4.531 4.531 4.531 4.531 4.531 4.531 4.531] | Δticks -0.531 | ETA 52.9h
Traceback (most recent call last):
  File "<frozen runpy>", line 198, in _run_module_as_main
  File "<frozen runpy>", line 88, in _run_code
  File "/home/kyler/Documents/CTM-Transformer/ctm_transformer/train_offload.py", line 419, in <module>
    main()
    ~~~~^^
  File "/home/kyler/Documents/CTM-Transformer/ctm_transformer/train_offload.py", line 414, in main
    mp.spawn(worker, args=(world_size, config_dict, runtime_kwargs),
    ~~~~~~~~^^^^^^^^^^^^^^^^^^^^^^^^^^^^^^^^^^^^^^^^^^^^^^^^^^^^^^^^
             nprocs=world_size, join=True)
             ^^^^^^^^^^^^^^^^^^^^^^^^^^^^^
  File "/home/kyler/Documents/OpenMythos/venv_nv/lib/python3.14/site-packages/torch/multiprocessing/spawn.py", line 340, in spawn
    return start_processes(fn, args, nprocs, join, daemon, start_method="spawn")
  File "/home/kyler/Documents/OpenMythos/venv_nv/lib/python3.14/site-packages/torch/multiprocessing/spawn.py", line 296, in start_processes
    while not context.join():
              ~~~~~~~~~~~~^^
  File "/home/kyler/Documents/OpenMythos/venv_nv/lib/python3.14/site-packages/torch/multiprocessing/spawn.py", line 192, in join
    raise ProcessExitedException(
    ...<5 lines>...
    )
torch.multiprocessing.spawn.ProcessExitedException: process 1 terminated with signal SIGKILL
