nohup: ignoring input
Device: cuda
Tokenizer: gpt2 (vocab_size=50,257)
Dataset: HuggingFaceFW/fineweb-edu (sample-10BT)
  Streaming mode — data loaded on the fly from HuggingFace Hub
Model: 607,235,554 parameters (607.2M)
Config: d_model=1760, d_latent=1760, n_layers=8, n_heads=8, thought_steps=8, history_len=8, nlm_hidden=96, nlm_groups=1760
Temporal loss: ramp[0.5→1.5], mono_penalty 0.5 → 0.050 over first 3,000,000 steps (30% of training)
Thought-step curriculum:
  T=4 from step          0 →  3,000,000 (0% → 30%) — uncheckpointed (faster)
  T=6 from step  3,000,000 →  6,000,000 (30% → 60%) — checkpointed
  T=8 from step  6,000,000 → 10,000,000 (60% → 100%) — checkpointed
Optimizer: adamw → AdamW8bit (bnb) (2 param group(s))
  [general] 556.9M params, lr_mult=1.0
  [engram] 50.3M params, lr_mult=5.0

======================================================================
Starting training for 10,000,000 steps
Target: ~20.5B tokens from FineWeb-Edu
======================================================================

Step      0 | loss 12.0000 | lr 0.00e+00 | grad 43.50 | 0.1k tok/s | T=4 | cert -10.50→-10.50 | ticks [11.125 11.188 11.188 11.188] | Δticks +0.062 | 0M tok | ETA 57107.1h
Step     10 | loss 12.0188 | lr 1.50e-06 | grad 42.50 | 3.6k tok/s | T=4 | cert -10.50→-10.50 | ticks [11.188 11.125 11.188 11.188] | Δticks +0.000 | 0M tok | ETA 7718.6h
Step     20 | loss 11.9812 | lr 3.00e-06 | grad 35.50 | 3.6k tok/s | T=4 | cert -10.50→-10.50 | ticks [11.188 11.188 11.188 11.188] | Δticks +0.000 | 0M tok | ETA 4658.2h
Step     30 | loss 11.8625 | lr 4.50e-06 | grad 27.25 | 3.5k tok/s | T=4 | cert -10.50→-10.50 | ticks [11.188 11.125 11.125 11.125] | Δticks -0.062 | 0M tok | ETA 3640.9h
Step     40 | loss 11.7625 | lr 6.00e-06 | grad 20.25 | 3.5k tok/s | T=4 | cert -10.50→-10.50 | ticks [11.188 11.188 11.125 11.062] | Δticks -0.125 | 0M tok | ETA 3135.1h
Step     50 | loss 11.6125 | lr 7.50e-06 | grad 16.38 | 3.5k tok/s | T=4 | cert -10.50→-10.50 | ticks [11.188 11.188 11.062 11.000] | Δticks -0.188 | 0M tok | ETA 2832.3h
Step     60 | loss 11.5250 | lr 9.00e-06 | grad 12.56 | 3.5k tok/s | T=4 | cert -10.50→-10.50 | ticks [11.125 11.125 11.062 10.938] | Δticks -0.188 | 0M tok | ETA 2630.4h
Step     70 | loss 11.4187 | lr 1.05e-05 | grad 11.38 | 3.5k tok/s | T=4 | cert -10.50→-10.50 | ticks [11.188 11.125 11.062 10.938] | Δticks -0.250 | 0M tok | ETA 2486.9h
Step     80 | loss 11.3313 | lr 1.20e-05 | grad 7.72 | 3.5k tok/s | T=4 | cert -10.50→-10.50 | ticks [11.125 11.062 11.000 10.812] | Δticks -0.312 | 0M tok | ETA 2380.9h
Step     90 | loss 11.2375 | lr 1.35e-05 | grad 6.09 | 3.5k tok/s | T=4 | cert -10.50→-10.50 | ticks [11.125 11.062 10.938 10.812] | Δticks -0.312 | 0M tok | ETA 2299.5h
Step    100 | loss 11.1562 | lr 1.50e-05 | grad 5.12 | 3.5k tok/s | T=4 | cert -10.50→-10.50 | ticks [11.125 11.000 10.875 10.750] | Δticks -0.375 | 0M tok | ETA 2234.8h
Step    110 | loss 11.0563 | lr 1.65e-05 | grad 4.81 | 3.4k tok/s | T=4 | cert -10.50→-10.50 | ticks [11.062 11.000 10.875 10.625] | Δticks -0.438 | 0M tok | ETA 2182.7h
Step    120 | loss 10.9688 | lr 1.80e-05 | grad 3.53 | 3.4k tok/s | T=4 | cert -10.50→-10.50 | ticks [11.062 10.938 10.750 10.500] | Δticks -0.562 | 0M tok | ETA 2139.7h
Step    130 | loss 10.8875 | lr 1.95e-05 | grad 3.25 | 3.4k tok/s | T=4 | cert -10.50→-10.50 | ticks [11.000 10.750 10.562 10.312] | Δticks -0.688 | 0M tok | ETA 2103.7h
Step    140 | loss 10.7063 | lr 2.10e-05 | grad 3.05 | 3.4k tok/s | T=4 | cert -10.50→-10.44 | ticks [10.938 10.750 10.500 10.125] | Δticks -0.812 | 0M tok | ETA 2073.2h
Step    150 | loss 10.6188 | lr 2.25e-05 | grad 3.44 | 3.4k tok/s | T=4 | cert -10.50→-10.44 | ticks [10.938 10.625 10.375 10.062] | Δticks -0.875 | 0M tok | ETA 2047.0h
Step    160 | loss 10.6250 | lr 2.40e-05 | grad 3.00 | 3.4k tok/s | T=4 | cert -10.50→-10.38 | ticks [10.812 10.500 10.188 9.938] | Δticks -0.875 | 0M tok | ETA 2024.3h
Step    170 | loss 10.3688 | lr 2.55e-05 | grad 2.50 | 3.4k tok/s | T=4 | cert -10.50→-10.25 | ticks [10.625 10.312 9.938 9.625] | Δticks -1.000 | 0M tok | ETA 2004.5h
Step    180 | loss 10.2812 | lr 2.70e-05 | grad 2.72 | 3.4k tok/s | T=4 | cert -10.44→-10.12 | ticks [10.688 10.312 9.938 9.688] | Δticks -1.000 | 0M tok | ETA 1986.8h
Step    190 | loss 10.0500 | lr 2.85e-05 | grad 2.58 | 3.4k tok/s | T=4 | cert -10.44→-10.00 | ticks [10.500 10.000 9.562 9.250] | Δticks -1.250 | 0M tok | ETA 1971.4h
Step    200 | loss 9.9313 | lr 3.00e-05 | grad 2.34 | 3.4k tok/s | T=4 | cert -10.38→-9.88 | ticks [10.375 9.812 9.438 9.312] | Δticks -1.062 | 0M tok | ETA 1957.5h
Step    210 | loss 9.8250 | lr 3.15e-05 | grad 2.41 | 3.4k tok/s | T=4 | cert -10.25→-9.69 | ticks [10.000 9.438 9.062 8.938] | Δticks -1.062 | 0M tok | ETA 1945.1h
/usr/lib/python3.14/multiprocessing/resource_tracker.py:396: UserWarning: resource_tracker: There appear to be 16 leaked semaphore objects to clean up at shutdown: {'/mp-axw8134p', '/mp-kr2g_sr_', '/mp-7x6cvstm', '/mp-n3_0nqq9', '/mp-c8ts1_3z', '/mp-s7x_x1vh', '/mp-rhis0vqy', '/mp-inlfqp5n', '/mp-pgnb6732', '/mp-55qlwxja', '/mp-v1rstf0s', '/mp-fmvjskml', '/mp-vwebnsy_', '/mp-0ctktqup', '/mp-t_avrg6j', '/mp-f7rg22o9'}
  warnings.warn(
