2026-09-28T00:43:00.116439+00:00 preflight 
...................................                                      [100%]
=============================== warnings summary ===============================
../../.venvs/ctm-research/lib/python3.10/site-packages/matplotlib/_fontconfig_pattern.py:64
  /home/kasm-user/.venvs/ctm-research/lib/python3.10/site-packages/matplotlib/_fontconfig_pattern.py:64: PyparsingDeprecationWarning: 'oneOf' deprecated - use 'one_of'
    prop = Group((name + Suppress("=") + comma_separated(value)) | oneOf(_CONSTANTS))

../../.venvs/ctm-research/lib/python3.10/site-packages/matplotlib/_fontconfig_pattern.py:85
../../.venvs/ctm-research/lib/python3.10/site-packages/matplotlib/_fontconfig_pattern.py:85
../../.venvs/ctm-research/lib/python3.10/site-packages/matplotlib/_fontconfig_pattern.py:85
../../.venvs/ctm-research/lib/python3.10/site-packages/matplotlib/_fontconfig_pattern.py:85
../../.venvs/ctm-research/lib/python3.10/site-packages/matplotlib/_fontconfig_pattern.py:85
../../.venvs/ctm-research/lib/python3.10/site-packages/matplotlib/_fontconfig_pattern.py:85
  /home/kasm-user/.venvs/ctm-research/lib/python3.10/site-packages/matplotlib/_fontconfig_pattern.py:85: PyparsingDeprecationWarning: 'parseString' deprecated - use 'parse_string'
    parse = parser.parseString(pattern)

../../.venvs/ctm-research/lib/python3.10/site-packages/matplotlib/_fontconfig_pattern.py:89
../../.venvs/ctm-research/lib/python3.10/site-packages/matplotlib/_fontconfig_pattern.py:89
../../.venvs/ctm-research/lib/python3.10/site-packages/matplotlib/_fontconfig_pattern.py:89
../../.venvs/ctm-research/lib/python3.10/site-packages/matplotlib/_fontconfig_pattern.py:89
../../.venvs/ctm-research/lib/python3.10/site-packages/matplotlib/_fontconfig_pattern.py:89
../../.venvs/ctm-research/lib/python3.10/site-packages/matplotlib/_fontconfig_pattern.py:89
  /home/kasm-user/.venvs/ctm-research/lib/python3.10/site-packages/matplotlib/_fontconfig_pattern.py:89: PyparsingDeprecationWarning: 'resetCache' deprecated - use 'reset_cache'
    parser.resetCache()

../../.venvs/ctm-research/lib/python3.10/site-packages/matplotlib/_mathtext.py:45
  /home/kasm-user/.venvs/ctm-research/lib/python3.10/site-packages/matplotlib/_mathtext.py:45: PyparsingDeprecationWarning: 'enablePackrat' deprecated - use 'enable_packrat'
    ParserElement.enablePackrat()

-- Docs: https://docs.pytest.org/en/stable/how-to/capture-warnings.html
35 passed, 14 warnings in 33.34s
...                                                                      [100%]
3 passed, 10 deselected in 18.33s
2026-09-28T00:43:59.090958+00:00 training {"workers": {"cuda:0#0": {"pid": 226586, "cells": ["current_seed97", "current_seed107", "current_seed127", "rdt_seed101", "transformer_seed97", "transformer_seed103", "transformer_seed109", "transformer_seed127"]}, "cuda:0#1": {"pid": 226587, "cells": ["sync_seed97", "sync_seed107", "sync_seed127", "rdt_seed103", "transformer_seed101", "transformer_seed107", "transformer_seed113"]}, "cuda:0#2": {"pid": 226588, "cells": ["current_seed101", "current_seed109", "rdt_wide_seed97", "rdt_wide_seed109", "rdt_seed109"]}, "cuda:1#3": {"pid": 226589, "cells": ["sync_seed101", "sync_seed109", "rdt_wide_seed101", "rdt_wide_seed113", "rdt_seed113"]}, "cuda:1#4": {"pid": 226590, "cells": ["current_seed103", "current_seed113", "rdt_wide_seed103", "rdt_wide_seed127", "rdt_seed127"]}, "cuda:1#5": {"pid": 226591, "cells": ["sync_seed103", "sync_seed113", "rdt_wide_seed107", "rdt_seed97", "rdt_seed107"]}}}
2026-09-28T05:47:48.886795+00:00 training_complete 
2026-09-28T05:47:48.887904+00:00 freezing_final_checkpoints 
Audited 350,000 updates and froze 35 final checkpoints before evaluation.
2026-09-28T05:48:10.632610+00:00 evaluation {"worker_pids": [239699, 239700]}
2026-09-28T05:51:37.758902+00:00 summarizing 
# Locked confirmation: second-order state features in the attention queries

35 runs (5 cells × 7 unused seeds [97, 101, 103, 107, 109, 113, 127]), S₃ running products, training lengths 1–16. The locked test (1,024 length-32 words per seed) was evaluated once, after the checkpoint freeze. Correct prefix = leading positions at ≥ 90% test accuracy. Rule: exceeds: larger in >= 6 of 7 seeds and median paired difference >= 2 positions.

## Primary: correct prefix on the locked test (Transformer T=1, others T=16)

| Cell | Parameters | Per seed | Median | Positions 9–16 | Positions 17–32 | Median prefix T=4/8/16/32 |
|---|---:|---|---:|---:|---:|---|
| transformer | 548,660 | 5, 5, 5, 5, 4, 4, 4 | 5 | 33.4% | 16.8% | — |
| rdt | 525,984 | 16, 6, 5, 5, 5, 7, 4 | 5 | 47.0% | 17.1% | 3/4/5/5 |
| rdt_wide | 565,900 | 16, 11, 2, 4, 5, 5, 10 | 5 | 55.3% | 17.2% | 2/4/5/5 |
| sync | 550,688 | 15, 7, 5, 13, 4, 5, 4 | 5 | 49.3% | 16.8% | 1/3/5/5 |
| current | 550,688 | 16, 4, 7, 6, 6, 4, 4 | 6 | 46.7% | 16.7% | 2/5/6/6 |

2026-09-28T05:51:44.431867+00:00 complete_pending_documentation_and_archive 
