2026-09-25T00:38:16.657720+00:00 preflight 
.........                                                                [100%]
=============================== warnings summary ===============================
tests/test_dense_pointer.py::test_dense_summary_first_reaching_threshold
  /home/kasm-user/.venvs/ctm-research/lib/python3.10/site-packages/matplotlib/_fontconfig_pattern.py:64: PyparsingDeprecationWarning: 'oneOf' deprecated - use 'one_of'
    prop = Group((name + Suppress("=") + comma_separated(value)) | oneOf(_CONSTANTS))

tests/test_dense_pointer.py::test_dense_summary_first_reaching_threshold
tests/test_dense_pointer.py::test_dense_summary_first_reaching_threshold
tests/test_dense_pointer.py::test_dense_summary_first_reaching_threshold
tests/test_dense_pointer.py::test_dense_summary_first_reaching_threshold
tests/test_dense_pointer.py::test_dense_summary_first_reaching_threshold
tests/test_dense_pointer.py::test_dense_summary_first_reaching_threshold
  /home/kasm-user/.venvs/ctm-research/lib/python3.10/site-packages/matplotlib/_fontconfig_pattern.py:85: PyparsingDeprecationWarning: 'parseString' deprecated - use 'parse_string'
    parse = parser.parseString(pattern)

tests/test_dense_pointer.py::test_dense_summary_first_reaching_threshold
tests/test_dense_pointer.py::test_dense_summary_first_reaching_threshold
tests/test_dense_pointer.py::test_dense_summary_first_reaching_threshold
tests/test_dense_pointer.py::test_dense_summary_first_reaching_threshold
tests/test_dense_pointer.py::test_dense_summary_first_reaching_threshold
tests/test_dense_pointer.py::test_dense_summary_first_reaching_threshold
  /home/kasm-user/.venvs/ctm-research/lib/python3.10/site-packages/matplotlib/_fontconfig_pattern.py:89: PyparsingDeprecationWarning: 'resetCache' deprecated - use 'reset_cache'
    parser.resetCache()

tests/test_dense_pointer.py::test_dense_summary_first_reaching_threshold
  /home/kasm-user/.venvs/ctm-research/lib/python3.10/site-packages/matplotlib/_mathtext.py:45: PyparsingDeprecationWarning: 'enablePackrat' deprecated - use 'enable_packrat'
    ParserElement.enablePackrat()

-- Docs: https://docs.pytest.org/en/stable/how-to/capture-warnings.html
9 passed, 3 deselected, 14 warnings in 25.60s
.....                                                                    [100%]
5 passed, 7 deselected in 23.60s
2026-09-25T00:39:11.855003+00:00 training {"workers": {"cuda:0": {"pid": 43501, "cells": ["transformer_onehop_lr3e-4_seed41", "transformer_onehop_lr1e-3_seed41", "transformer_onehop_lr3e-3_seed41", "transformer_multihop_lr3e-4_seed41", "transformer_multihop_lr1e-3_seed41", "transformer_multihop_lr3e-3_seed41"]}, "cuda:1": {"pid": 43502, "cells": ["transformer_onehop_lr3e-4_seed43", "transformer_onehop_lr1e-3_seed43", "transformer_onehop_lr3e-3_seed43", "transformer_multihop_lr3e-4_seed43", "transformer_multihop_lr1e-3_seed43", "transformer_multihop_lr3e-3_seed43"]}}}
2026-09-25T01:25:55.978475+00:00 training_complete 
2026-09-25T01:25:55.979443+00:00 freezing_final_checkpoints 
Audited 120,000 updates and froze 12 final checkpoints before evaluation.
2026-09-25T01:26:04.160465+00:00 evaluation {"worker_pids": [45923, 45924]}
2026-09-25T01:26:17.096562+00:00 summarizing 
# Dense Transformer calibration (Stage D1a)

All 12 declared Transformer runs completed and were evaluated from checkpoints frozen at exactly 10,000 updates. Every training map was presented once, with 6 supervised answers per map. Per-answer chance is 9.09%; a guesser exploiting permutation exclusion reaches at most 12.28%. Development splits only; no test set exists for this study.

## One-hop learnability by learning rate

Teacher-forced hop-1 answer accuracy on 256 held-out `eval_id` maps (1,536 answers), final checkpoint.

| Peak LR | seed 41 | seed 43 | Mean | All 6 correct (mean) | First validation update ≥ 90% | Final train CE |
|---:|---:|---:|---:|---:|---:|---:|
| 0.0003 | 13.02% | 12.43% | 12.73% | 0.00% | never, never | 1.8470 |
| 0.001 | 12.37% | 11.72% | 12.04% | 0.00% | never, never | 1.8480 |
| 0.003 | 12.30% | 12.70% | 12.50% | 0.00% | never, never | 1.8472 |

**D1 selected LR: 0.0003.** **D2: dense format NOT learnable** (mean 12.73%, lowest seed 12.43%; gate ≥ 90% mean, ≥ 80% each).

2026-09-25T01:26:22.954733+00:00 complete_pending_documentation_and_archive 
