{"family": "transformer", "size": "50M", "depth": 1, "checkpointing": false, "scaled": true, "batch": 1, "ok": true, "seconds_per_update": 0.1218, "tokens_per_second": 8406.8776, "peak_gib": 1.9234, "loss": 9.1355, "parameters": 91530880, "non_embedding_parameters": 49587840}
{"family": "transformer", "size": "50M", "depth": 1, "checkpointing": false, "scaled": true, "batch": 2, "ok": true, "seconds_per_update": 0.1076, "tokens_per_second": 19034.6233, "peak_gib": 2.6563, "loss": 9.3236, "parameters": 91530880, "non_embedding_parameters": 49587840}
{"family": "transformer", "size": "50M", "depth": 1, "checkpointing": false, "scaled": true, "batch": 4, "ok": true, "seconds_per_update": 0.1751, "tokens_per_second": 23390.6417, "peak_gib": 4.1217, "loss": 9.4308, "parameters": 91530880, "non_embedding_parameters": 49587840}
{"family": "transformer", "size": "50M", "depth": 1, "checkpointing": false, "scaled": true, "batch": 8, "ok": true, "seconds_per_update": 0.1943, "tokens_per_second": 42162.5238, "peak_gib": 5.667, "loss": 9.538, "parameters": 91530880, "non_embedding_parameters": 49587840}
{"family": "transformer", "size": "50M", "depth": 1, "checkpointing": false, "scaled": true, "batch": 16, "ok": true, "seconds_per_update": 0.28, "tokens_per_second": 58505.7644, "peak_gib": 8.5532, "loss": 9.6682, "parameters": 91530880, "non_embedding_parameters": 49587840}
{"family": "transformer", "size": "50M", "depth": 1, "checkpointing": false, "scaled": true, "batch": 32, "ok": true, "seconds_per_update": 0.5292, "tokens_per_second": 61924.9922, "peak_gib": 14.3441, "loss": 9.7743, "parameters": 91530880, "non_embedding_parameters": 49587840}
{"family": "transformer", "size": "50M", "depth": 1, "checkpointing": false, "scaled": true, "batch": 64, "ok": false, "parameters": 91530880, "non_embedding_parameters": 49587840}
{"family": "transformer", "size": "50M", "depth": 1, "checkpointing": true, "scaled": true, "batch": 1, "ok": true, "seconds_per_update": 0.2851, "tokens_per_second": 3591.9294, "peak_gib": 1.753, "loss": 9.1346, "parameters": 91530880, "non_embedding_parameters": 49587840}
{"family": "transformer", "size": "50M", "depth": 1, "checkpointing": true, "scaled": true, "batch": 2, "ok": true, "seconds_per_update": 0.2491, "tokens_per_second": 8222.3342, "peak_gib": 1.9028, "loss": 9.3244, "parameters": 91530880, "non_embedding_parameters": 49587840}
{"family": "transformer", "size": "50M", "depth": 1, "checkpointing": true, "scaled": true, "batch": 4, "ok": true, "seconds_per_update": 0.2594, "tokens_per_second": 15789.5733, "peak_gib": 2.7129, "loss": 9.43, "parameters": 91530880, "non_embedding_parameters": 49587840}
{"family": "transformer", "size": "50M", "depth": 1, "checkpointing": true, "scaled": true, "batch": 8, "ok": true, "seconds_per_update": 0.353, "tokens_per_second": 23208.6649, "peak_gib": 2.937, "loss": 9.5387, "parameters": 91530880, "non_embedding_parameters": 49587840}
{"family": "transformer", "size": "50M", "depth": 1, "checkpointing": true, "scaled": true, "batch": 16, "ok": true, "seconds_per_update": 0.4044, "tokens_per_second": 40512.4927, "peak_gib": 3.2117, "loss": 9.6683, "parameters": 91530880, "non_embedding_parameters": 49587840}
{"family": "transformer", "size": "50M", "depth": 1, "checkpointing": true, "scaled": true, "batch": 32, "ok": true, "seconds_per_update": 0.6296, "tokens_per_second": 52049.2649, "peak_gib": 3.7593, "loss": 9.7743, "parameters": 91530880, "non_embedding_parameters": 49587840}
{"family": "transformer", "size": "50M", "depth": 1, "checkpointing": true, "scaled": true, "batch": 64, "ok": true, "seconds_per_update": 1.2099, "tokens_per_second": 54166.6786, "peak_gib": 5.3672, "loss": 9.8935, "parameters": 91530880, "non_embedding_parameters": 49587840}
{"family": "rdt", "size": "50M", "depth": 16, "checkpointing": false, "scaled": true, "batch": 1, "ok": true, "seconds_per_update": 1.3431, "tokens_per_second": 762.4083, "peak_gib": 6.1375, "loss": 9.0057, "parameters": 92362880, "non_embedding_parameters": 50419840}
{"family": "rdt", "size": "50M", "depth": 16, "checkpointing": false, "scaled": true, "batch": 2, "ok": true, "seconds_per_update": 1.4257, "tokens_per_second": 1436.4648, "peak_gib": 11.0265, "loss": 9.2846, "parameters": 92362880, "non_embedding_parameters": 50419840}
{"family": "rdt", "size": "50M", "depth": 16, "checkpointing": false, "scaled": true, "batch": 4, "ok": true, "seconds_per_update": 1.4772, "tokens_per_second": 2772.7465, "peak_gib": 20.8403, "loss": 9.4023, "parameters": 92362880, "non_embedding_parameters": 50419840}
{"family": "rdt", "size": "50M", "depth": 16, "checkpointing": false, "scaled": true, "batch": 8, "ok": false, "parameters": 92362880, "non_embedding_parameters": 50419840}
{"family": "rdt", "size": "50M", "depth": 16, "checkpointing": true, "scaled": true, "batch": 1, "ok": true, "seconds_per_update": 2.1751, "tokens_per_second": 470.7911, "peak_gib": 1.7775, "loss": 9.0057, "parameters": 92362880, "non_embedding_parameters": 50419840}
{"family": "rdt", "size": "50M", "depth": 16, "checkpointing": true, "scaled": true, "batch": 2, "ok": true, "seconds_per_update": 2.2378, "tokens_per_second": 915.1772, "peak_gib": 2.4026, "loss": 9.2847, "parameters": 92362880, "non_embedding_parameters": 50419840}
{"family": "rdt", "size": "50M", "depth": 16, "checkpointing": true, "scaled": true, "batch": 4, "ok": true, "seconds_per_update": 2.1964, "tokens_per_second": 1864.8343, "peak_gib": 3.7034, "loss": 9.4027, "parameters": 92362880, "non_embedding_parameters": 50419840}
{"family": "rdt", "size": "50M", "depth": 16, "checkpointing": true, "scaled": true, "batch": 8, "ok": true, "seconds_per_update": 2.0835, "tokens_per_second": 3931.817, "peak_gib": 4.9036, "loss": 9.4934, "parameters": 92362880, "non_embedding_parameters": 50419840}
{"family": "rdt", "size": "50M", "depth": 16, "checkpointing": true, "scaled": true, "batch": 16, "ok": true, "seconds_per_update": 2.9837, "tokens_per_second": 5491.2082, "peak_gib": 7.1298, "loss": 9.6165, "parameters": 92362880, "non_embedding_parameters": 50419840}
{"family": "rdt", "size": "50M", "depth": 16, "checkpointing": true, "scaled": true, "batch": 32, "ok": true, "seconds_per_update": 5.4548, "tokens_per_second": 6007.1635, "peak_gib": 11.5823, "loss": 9.7154, "parameters": 92362880, "non_embedding_parameters": 50419840}
{"family": "rdt", "size": "50M", "depth": 16, "checkpointing": true, "scaled": true, "batch": 64, "ok": false, "parameters": 92362880, "non_embedding_parameters": 50419840}
{"family": "rdt", "size": "50M", "depth": 48, "checkpointing": true, "scaled": true, "batch": 1, "ok": true, "seconds_per_update": 5.5833, "tokens_per_second": 183.4039, "peak_gib": 2.2588, "loss": 9.0022, "parameters": 92362880, "non_embedding_parameters": 50419840}
{"family": "rdt", "size": "50M", "depth": 48, "checkpointing": true, "scaled": true, "batch": 2, "ok": true, "seconds_per_update": 5.5553, "tokens_per_second": 368.66, "peak_gib": 3.4237, "loss": 9.2845, "parameters": 92362880, "non_embedding_parameters": 50419840}
{"family": "rdt", "size": "50M", "depth": 48, "checkpointing": true, "scaled": true, "batch": 4, "ok": true, "seconds_per_update": 5.5911, "tokens_per_second": 732.5868, "peak_gib": 5.7431, "loss": 9.4054, "parameters": 92362880, "non_embedding_parameters": 50419840}
{"family": "rdt", "size": "50M", "depth": 48, "checkpointing": true, "scaled": true, "batch": 8, "ok": true, "seconds_per_update": 5.4981, "tokens_per_second": 1489.9721, "peak_gib": 8.973, "loss": 9.4956, "parameters": 92362880, "non_embedding_parameters": 50419840}
{"family": "rdt", "size": "50M", "depth": 48, "checkpointing": true, "scaled": true, "batch": 16, "ok": true, "seconds_per_update": 8.3479, "tokens_per_second": 1962.6477, "peak_gib": 15.264, "loss": 9.6182, "parameters": 92362880, "non_embedding_parameters": 50419840}
{"family": "rdt", "size": "50M", "depth": 48, "checkpointing": true, "scaled": true, "batch": 32, "ok": false, "parameters": 92362880, "non_embedding_parameters": 50419840}
{"family": "ctm_lm", "size": "50M", "depth": 16, "checkpointing": false, "scaled": true, "batch": 1, "ok": true, "seconds_per_update": 0.4623, "tokens_per_second": 2214.9592, "peak_gib": 13.9675, "loss": 10.3075, "parameters": 119967360, "non_embedding_parameters": 48664192}
{"family": "ctm_lm", "size": "50M", "depth": 16, "checkpointing": false, "scaled": true, "batch": 2, "ok": false, "parameters": 119967360, "non_embedding_parameters": 48664192}
{"family": "ctm_lm", "size": "50M", "depth": 16, "checkpointing": true, "scaled": true, "batch": 1, "ok": true, "seconds_per_update": 0.6677, "tokens_per_second": 1533.512, "peak_gib": 4.7246, "loss": 10.3075, "parameters": 119967360, "non_embedding_parameters": 48664192}
{"family": "ctm_lm", "size": "50M", "depth": 16, "checkpointing": true, "scaled": true, "batch": 2, "ok": true, "seconds_per_update": 0.855, "tokens_per_second": 2395.3011, "peak_gib": 6.7654, "loss": 10.3212, "parameters": 119967360, "non_embedding_parameters": 48664192}
{"family": "ctm_lm", "size": "50M", "depth": 16, "checkpointing": true, "scaled": true, "batch": 4, "ok": true, "seconds_per_update": 1.5486, "tokens_per_second": 2644.9352, "peak_gib": 11.8374, "loss": 10.3316, "parameters": 119967360, "non_embedding_parameters": 48664192}
{"family": "ctm_lm", "size": "50M", "depth": 16, "checkpointing": true, "scaled": true, "batch": 8, "ok": false, "parameters": 119967360, "non_embedding_parameters": 48664192}
{"family": "ctm_lm", "size": "50M", "depth": 48, "checkpointing": true, "scaled": true, "batch": 1, "ok": true, "seconds_per_update": 1.6204, "tokens_per_second": 631.9318, "peak_gib": 7.7083, "loss": 10.2464, "parameters": 119967360, "non_embedding_parameters": 48664192}
{"family": "ctm_lm", "size": "50M", "depth": 48, "checkpointing": true, "scaled": true, "batch": 2, "ok": true, "seconds_per_update": 2.3654, "tokens_per_second": 865.8311, "peak_gib": 12.46, "loss": 10.264, "parameters": 119967360, "non_embedding_parameters": 48664192}
{"family": "ctm_lm", "size": "50M", "depth": 48, "checkpointing": true, "scaled": true, "batch": 4, "ok": false, "parameters": 119967360, "non_embedding_parameters": 48664192}
