{"family": "transformer", "size": "10M", "depth": 1, "checkpointing": false, "batch": 1, "ok": true, "seconds_per_update": 0.0572, "tokens_per_second": 17893.63, "peak_gib": 0.9716, "loss": 9.7038, "parameters": 35792256, "non_embedding_parameters": 10626432}
{"family": "transformer", "size": "10M", "depth": 1, "checkpointing": false, "batch": 2, "ok": true, "seconds_per_update": 0.0602, "tokens_per_second": 34030.0349, "peak_gib": 1.4764, "loss": 9.7909, "parameters": 35792256, "non_embedding_parameters": 10626432}
{"family": "transformer", "size": "10M", "depth": 1, "checkpointing": false, "batch": 4, "ok": true, "seconds_per_update": 0.0569, "tokens_per_second": 72011.0878, "peak_gib": 2.4847, "loss": 9.8922, "parameters": 35792256, "non_embedding_parameters": 10626432}
{"family": "transformer", "size": "10M", "depth": 1, "checkpointing": false, "batch": 8, "ok": true, "seconds_per_update": 0.0687, "tokens_per_second": 119287.5913, "peak_gib": 4.5035, "loss": 9.9733, "parameters": 35792256, "non_embedding_parameters": 10626432}
{"family": "transformer", "size": "10M", "depth": 1, "checkpointing": false, "batch": 16, "ok": true, "seconds_per_update": 0.1277, "tokens_per_second": 128258.9428, "peak_gib": 8.5392, "loss": 10.0368, "parameters": 35792256, "non_embedding_parameters": 10626432}
{"family": "transformer", "size": "10M", "depth": 1, "checkpointing": false, "batch": 32, "ok": true, "seconds_per_update": 0.2066, "tokens_per_second": 158609.8873, "peak_gib": 16.6175, "loss": 10.0989, "parameters": 35792256, "non_embedding_parameters": 10626432}
{"family": "transformer", "size": "10M", "depth": 1, "checkpointing": false, "batch": 64, "ok": false, "parameters": 35792256, "non_embedding_parameters": 10626432}
{"family": "transformer", "size": "25M", "depth": 1, "checkpointing": false, "batch": 1, "ok": true, "seconds_per_update": 0.079, "tokens_per_second": 12969.6777, "peak_gib": 1.3787, "loss": 9.3718, "parameters": 59261440, "non_embedding_parameters": 25707008}
{"family": "transformer", "size": "25M", "depth": 1, "checkpointing": false, "batch": 2, "ok": true, "seconds_per_update": 0.0772, "tokens_per_second": 26511.732, "peak_gib": 1.9841, "loss": 9.5491, "parameters": 59261440, "non_embedding_parameters": 25707008}
{"family": "transformer", "size": "25M", "depth": 1, "checkpointing": false, "batch": 4, "ok": true, "seconds_per_update": 0.0796, "tokens_per_second": 51487.1616, "peak_gib": 3.1992, "loss": 9.6557, "parameters": 59261440, "non_embedding_parameters": 25707008}
{"family": "transformer", "size": "25M", "depth": 1, "checkpointing": false, "batch": 8, "ok": true, "seconds_per_update": 0.0983, "tokens_per_second": 83378.7806, "peak_gib": 5.6213, "loss": 9.7537, "parameters": 59261440, "non_embedding_parameters": 25707008}
{"family": "transformer", "size": "25M", "depth": 1, "checkpointing": false, "batch": 16, "ok": true, "seconds_per_update": 0.1696, "tokens_per_second": 96602.4781, "peak_gib": 10.4794, "loss": 9.8479, "parameters": 59261440, "non_embedding_parameters": 25707008}
{"family": "transformer", "size": "25M", "depth": 1, "checkpointing": false, "batch": 32, "ok": true, "seconds_per_update": 0.3188, "tokens_per_second": 102793.6863, "peak_gib": 20.1859, "loss": 9.9418, "parameters": 59261440, "non_embedding_parameters": 25707008}
{"family": "transformer", "size": "25M", "depth": 1, "checkpointing": false, "batch": 64, "ok": false, "parameters": 59261440, "non_embedding_parameters": 25707008}
{"family": "transformer", "size": "50M", "depth": 1, "checkpointing": false, "batch": 1, "ok": true, "seconds_per_update": 0.0962, "tokens_per_second": 10641.7748, "peak_gib": 1.9249, "loss": 9.1343, "parameters": 91530880, "non_embedding_parameters": 49587840}
{"family": "transformer", "size": "50M", "depth": 1, "checkpointing": false, "batch": 2, "ok": true, "seconds_per_update": 0.0948, "tokens_per_second": 21614.5741, "peak_gib": 2.6531, "loss": 9.3238, "parameters": 91530880, "non_embedding_parameters": 49587840}
{"family": "transformer", "size": "50M", "depth": 1, "checkpointing": false, "batch": 4, "ok": true, "seconds_per_update": 0.0973, "tokens_per_second": 42098.2418, "peak_gib": 4.1191, "loss": 9.4306, "parameters": 91530880, "non_embedding_parameters": 49587840}
{"family": "transformer", "size": "50M", "depth": 1, "checkpointing": false, "batch": 8, "ok": true, "seconds_per_update": 0.1388, "tokens_per_second": 59002.3158, "peak_gib": 7.0589, "loss": 9.5381, "parameters": 91530880, "non_embedding_parameters": 49587840}
{"family": "transformer", "size": "50M", "depth": 1, "checkpointing": false, "batch": 16, "ok": true, "seconds_per_update": 0.2618, "tokens_per_second": 62580.0361, "peak_gib": 12.9073, "loss": 9.6683, "parameters": 91530880, "non_embedding_parameters": 49587840}
{"family": "transformer", "size": "50M", "depth": 1, "checkpointing": false, "batch": 32, "ok": false, "parameters": 91530880, "non_embedding_parameters": 49587840}
{"family": "rdt", "size": "10M", "depth": 16, "checkpointing": false, "batch": 1, "ok": true, "seconds_per_update": 0.8519, "tokens_per_second": 1201.9854, "peak_gib": 2.6456, "loss": 9.7254, "parameters": 36091776, "non_embedding_parameters": 10925952}
{"family": "rdt", "size": "10M", "depth": 16, "checkpointing": false, "batch": 2, "ok": true, "seconds_per_update": 0.8213, "tokens_per_second": 2493.5999, "peak_gib": 4.8996, "loss": 9.8453, "parameters": 36091776, "non_embedding_parameters": 10925952}
{"family": "rdt", "size": "10M", "depth": 16, "checkpointing": false, "batch": 4, "ok": true, "seconds_per_update": 0.8408, "tokens_per_second": 4871.3818, "peak_gib": 9.2269, "loss": 9.9237, "parameters": 36091776, "non_embedding_parameters": 10925952}
{"family": "rdt", "size": "10M", "depth": 16, "checkpointing": false, "batch": 8, "ok": true, "seconds_per_update": 0.8142, "tokens_per_second": 10060.9109, "peak_gib": 17.7337, "loss": 9.9948, "parameters": 36091776, "non_embedding_parameters": 10925952}
{"family": "rdt", "size": "10M", "depth": 16, "checkpointing": false, "batch": 16, "ok": false, "parameters": 36091776, "non_embedding_parameters": 10925952}
{"family": "rdt", "size": "10M", "depth": 48, "checkpointing": false, "batch": 1, "ok": true, "seconds_per_update": 2.1684, "tokens_per_second": 472.2386, "peak_gib": 6.1256, "loss": 9.7257, "parameters": 36091776, "non_embedding_parameters": 10925952}
{"family": "rdt", "size": "10M", "depth": 48, "checkpointing": false, "batch": 2, "ok": true, "seconds_per_update": 2.224, "tokens_per_second": 920.8573, "peak_gib": 12.0234, "loss": 9.8453, "parameters": 36091776, "non_embedding_parameters": 10925952}
{"family": "rdt", "size": "10M", "depth": 48, "checkpointing": false, "batch": 4, "ok": false, "parameters": 36091776, "non_embedding_parameters": 10925952}
{"family": "rdt", "size": "10M", "depth": 48, "checkpointing": true, "batch": 1, "ok": true, "seconds_per_update": 3.7799, "tokens_per_second": 270.9079, "peak_gib": 1.1526, "loss": 9.7255, "parameters": 36091776, "non_embedding_parameters": 10925952}
{"family": "rdt", "size": "10M", "depth": 48, "checkpointing": true, "batch": 2, "ok": true, "seconds_per_update": 3.5237, "tokens_per_second": 581.2079, "peak_gib": 1.8584, "loss": 9.8454, "parameters": 36091776, "non_embedding_parameters": 10925952}
{"family": "rdt", "size": "10M", "depth": 48, "checkpointing": true, "batch": 4, "ok": true, "seconds_per_update": 3.8024, "tokens_per_second": 1077.2162, "peak_gib": 3.2508, "loss": 9.9238, "parameters": 36091776, "non_embedding_parameters": 10925952}
{"family": "rdt", "size": "10M", "depth": 48, "checkpointing": true, "batch": 8, "ok": true, "seconds_per_update": 3.9052, "tokens_per_second": 2097.7178, "peak_gib": 6.0545, "loss": 9.9949, "parameters": 36091776, "non_embedding_parameters": 10925952}
{"family": "rdt", "size": "10M", "depth": 48, "checkpointing": true, "batch": 16, "ok": true, "seconds_per_update": 3.6018, "tokens_per_second": 4548.8259, "peak_gib": 11.6616, "loss": 10.0398, "parameters": 36091776, "non_embedding_parameters": 10925952}
{"family": "rdt", "size": "10M", "depth": 48, "checkpointing": true, "batch": 32, "ok": false, "parameters": 36091776, "non_embedding_parameters": 10925952}
{"family": "rdt", "size": "25M", "depth": 16, "checkpointing": false, "batch": 1, "ok": true, "seconds_per_update": 0.871, "tokens_per_second": 1175.6463, "peak_gib": 3.6869, "loss": 9.3398, "parameters": 59793920, "non_embedding_parameters": 26239488}
{"family": "rdt", "size": "25M", "depth": 16, "checkpointing": false, "batch": 2, "ok": true, "seconds_per_update": 0.754, "tokens_per_second": 2716.254, "peak_gib": 6.5456, "loss": 9.4827, "parameters": 59793920, "non_embedding_parameters": 26239488}
{"family": "rdt", "size": "25M", "depth": 16, "checkpointing": false, "batch": 4, "ok": true, "seconds_per_update": 0.757, "tokens_per_second": 5411.1231, "peak_gib": 12.4212, "loss": 9.609, "parameters": 59793920, "non_embedding_parameters": 26239488}
{"family": "rdt", "size": "25M", "depth": 16, "checkpointing": false, "batch": 8, "ok": false, "parameters": 59793920, "non_embedding_parameters": 26239488}
{"family": "rdt", "size": "25M", "depth": 48, "checkpointing": false, "batch": 1, "ok": true, "seconds_per_update": 2.0084, "tokens_per_second": 509.8703, "peak_gib": 8.4496, "loss": 9.3423, "parameters": 59793920, "non_embedding_parameters": 26239488}
{"family": "rdt", "size": "25M", "depth": 48, "checkpointing": false, "batch": 2, "ok": true, "seconds_per_update": 2.2295, "tokens_per_second": 918.5803, "peak_gib": 15.9787, "loss": 9.4844, "parameters": 59793920, "non_embedding_parameters": 26239488}
{"family": "rdt", "size": "25M", "depth": 48, "checkpointing": false, "batch": 4, "ok": false, "parameters": 59793920, "non_embedding_parameters": 26239488}
{"family": "rdt", "size": "25M", "depth": 48, "checkpointing": true, "batch": 1, "ok": true, "seconds_per_update": 3.7885, "tokens_per_second": 270.2907, "peak_gib": 1.5381, "loss": 9.342, "parameters": 59793920, "non_embedding_parameters": 26239488}
{"family": "rdt", "size": "25M", "depth": 48, "checkpointing": true, "batch": 2, "ok": true, "seconds_per_update": 3.4432, "tokens_per_second": 594.7949, "peak_gib": 2.3548, "loss": 9.4848, "parameters": 59793920, "non_embedding_parameters": 26239488}
{"family": "rdt", "size": "25M", "depth": 48, "checkpointing": true, "batch": 4, "ok": true, "seconds_per_update": 3.7677, "tokens_per_second": 1087.1371, "peak_gib": 3.9828, "loss": 9.6092, "parameters": 59793920, "non_embedding_parameters": 26239488}
{"family": "rdt", "size": "25M", "depth": 48, "checkpointing": true, "batch": 8, "ok": true, "seconds_per_update": 3.887, "tokens_per_second": 2107.5279, "peak_gib": 7.2358, "loss": 9.7297, "parameters": 59793920, "non_embedding_parameters": 26239488}
{"family": "rdt", "size": "25M", "depth": 48, "checkpointing": true, "batch": 16, "ok": true, "seconds_per_update": 4.5781, "tokens_per_second": 3578.7974, "peak_gib": 13.7412, "loss": 9.829, "parameters": 59793920, "non_embedding_parameters": 26239488}
{"family": "rdt", "size": "25M", "depth": 48, "checkpointing": true, "batch": 32, "ok": false, "parameters": 59793920, "non_embedding_parameters": 26239488}
{"family": "rdt", "size": "50M", "depth": 16, "checkpointing": false, "batch": 1, "ok": true, "seconds_per_update": 0.996, "tokens_per_second": 1028.0868, "peak_gib": 6.1582, "loss": 9.006, "parameters": 92362880, "non_embedding_parameters": 50419840}
{"family": "rdt", "size": "50M", "depth": 16, "checkpointing": false, "batch": 2, "ok": true, "seconds_per_update": 1.1468, "tokens_per_second": 1785.8034, "peak_gib": 11.0255, "loss": 9.2842, "parameters": 92362880, "non_embedding_parameters": 50419840}
{"family": "rdt", "size": "50M", "depth": 16, "checkpointing": false, "batch": 4, "ok": true, "seconds_per_update": 1.1933, "tokens_per_second": 3432.4076, "peak_gib": 20.8288, "loss": 9.4027, "parameters": 92362880, "non_embedding_parameters": 50419840}
{"family": "rdt", "size": "50M", "depth": 16, "checkpointing": false, "batch": 8, "ok": false, "parameters": 92362880, "non_embedding_parameters": 50419840}
{"family": "rdt", "size": "50M", "depth": 48, "checkpointing": false, "batch": 1, "ok": true, "seconds_per_update": 3.2471, "tokens_per_second": 315.3561, "peak_gib": 14.9653, "loss": 9.0029, "parameters": 92362880, "non_embedding_parameters": 50419840}
{"family": "rdt", "size": "50M", "depth": 48, "checkpointing": false, "batch": 2, "ok": false, "parameters": 92362880, "non_embedding_parameters": 50419840}
{"family": "rdt", "size": "50M", "depth": 48, "checkpointing": true, "batch": 1, "ok": true, "seconds_per_update": 5.4251, "tokens_per_second": 188.7513, "peak_gib": 2.2982, "loss": 9.003, "parameters": 92362880, "non_embedding_parameters": 50419840}
{"family": "rdt", "size": "50M", "depth": 48, "checkpointing": true, "batch": 2, "ok": true, "seconds_per_update": 5.6955, "tokens_per_second": 359.5801, "peak_gib": 3.4182, "loss": 9.2843, "parameters": 92362880, "non_embedding_parameters": 50419840}
{"family": "rdt", "size": "50M", "depth": 48, "checkpointing": true, "batch": 4, "ok": true, "seconds_per_update": 5.5937, "tokens_per_second": 732.2517, "peak_gib": 5.7352, "loss": 9.4057, "parameters": 92362880, "non_embedding_parameters": 50419840}
{"family": "rdt", "size": "50M", "depth": 48, "checkpointing": true, "batch": 8, "ok": true, "seconds_per_update": 5.5399, "tokens_per_second": 1478.7292, "peak_gib": 10.3622, "loss": 9.496, "parameters": 92362880, "non_embedding_parameters": 50419840}
{"family": "rdt", "size": "50M", "depth": 48, "checkpointing": true, "batch": 16, "ok": true, "seconds_per_update": 8.1202, "tokens_per_second": 2017.6891, "peak_gib": 19.6204, "loss": 9.6182, "parameters": 92362880, "non_embedding_parameters": 50419840}
{"family": "rdt", "size": "50M", "depth": 48, "checkpointing": true, "batch": 32, "ok": false, "parameters": 92362880, "non_embedding_parameters": 50419840}
{"family": "ctm_lm", "size": "10M", "depth": 16, "checkpointing": false, "batch": 1, "ok": true, "seconds_per_update": 0.367, "tokens_per_second": 2790.1295, "peak_gib": 14.1142, "loss": 10.3568, "parameters": 38733696, "non_embedding_parameters": 9373568}
{"family": "ctm_lm", "size": "10M", "depth": 16, "checkpointing": false, "batch": 2, "ok": false, "parameters": 38733696, "non_embedding_parameters": 9373568}
{"family": "ctm_lm", "size": "25M", "depth": 16, "checkpointing": false, "batch": 1, "ok": true, "seconds_per_update": 0.3259, "tokens_per_second": 3142.345, "peak_gib": 18.0732, "loss": 10.3304, "parameters": 72254976, "non_embedding_parameters": 21923328}
{"family": "ctm_lm", "size": "25M", "depth": 16, "checkpointing": false, "batch": 2, "ok": false, "parameters": 72254976, "non_embedding_parameters": 21923328}
{"family": "ctm_lm", "size": "50M", "depth": 16, "checkpointing": false, "batch": 1, "ok": true, "seconds_per_update": 0.4612, "tokens_per_second": 2220.4083, "peak_gib": 22.276, "loss": 10.3077, "parameters": 119967360, "non_embedding_parameters": 48664192}
{"family": "ctm_lm", "size": "50M", "depth": 16, "checkpointing": false, "batch": 2, "ok": false, "parameters": 119967360, "non_embedding_parameters": 48664192}
