2026-09-26T22:36:05.613368+00:00 preflight 
..........................                                               [100%]
=============================== warnings summary ===============================
../../.venvs/ctm-research/lib/python3.10/site-packages/matplotlib/_fontconfig_pattern.py:64
  /home/kasm-user/.venvs/ctm-research/lib/python3.10/site-packages/matplotlib/_fontconfig_pattern.py:64: PyparsingDeprecationWarning: 'oneOf' deprecated - use 'one_of'
    prop = Group((name + Suppress("=") + comma_separated(value)) | oneOf(_CONSTANTS))

../../.venvs/ctm-research/lib/python3.10/site-packages/matplotlib/_fontconfig_pattern.py:85
../../.venvs/ctm-research/lib/python3.10/site-packages/matplotlib/_fontconfig_pattern.py:85
../../.venvs/ctm-research/lib/python3.10/site-packages/matplotlib/_fontconfig_pattern.py:85
../../.venvs/ctm-research/lib/python3.10/site-packages/matplotlib/_fontconfig_pattern.py:85
../../.venvs/ctm-research/lib/python3.10/site-packages/matplotlib/_fontconfig_pattern.py:85
../../.venvs/ctm-research/lib/python3.10/site-packages/matplotlib/_fontconfig_pattern.py:85
  /home/kasm-user/.venvs/ctm-research/lib/python3.10/site-packages/matplotlib/_fontconfig_pattern.py:85: PyparsingDeprecationWarning: 'parseString' deprecated - use 'parse_string'
    parse = parser.parseString(pattern)

../../.venvs/ctm-research/lib/python3.10/site-packages/matplotlib/_fontconfig_pattern.py:89
../../.venvs/ctm-research/lib/python3.10/site-packages/matplotlib/_fontconfig_pattern.py:89
../../.venvs/ctm-research/lib/python3.10/site-packages/matplotlib/_fontconfig_pattern.py:89
../../.venvs/ctm-research/lib/python3.10/site-packages/matplotlib/_fontconfig_pattern.py:89
../../.venvs/ctm-research/lib/python3.10/site-packages/matplotlib/_fontconfig_pattern.py:89
../../.venvs/ctm-research/lib/python3.10/site-packages/matplotlib/_fontconfig_pattern.py:89
  /home/kasm-user/.venvs/ctm-research/lib/python3.10/site-packages/matplotlib/_fontconfig_pattern.py:89: PyparsingDeprecationWarning: 'resetCache' deprecated - use 'reset_cache'
    parser.resetCache()

../../.venvs/ctm-research/lib/python3.10/site-packages/matplotlib/_mathtext.py:45
  /home/kasm-user/.venvs/ctm-research/lib/python3.10/site-packages/matplotlib/_mathtext.py:45: PyparsingDeprecationWarning: 'enablePackrat' deprecated - use 'enable_packrat'
    ParserElement.enablePackrat()

-- Docs: https://docs.pytest.org/en/stable/how-to/capture-warnings.html
26 passed, 14 warnings in 32.15s
...                                                                      [100%]
3 passed, 10 deselected in 17.46s
2026-09-26T22:37:00.137724+00:00 training {"workers": {"cuda:0#0": {"pid": 172328, "cells": ["shuffled_seed47", "nodecay_seed53", "current_seed59", "linear_seed61", "state_seed67"]}, "cuda:0#1": {"pid": 172329, "cells": ["nodecay_seed47", "current_seed53", "linear_seed59", "state_seed61"]}, "cuda:0#2": {"pid": 172330, "cells": ["current_seed47", "linear_seed53", "state_seed59", "shuffled_seed67"]}, "cuda:1#3": {"pid": 172331, "cells": ["linear_seed47", "state_seed53", "shuffled_seed61", "nodecay_seed67"]}, "cuda:1#4": {"pid": 172332, "cells": ["state_seed47", "shuffled_seed59", "nodecay_seed61", "current_seed67"]}, "cuda:1#5": {"pid": 172333, "cells": ["shuffled_seed53", "nodecay_seed59", "current_seed61", "linear_seed67"]}}}
2026-09-27T03:09:39.432439+00:00 stopped {"error": "RuntimeError(\"Training failure recorded for ['state_seed67', 'state_seed61', 'state_seed59', 'state_seed53', 'state_seed47']; no favorable replacement permitted\")"}
Traceback (most recent call last):
  File "/usr/lib/python3.10/runpy.py", line 196, in _run_module_as_main
    return _run_code(code, main_globals, None,
  File "/usr/lib/python3.10/runpy.py", line 86, in _run_code
    exec(code, run_globals)
  File "/home/kasm-user/Documents/CTM-Transformer/scripts/supervise_sync_ablation.py", line 13, in <module>
    if __name__=='__main__':supervise(STUDY)
  File "/home/kasm-user/Documents/CTM-Transformer/scripts/study_supervisor.py", line 176, in supervise
    try:s.run()
  File "/home/kasm-user/Documents/CTM-Transformer/scripts/study_supervisor.py", line 157, in run
    self.archive_interrupted();self.train();self.replay_audit()
  File "/home/kasm-user/Documents/CTM-Transformer/scripts/study_supervisor.py", line 125, in train
    if failures:raise RuntimeError(f'Training failure recorded for {failures}; no favorable replacement permitted')
RuntimeError: Training failure recorded for ['state_seed67', 'state_seed61', 'state_seed59', 'state_seed53', 'state_seed47']; no favorable replacement permitted
2026-09-27T03:12:09.430647+00:00 preflight 
..........................                                               [100%]
=============================== warnings summary ===============================
../../.venvs/ctm-research/lib/python3.10/site-packages/matplotlib/_fontconfig_pattern.py:64
  /home/kasm-user/.venvs/ctm-research/lib/python3.10/site-packages/matplotlib/_fontconfig_pattern.py:64: PyparsingDeprecationWarning: 'oneOf' deprecated - use 'one_of'
    prop = Group((name + Suppress("=") + comma_separated(value)) | oneOf(_CONSTANTS))

../../.venvs/ctm-research/lib/python3.10/site-packages/matplotlib/_fontconfig_pattern.py:85
../../.venvs/ctm-research/lib/python3.10/site-packages/matplotlib/_fontconfig_pattern.py:85
../../.venvs/ctm-research/lib/python3.10/site-packages/matplotlib/_fontconfig_pattern.py:85
../../.venvs/ctm-research/lib/python3.10/site-packages/matplotlib/_fontconfig_pattern.py:85
../../.venvs/ctm-research/lib/python3.10/site-packages/matplotlib/_fontconfig_pattern.py:85
../../.venvs/ctm-research/lib/python3.10/site-packages/matplotlib/_fontconfig_pattern.py:85
  /home/kasm-user/.venvs/ctm-research/lib/python3.10/site-packages/matplotlib/_fontconfig_pattern.py:85: PyparsingDeprecationWarning: 'parseString' deprecated - use 'parse_string'
    parse = parser.parseString(pattern)

../../.venvs/ctm-research/lib/python3.10/site-packages/matplotlib/_fontconfig_pattern.py:89
../../.venvs/ctm-research/lib/python3.10/site-packages/matplotlib/_fontconfig_pattern.py:89
../../.venvs/ctm-research/lib/python3.10/site-packages/matplotlib/_fontconfig_pattern.py:89
../../.venvs/ctm-research/lib/python3.10/site-packages/matplotlib/_fontconfig_pattern.py:89
../../.venvs/ctm-research/lib/python3.10/site-packages/matplotlib/_fontconfig_pattern.py:89
../../.venvs/ctm-research/lib/python3.10/site-packages/matplotlib/_fontconfig_pattern.py:89
  /home/kasm-user/.venvs/ctm-research/lib/python3.10/site-packages/matplotlib/_fontconfig_pattern.py:89: PyparsingDeprecationWarning: 'resetCache' deprecated - use 'reset_cache'
    parser.resetCache()

../../.venvs/ctm-research/lib/python3.10/site-packages/matplotlib/_mathtext.py:45
  /home/kasm-user/.venvs/ctm-research/lib/python3.10/site-packages/matplotlib/_mathtext.py:45: PyparsingDeprecationWarning: 'enablePackrat' deprecated - use 'enable_packrat'
    ParserElement.enablePackrat()

-- Docs: https://docs.pytest.org/en/stable/how-to/capture-warnings.html
26 passed, 14 warnings in 30.33s
...                                                                      [100%]
3 passed, 10 deselected in 16.68s
2026-09-27T03:13:01.362655+00:00 training {"workers": {"cuda:0#2": {"pid": 183158, "cells": ["shuffled_seed67"]}, "cuda:1#3": {"pid": 183159, "cells": ["shuffled_seed61", "nodecay_seed67"]}, "cuda:1#4": {"pid": 183160, "cells": ["shuffled_seed59", "nodecay_seed61", "current_seed67"]}}}
2026-09-27T06:49:29.397189+00:00 training_complete 
2026-09-27T06:49:29.398586+00:00 freezing_final_checkpoints 
Audited 200,000 updates and froze 20 final checkpoints before evaluation.
2026-09-27T06:49:40.124268+00:00 evaluation {"worker_pids": [191690, 191691]}
2026-09-27T06:52:21.053466+00:00 summarizing 
# Sync-RDT mechanism ablations (S3 word problem)

20 ablation runs (4 ablations × 5 seeds [47, 53, 59, 61, 67]) on the S3 study data, paired with its frozen `sync`, `rdt` and `rdt_wide` runs. Correct prefix = leading positions with at least 90% held-out accuracy on length-32 words, at T=16. Development data; no test set.

| Cell | Correct prefix per seed | Median | Mean accuracy, positions 9–16 | Median prefix at T=4/8/16/32 |
|---|---|---:|---:|---|
| sync | 12, 10, 7, 16, 10 | 10 | 77.6% | 3/7/10/11 |
| rdt | 4, 3, 5, 8, 8 | 5 | 43.3% | 2/5/5/5 |
| rdt_wide | 4, 6, 4, 5, 8 | 5 | 36.4% | 3/4/5/5 |
| shuffled | 11, 7, 11, 9, 7 | 9 | 71.7% | 3/6/9/8 |
| nodecay | 11, 5, 15, 16, 11 | 11 | 79.5% | 3/7/11/12 |
| current | 3, 9, 14, 15, 11 | 11 | 73.2% | 4/7/11/11 |
| linear | 6, 3, 4, 3, 3 | 3 | 24.8% | 1/3/3/3 |

## Declared classification

Removes: `sync` exceeds the ablation. Preserves: the ablation exceeds both `rdt` and `rdt_wide`. Otherwise partial. Rule: larger in ≥ 4 of 5 seeds, median difference ≥ 2 positions.

| Ablation | sync vs ablation (larger seeds, median) | ablation vs rdt | ablation vs rdt_wide | Uses steps (T16 vs T4) | Classification |
|---|---|---|---|---|---|
2026-09-27T06:52:26.485273+00:00 complete_pending_documentation_and_archive 
