2026-09-26T11:10:50.022560+00:00 preflight 
........................                                                 [100%]
=============================== warnings summary ===============================
../../.venvs/ctm-research/lib/python3.10/site-packages/matplotlib/_fontconfig_pattern.py:64
  /home/kasm-user/.venvs/ctm-research/lib/python3.10/site-packages/matplotlib/_fontconfig_pattern.py:64: PyparsingDeprecationWarning: 'oneOf' deprecated - use 'one_of'
    prop = Group((name + Suppress("=") + comma_separated(value)) | oneOf(_CONSTANTS))

../../.venvs/ctm-research/lib/python3.10/site-packages/matplotlib/_fontconfig_pattern.py:85
../../.venvs/ctm-research/lib/python3.10/site-packages/matplotlib/_fontconfig_pattern.py:85
../../.venvs/ctm-research/lib/python3.10/site-packages/matplotlib/_fontconfig_pattern.py:85
../../.venvs/ctm-research/lib/python3.10/site-packages/matplotlib/_fontconfig_pattern.py:85
../../.venvs/ctm-research/lib/python3.10/site-packages/matplotlib/_fontconfig_pattern.py:85
../../.venvs/ctm-research/lib/python3.10/site-packages/matplotlib/_fontconfig_pattern.py:85
  /home/kasm-user/.venvs/ctm-research/lib/python3.10/site-packages/matplotlib/_fontconfig_pattern.py:85: PyparsingDeprecationWarning: 'parseString' deprecated - use 'parse_string'
    parse = parser.parseString(pattern)

../../.venvs/ctm-research/lib/python3.10/site-packages/matplotlib/_fontconfig_pattern.py:89
../../.venvs/ctm-research/lib/python3.10/site-packages/matplotlib/_fontconfig_pattern.py:89
../../.venvs/ctm-research/lib/python3.10/site-packages/matplotlib/_fontconfig_pattern.py:89
../../.venvs/ctm-research/lib/python3.10/site-packages/matplotlib/_fontconfig_pattern.py:89
../../.venvs/ctm-research/lib/python3.10/site-packages/matplotlib/_fontconfig_pattern.py:89
../../.venvs/ctm-research/lib/python3.10/site-packages/matplotlib/_fontconfig_pattern.py:89
  /home/kasm-user/.venvs/ctm-research/lib/python3.10/site-packages/matplotlib/_fontconfig_pattern.py:89: PyparsingDeprecationWarning: 'resetCache' deprecated - use 'reset_cache'
    parser.resetCache()

../../.venvs/ctm-research/lib/python3.10/site-packages/matplotlib/_mathtext.py:45
  /home/kasm-user/.venvs/ctm-research/lib/python3.10/site-packages/matplotlib/_mathtext.py:45: PyparsingDeprecationWarning: 'enablePackrat' deprecated - use 'enable_packrat'
    ParserElement.enablePackrat()

-- Docs: https://docs.pytest.org/en/stable/how-to/capture-warnings.html
24 passed, 14 warnings in 28.72s
...                                                                      [100%]
3 passed, 10 deselected in 18.49s
2026-09-26T11:11:43.476077+00:00 training {"workers": {"cuda:0#0": {"pid": 147404, "cells": ["ctm_seed47", "sync_rdt_seed59", "sync_seed47", "rdt_wide_seed53", "rdt_seed59"]}, "cuda:0#1": {"pid": 147405, "cells": ["ctm_seed53", "sync_rdt_seed61", "sync_seed53", "rdt_wide_seed59", "rdt_seed61"]}, "cuda:0#2": {"pid": 147406, "cells": ["ctm_seed59", "sync_rdt_seed67", "sync_seed59", "rdt_wide_seed61", "rdt_seed67"]}, "cuda:1#3": {"pid": 147407, "cells": ["ctm_seed61", "history_seed47", "history_seed61", "sync_seed67", "rdt_seed53"]}, "cuda:1#4": {"pid": 147408, "cells": ["ctm_seed67", "history_seed53", "history_seed67", "rdt_wide_seed47", "rdt_seed47"]}, "cuda:1#5": {"pid": 147409, "cells": ["sync_rdt_seed47", "sync_rdt_seed53", "history_seed59", "sync_seed61", "rdt_wide_seed67", "transformer_seed47", "transformer_seed53", "transformer_seed59", "transformer_seed61", "transformer_seed67"]}}}
2026-09-26T17:09:25.262823+00:00 training_complete 
2026-09-26T17:09:25.264125+00:00 freezing_final_checkpoints 
Audited 350,000 updates and froze 35 final checkpoints before evaluation.
2026-09-26T17:09:47.115757+00:00 evaluation {"worker_pids": [160543, 160544]}
2026-09-26T17:14:06.282072+00:00 summarizing 
# S3 word problem: serial state across architectures

35 runs (7 cells × 5 seeds [47, 53, 59, 61, 67]), 10,000 updates, peak LR 0.0003. Training uses fresh words of lengths 1–16. Evaluation uses 1,024 held-out words of length 32 per seed, labeled at every position. Positions 1–16 are trained lengths; 17–32 are extrapolation. Chance 1/6. **Correct prefix** = number of leading positions with accuracy ≥ 90%. Development data; no test set.

## Primary: correct prefix at the trained step budget (Transformer T=1, others T=16)

| Cell | Parameters | Per seed | Median | Mean accuracy, positions 9–16 | Mean accuracy, positions 17–32 | Train min |
|---|---:|---|---:|---:|---:|---:|
| transformer | 548,660 | 5, 5, 5, 4, 5 | 5 | 33.3% | 16.4% | 5 |
| ctm | 544,839 | 5, 5, 5, 4, 5 | 5 | 33.7% | 15.8% | 102 |
| rdt | 525,984 | 4, 3, 5, 8, 8 | 5 | 43.3% | 16.7% | 52 |
| rdt_wide | 565,900 | 4, 6, 4, 5, 8 | 5 | 36.4% | 16.8% | 57 |
| history | 541,536 | 4, 5, 7, 5, 14 | 5 | 46.7% | 16.5% | 62 |
| sync | 550,688 | 12, 10, 7, 16, 10 | 10 | 77.6% | 16.6% | 61 |
| sync_rdt | 566,240 | 8, 5, 12, 6, 12 | 8 | 59.5% | 16.8% | 70 |

2026-09-26T17:14:13.092630+00:00 complete_pending_documentation_and_archive 
