2026-09-25T19:06:15.358115+00:00 preflight 
................                                                         [100%]
=============================== warnings summary ===============================
../../.venvs/ctm-research/lib/python3.10/site-packages/matplotlib/_fontconfig_pattern.py:64
  /home/kasm-user/.venvs/ctm-research/lib/python3.10/site-packages/matplotlib/_fontconfig_pattern.py:64: PyparsingDeprecationWarning: 'oneOf' deprecated - use 'one_of'
    prop = Group((name + Suppress("=") + comma_separated(value)) | oneOf(_CONSTANTS))

../../.venvs/ctm-research/lib/python3.10/site-packages/matplotlib/_fontconfig_pattern.py:85
../../.venvs/ctm-research/lib/python3.10/site-packages/matplotlib/_fontconfig_pattern.py:85
../../.venvs/ctm-research/lib/python3.10/site-packages/matplotlib/_fontconfig_pattern.py:85
../../.venvs/ctm-research/lib/python3.10/site-packages/matplotlib/_fontconfig_pattern.py:85
../../.venvs/ctm-research/lib/python3.10/site-packages/matplotlib/_fontconfig_pattern.py:85
../../.venvs/ctm-research/lib/python3.10/site-packages/matplotlib/_fontconfig_pattern.py:85
  /home/kasm-user/.venvs/ctm-research/lib/python3.10/site-packages/matplotlib/_fontconfig_pattern.py:85: PyparsingDeprecationWarning: 'parseString' deprecated - use 'parse_string'
    parse = parser.parseString(pattern)

../../.venvs/ctm-research/lib/python3.10/site-packages/matplotlib/_fontconfig_pattern.py:89
../../.venvs/ctm-research/lib/python3.10/site-packages/matplotlib/_fontconfig_pattern.py:89
../../.venvs/ctm-research/lib/python3.10/site-packages/matplotlib/_fontconfig_pattern.py:89
../../.venvs/ctm-research/lib/python3.10/site-packages/matplotlib/_fontconfig_pattern.py:89
../../.venvs/ctm-research/lib/python3.10/site-packages/matplotlib/_fontconfig_pattern.py:89
../../.venvs/ctm-research/lib/python3.10/site-packages/matplotlib/_fontconfig_pattern.py:89
  /home/kasm-user/.venvs/ctm-research/lib/python3.10/site-packages/matplotlib/_fontconfig_pattern.py:89: PyparsingDeprecationWarning: 'resetCache' deprecated - use 'reset_cache'
    parser.resetCache()

../../.venvs/ctm-research/lib/python3.10/site-packages/matplotlib/_mathtext.py:45
  /home/kasm-user/.venvs/ctm-research/lib/python3.10/site-packages/matplotlib/_mathtext.py:45: PyparsingDeprecationWarning: 'enablePackrat' deprecated - use 'enable_packrat'
    ParserElement.enablePackrat()

-- Docs: https://docs.pytest.org/en/stable/how-to/capture-warnings.html
16 passed, 14 warnings in 29.15s
...                                                                      [100%]
3 passed, 10 deselected in 17.87s
2026-09-25T19:07:11.883793+00:00 training {"workers": {"cuda:0#0": {"pid": 109731, "cells": ["rdt_seed71", "history_lowgate_seed73", "rdt_wide_seed79", "sync_rdt_seed83", "sync_seed89"]}, "cuda:0#1": {"pid": 109732, "cells": ["history_seed71", "rdt_seed73", "history_lowgate_seed79", "rdt_wide_seed83", "sync_rdt_seed89"]}, "cuda:0#2": {"pid": 109733, "cells": ["sync_seed71", "history_seed73", "rdt_seed79", "history_lowgate_seed83", "rdt_wide_seed89"]}, "cuda:1#3": {"pid": 109734, "cells": ["sync_rdt_seed71", "sync_seed73", "history_seed79", "rdt_seed83", "history_lowgate_seed89"]}, "cuda:1#4": {"pid": 109735, "cells": ["rdt_wide_seed71", "sync_rdt_seed73", "sync_seed79", "history_seed83", "rdt_seed89"]}, "cuda:1#5": {"pid": 109736, "cells": ["history_lowgate_seed71", "rdt_wide_seed73", "sync_rdt_seed79", "sync_seed83", "history_seed89"]}}}
2026-09-26T00:33:02.751698+00:00 training_complete 
2026-09-26T00:33:02.752835+00:00 freezing_final_checkpoints 
Audited 300,000 updates and froze 30 final checkpoints before evaluation.
2026-09-26T00:33:19.495024+00:00 evaluation {"worker_pids": [122402, 122403]}
2026-09-26T00:33:54.340945+00:00 summarizing 
# Sync-RDT retrieval sample efficiency

30 runs (6 cells × 5 seeds [71, 73, 79, 83, 89]), 10,000 updates each, peak LR 0.0003, identical data per seed across cells. All-keys one-hop MQAR; confidence readout. Position-1 accuracy is leak-free (chance 1/11). Development study; no test set.

## Primary: validation updates to reach position-1 accuracy thresholds

Validation every 250 updates on 256 maps. ">10k": not reached (censored; ranked after every run that reaches it).

| Cell | Parameters | Updates to 50% (per seed) | Median | Updates to 90% (per seed) | Median |
|---|---:|---|---:|---|---:|
| rdt | 525,984 | 7.25k, 2.75k, >10k, 3.75k, >10k | 7.25k | 7.5k, 2.75k, >10k, 3.75k, >10k | 7.5k |
| rdt_wide | 565,900 | 5k, 5k, 6.5k, 4k, 4.75k | 5k | 5.25k, 5k, 6.75k, 4k, 4.75k | 5k |
| history | 541,536 | >10k, 4.5k, 5.75k, 5k, 7.25k | 5.75k | >10k, 4.5k, >10k, 5k, >10k | 10.25k |
| history_lowgate | 541,536 | 7.25k, 2.75k, >10k, 3.75k, >10k | 7.25k | 7.75k, 2.75k, >10k, 3.75k, >10k | 7.75k |
| sync | 550,688 | >10k, 6k, 6k, 3.5k, 10k | 6k | >10k, 6.25k, >10k, 3.5k, >10k | 10.25k |
| sync_rdt | 566,240 | 6.5k, 5k, 4.5k, 5.5k, 7.5k | 5.5k | >10k, 5k, 7k, 5.5k, >10k | 7k |

## Declared decisions (90% threshold)

| Comparison | Earlier seeds (first/second) | Median difference (updates, + favors first) | Favors |
2026-09-26T00:34:00.924202+00:00 complete_pending_documentation_and_archive 
