2026-09-30T16:14:12.037204+00:00 preflight 
..........................                                               [100%]
=============================== warnings summary ===============================
../../.venvs/ctm-research/lib/python3.10/site-packages/matplotlib/_fontconfig_pattern.py:64
  /home/kasm-user/.venvs/ctm-research/lib/python3.10/site-packages/matplotlib/_fontconfig_pattern.py:64: PyparsingDeprecationWarning: 'oneOf' deprecated - use 'one_of'
    prop = Group((name + Suppress("=") + comma_separated(value)) | oneOf(_CONSTANTS))

../../.venvs/ctm-research/lib/python3.10/site-packages/matplotlib/_fontconfig_pattern.py:85
../../.venvs/ctm-research/lib/python3.10/site-packages/matplotlib/_fontconfig_pattern.py:85
../../.venvs/ctm-research/lib/python3.10/site-packages/matplotlib/_fontconfig_pattern.py:85
../../.venvs/ctm-research/lib/python3.10/site-packages/matplotlib/_fontconfig_pattern.py:85
../../.venvs/ctm-research/lib/python3.10/site-packages/matplotlib/_fontconfig_pattern.py:85
../../.venvs/ctm-research/lib/python3.10/site-packages/matplotlib/_fontconfig_pattern.py:85
  /home/kasm-user/.venvs/ctm-research/lib/python3.10/site-packages/matplotlib/_fontconfig_pattern.py:85: PyparsingDeprecationWarning: 'parseString' deprecated - use 'parse_string'
    parse = parser.parseString(pattern)

../../.venvs/ctm-research/lib/python3.10/site-packages/matplotlib/_fontconfig_pattern.py:89
../../.venvs/ctm-research/lib/python3.10/site-packages/matplotlib/_fontconfig_pattern.py:89
../../.venvs/ctm-research/lib/python3.10/site-packages/matplotlib/_fontconfig_pattern.py:89
../../.venvs/ctm-research/lib/python3.10/site-packages/matplotlib/_fontconfig_pattern.py:89
../../.venvs/ctm-research/lib/python3.10/site-packages/matplotlib/_fontconfig_pattern.py:89
../../.venvs/ctm-research/lib/python3.10/site-packages/matplotlib/_fontconfig_pattern.py:89
  /home/kasm-user/.venvs/ctm-research/lib/python3.10/site-packages/matplotlib/_fontconfig_pattern.py:89: PyparsingDeprecationWarning: 'resetCache' deprecated - use 'reset_cache'
    parser.resetCache()

../../.venvs/ctm-research/lib/python3.10/site-packages/matplotlib/_mathtext.py:45
  /home/kasm-user/.venvs/ctm-research/lib/python3.10/site-packages/matplotlib/_mathtext.py:45: PyparsingDeprecationWarning: 'enablePackrat' deprecated - use 'enable_packrat'
    ParserElement.enablePackrat()

-- Docs: https://docs.pytest.org/en/stable/how-to/capture-warnings.html
26 passed, 14 warnings in 22.94s
.....                                                                    [100%]
5 passed, 17 deselected in 13.25s
2026-09-30T16:15:01.447071+00:00 training {"workers": {"cuda:0#0": {"pid": 175543, "cells": ["rdt_rope_fixed_lr1e3_seed347", "rdt_rope_fixed_lr1e3_seed367", "rdt_rope_fixed_lr1e3_seed389", "rdt_rope_fixed_lr1e3_seed419", "rdt_rope_fixed_lr1e3_seed439", "rdt_rope_fixed_lr1e3_seed461", "rdt_rope_fixed_lr1e3_seed487", "rdt_rope_fixed_lr1e3_seed509"]}, "cuda:0#1": {"pid": 175544, "cells": ["rdt_rope_fixed_lr1e3_seed349", "rdt_rope_fixed_lr1e3_seed373", "rdt_rope_fixed_lr1e3_seed397", "rdt_rope_fixed_lr1e3_seed421", "rdt_rope_fixed_lr1e3_seed443", "rdt_rope_fixed_lr1e3_seed463", "rdt_rope_fixed_lr1e3_seed491", "rdt_rope_fixed_lr1e3_seed521"]}, "cuda:1#3": {"pid": 175545, "cells": ["rdt_rope_fixed_lr1e3_seed353", "rdt_rope_fixed_lr1e3_seed379", "rdt_rope_fixed_lr1e3_seed401", "rdt_rope_fixed_lr1e3_seed431", "rdt_rope_fixed_lr1e3_seed449", "rdt_rope_fixed_lr1e3_seed467", "rdt_rope_fixed_lr1e3_seed499"]}, "cuda:1#4": {"pid": 175546, "cells": ["rdt_rope_fixed_lr1e3_seed359", "rdt_rope_fixed_lr1e3_seed383", "rdt_rope_fixed_lr1e3_seed409", "rdt_rope_fixed_lr1e3_seed433", "rdt_rope_fixed_lr1e3_seed457", "rdt_rope_fixed_lr1e3_seed479", "rdt_rope_fixed_lr1e3_seed503"]}}}
2026-10-01T02:23:05.965908+00:00 training_complete 
2026-10-01T02:23:05.966991+00:00 freezing_final_checkpoints 
Audited 300,000 updates and froze 30 final checkpoints before evaluation.
2026-10-01T02:23:30.183780+00:00 evaluation {"worker_pids": [214182, 214183]}
2026-10-01T02:36:56.198142+00:00 summarizing 
# S3 learning-rate control: fixed depth at the randomized-depth learning rate

Fixed-depth RoPE RDT trained at LR 1e-3 on the recipe confirmation's 30 seeds and data, paired with that study's randomized-depth (LR 1e-3) and fixed-depth (LR 6e-4) cells. Escape: mean accuracy over positions 9–16 ≥ 90% at T=16.

| Cell | Escaped | 95% CI | Positions 1–16 (T=16) | Positions 17–24 (T=32) | Median prefix T=4/8/16/32/48/64 |
|---|---:|---|---:|---:|---|
| randomized depth, LR 1e-3 (recipe study) | 24/30 | 61.4%–92.3% | 95.8% | 43.2% | 10/15/15/15/15/15 |
| fixed depth, LR 1e-3 (this study) | 1/30 | 0.1%–17.2% | 84.1% | 29.6% | 3/7/8/8/8/8 |
| fixed depth, LR 6e-4 (recipe study) | 0/30 | 0.0%–11.6% | 81.5% | 24.2% | 3/7/8/8/8/8 |
2026-10-01T02:37:04.408279+00:00 complete_pending_documentation_and_archive 
